
 Start         Length     Name                   Class
 0001:00000000 00002978H .text                   CODE
 0002:00000000 00000050H .data                   DATA
 0002:00000050 00000055H .bss                    BSS


Detailed map of segments

 0001:00000000 000000E6 C=CODE     S=.text    G=(none)   M=System   ACBP=A9
 0001:000000E8 000001EC C=CODE     S=.text    G=(none)   M=SysInit  ACBP=A9
 0001:000002D4 00000090 C=CODE     S=.text    G=(none)   M=FxDConst ACBP=A9
 0001:00000364 00000026 C=CODE     S=.text    G=(none)   M=DesignIntf ACBP=A9
 0001:0000038C 000000EE C=CODE     S=.text    G=(none)   M=Controls ACBP=A9
 0001:0000047C 0000000E C=CODE     S=.text    G=(none)   M=ActnList ACBP=A9
 0001:0000048C 0000000E C=CODE     S=.text    G=(none)   M=Contnrs  ACBP=A9
 0001:0000049C 0000004E C=CODE     S=.text    G=(none)   M=Classes  ACBP=A9
 0001:000004EC 0000000E C=CODE     S=.text    G=(none)   M=ActiveX  ACBP=A9
 0001:000004FC 00000038 C=CODE     S=.text    G=(none)   M=Windows  ACBP=A9
 0001:00000534 0000000E C=CODE     S=.text    G=(none)   M=Types    ACBP=A9
 0001:00000544 00000038 C=CODE     S=.text    G=(none)   M=Messages ACBP=A9
 0001:0000057C 0000000E C=CODE     S=.text    G=(none)   M=TypInfo  ACBP=A9
 0001:0000058C 00000016 C=CODE     S=.text    G=(none)   M=SysUtils ACBP=A9
 0001:000005A4 0000000E C=CODE     S=.text    G=(none)   M=SysConst ACBP=A9
 0001:000005B4 0000000E C=CODE     S=.text    G=(none)   M=Variants ACBP=A9
 0001:000005C4 0000000E C=CODE     S=.text    G=(none)   M=VarUtils ACBP=A9
 0001:000005D4 0000000E C=CODE     S=.text    G=(none)   M=RTLConsts ACBP=A9
 0001:000005E4 0000000E C=CODE     S=.text    G=(none)   M=Math     ACBP=A9
 0001:000005F4 0000000E C=CODE     S=.text    G=(none)   M=ImgList  ACBP=A9
 0001:00000604 00000038 C=CODE     S=.text    G=(none)   M=CommCtrl ACBP=A9
 0001:0000063C 0000000E C=CODE     S=.text    G=(none)   M=Graphics ACBP=A9
 0001:0000064C 0000000E C=CODE     S=.text    G=(none)   M=Consts   ACBP=A9
 0001:0000065C 00000126 C=CODE     S=.text    G=(none)   M=Forms    ACBP=A9
 0001:00000784 0000000E C=CODE     S=.text    G=(none)   M=HelpIntfs ACBP=A9
 0001:00000794 0000000E C=CODE     S=.text    G=(none)   M=MultiMon ACBP=A9
 0001:000007A4 00000038 C=CODE     S=.text    G=(none)   M=Imm      ACBP=A9
 0001:000007DC 0000000E C=CODE     S=.text    G=(none)   M=Menus    ACBP=A9
 0001:000007EC 0000000E C=CODE     S=.text    G=(none)   M=Themes   ACBP=A9
 0001:000007FC 0000000E C=CODE     S=.text    G=(none)   M=UxTheme  ACBP=A9
 0001:0000080C 0000000E C=CODE     S=.text    G=(none)   M=SyncObjs ACBP=A9
 0001:0000081C 0000000E C=CODE     S=.text    G=(none)   M=ComCtrls ACBP=A9
 0001:0000082C 00000038 C=CODE     S=.text    G=(none)   M=ShlObj   ACBP=A9
 0001:00000864 00000038 C=CODE     S=.text    G=(none)   M=UrlMon   ACBP=A9
 0001:0000089C 00000038 C=CODE     S=.text    G=(none)   M=WinInet  ACBP=A9
 0001:000008D4 00000038 C=CODE     S=.text    G=(none)   M=RegStr   ACBP=A9
 0001:0000090C 00000038 C=CODE     S=.text    G=(none)   M=ShellAPI ACBP=A9
 0001:00000944 0000000E C=CODE     S=.text    G=(none)   M=ListActns ACBP=A9
 0001:00000954 0000000E C=CODE     S=.text    G=(none)   M=ExtCtrls ACBP=A9
 0001:00000964 00000016 C=CODE     S=.text    G=(none)   M=StdCtrls ACBP=A9
 0001:0000097C 0000000E C=CODE     S=.text    G=(none)   M=WinHelpViewer ACBP=A9
 0001:0000098C 0000000E C=CODE     S=.text    G=(none)   M=StdActns ACBP=A9
 0001:0000099C 0000000E C=CODE     S=.text    G=(none)   M=Dialogs  ACBP=A9
 0001:000009AC 0000000E C=CODE     S=.text    G=(none)   M=Printers ACBP=A9
 0001:000009BC 00000038 C=CODE     S=.text    G=(none)   M=WinSpool ACBP=A9
 0001:000009F4 00000038 C=CODE     S=.text    G=(none)   M=CommDlg  ACBP=A9
 0001:00000A2C 00000038 C=CODE     S=.text    G=(none)   M=Dlgs     ACBP=A9
 0001:00000A64 0000000E C=CODE     S=.text    G=(none)   M=StrUtils ACBP=A9
 0001:00000A74 0000000E C=CODE     S=.text    G=(none)   M=Clipbrd  ACBP=A9
 0001:00000A84 0000000E C=CODE     S=.text    G=(none)   M=FlatSB   ACBP=A9
 0001:00000A94 0000000E C=CODE     S=.text    G=(none)   M=ToolWin  ACBP=A9
 0001:00000AA4 00000038 C=CODE     S=.text    G=(none)   M=RichEdit ACBP=A9
 0001:00000ADC 0000000E C=CODE     S=.text    G=(none)   M=ExtActns ACBP=A9
 0001:00000AEC 0000000E C=CODE     S=.text    G=(none)   M=Registry ACBP=A9
 0001:00000AFC 0000000E C=CODE     S=.text    G=(none)   M=IniFiles ACBP=A9
 0001:00000B0C 0000000E C=CODE     S=.text    G=(none)   M=ExtDlgs  ACBP=A9
 0001:00000B1C 0000000E C=CODE     S=.text    G=(none)   M=Buttons  ACBP=A9
 0001:00000B2C 0000000E C=CODE     S=.text    G=(none)   M=Mapi     ACBP=A9
 0001:00000B3C 0000000E C=CODE     S=.text    G=(none)   M=ComStrs  ACBP=A9
 0001:00000B4C 0000000E C=CODE     S=.text    G=(none)   M=DesignMenus ACBP=A9
 0001:00000B5C 000000CE C=CODE     S=.text    G=(none)   M=DesignEditors ACBP=A9
 0001:00000C2C 0000000E C=CODE     S=.text    G=(none)   M=Proxies  ACBP=A9
 0001:00000C3C 0000000E C=CODE     S=.text    G=(none)   M=DesignConst ACBP=A9
 0001:00000C4C 00000026 C=CODE     S=.text    G=(none)   M=chartreg ACBP=A9
 0001:00000C74 0000000E C=CODE     S=.text    G=(none)   M=TeCanvas ACBP=A9
 0001:00000C84 0000000E C=CODE     S=.text    G=(none)   M=Chart    ACBP=A9
 0001:00000C94 0000000E C=CODE     S=.text    G=(none)   M=TeeFunci ACBP=A9
 0001:00000CA4 0000000E C=CODE     S=.text    G=(none)   M=TeEngine ACBP=A9
 0001:00000CB4 0000000E C=CODE     S=.text    G=(none)   M=TeeProcs ACBP=A9
 0001:00000CC4 0000000E C=CODE     S=.text    G=(none)   M=TeeConst ACBP=A9
 0001:00000CD4 0000000E C=CODE     S=.text    G=(none)   M=PropertyCategories ACBP=A9
 0001:00000CE4 0000000E C=CODE     S=.text    G=(none)   M=Masks    ACBP=A9
 0001:00000CF4 0000000E C=CODE     S=.text    G=(none)   M=TeExport ACBP=A9
 0001:00000D04 0000000E C=CODE     S=.text    G=(none)   M=ShapeEdi ACBP=A9
 0001:00000D14 0000000E C=CODE     S=.text    G=(none)   M=TeeShape ACBP=A9
 0001:00000D24 0000000E C=CODE     S=.text    G=(none)   M=Series   ACBP=A9
 0001:00000D34 0000000E C=CODE     S=.text    G=(none)   M=BrushDlg ACBP=A9
 0001:00000D44 0000000E C=CODE     S=.text    G=(none)   M=PenDlg   ACBP=A9
 0001:00000D54 0000000E C=CODE     S=.text    G=(none)   M=GanttEdi ACBP=A9
 0001:00000D64 0000000E C=CODE     S=.text    G=(none)   M=GanttCh  ACBP=A9
 0001:00000D74 0000000E C=CODE     S=.text    G=(none)   M=TeePoEdi ACBP=A9
 0001:00000D84 0000000E C=CODE     S=.text    G=(none)   M=iEdiSeri ACBP=A9
 0001:00000D94 0000000E C=CODE     S=.text    G=(none)   M=iEdiPeri ACBP=A9
 0001:00000DA4 0000000E C=CODE     S=.text    G=(none)   M=AxisIncr ACBP=A9
 0001:00000DB4 0000000E C=CODE     S=.text    G=(none)   M=TeeLisB  ACBP=A9
 0001:00000DC4 0000000E C=CODE     S=.text    G=(none)   M=TeeGally ACBP=A9
 0001:00000DD4 0000000E C=CODE     S=.text    G=(none)   M=Arrowedi ACBP=A9
 0001:00000DE4 0000000E C=CODE     S=.text    G=(none)   M=ArrowCha ACBP=A9
 0001:00000DF4 0000000E C=CODE     S=.text    G=(none)   M=BubbleCh ACBP=A9
 0001:00000E04 0000000E C=CODE     S=.text    G=(none)   M=FLineEdi ACBP=A9
 0001:00000E14 0000000E C=CODE     S=.text    G=(none)   M=BarEdit  ACBP=A9
 0001:00000E24 0000000E C=CODE     S=.text    G=(none)   M=Areaedit ACBP=A9
 0001:00000E34 0000000E C=CODE     S=.text    G=(none)   M=PieEdit  ACBP=A9
 0001:00000E44 0000000E C=CODE     S=.text    G=(none)   M=CustEdit ACBP=A9
 0001:00000E54 0000000E C=CODE     S=.text    G=(none)   M=iEdiGene ACBP=A9
 0001:00000E64 0000000E C=CODE     S=.text    G=(none)   M=TeeStore ACBP=A9
 0001:00000E74 0000000E C=CODE     S=.text    G=(none)   M=TeePrevi ACBP=A9
 0001:00000E84 0000000E C=CODE     S=.text    G=(none)   M=iEditCha ACBP=A9
 0001:00000E94 0000000E C=CODE     S=.text    G=(none)   M=Axmaxmin ACBP=A9
 0001:00000EA4 0000000E C=CODE     S=.text    G=(none)   M=iEdi3D   ACBP=A9
 0001:00000EB4 0000000E C=CODE     S=.text    G=(none)   M=iEdiPage ACBP=A9
 0001:00000EC4 0000000E C=CODE     S=.text    G=(none)   M=iEdiWall ACBP=A9
 0001:00000ED4 0000000E C=CODE     S=.text    G=(none)   M=iEdiTitl ACBP=A9
 0001:00000EE4 0000000E C=CODE     S=.text    G=(none)   M=iEdiPane ACBP=A9
 0001:00000EF4 0000000E C=CODE     S=.text    G=(none)   M=iEdiLege ACBP=A9
 0001:00000F04 0000000E C=CODE     S=.text    G=(none)   M=iEdiAxis ACBP=A9
 0001:00000F14 0000000E C=CODE     S=.text    G=(none)   M=TeeAbout ACBP=A9
 0001:00000F24 0000000E C=CODE     S=.text    G=(none)   M=DbEditCh ACBP=A9
 0001:00000F34 0000000E C=CODE     S=.text    G=(none)   M=DbChart  ACBP=A9
 0001:00000F44 0000000E C=CODE     S=.text    G=(none)   M=DB       ACBP=A9
 0001:00000F54 0000000E C=CODE     S=.text    G=(none)   M=FMTBcd   ACBP=A9
 0001:00000F64 0000000E C=CODE     S=.text    G=(none)   M=DBConsts ACBP=A9
 0001:00000F74 0000000E C=CODE     S=.text    G=(none)   M=SqlTimSt ACBP=A9
 0001:00000F84 0000000E C=CODE     S=.text    G=(none)   M=DateUtils ACBP=A9
 0001:00000F94 0000000E C=CODE     S=.text    G=(none)   M=MaskUtils ACBP=A9
 0001:00000FA4 0000000E C=CODE     S=.text    G=(none)   M=ComObj   ACBP=A9
 0001:00000FB4 0000000E C=CODE     S=.text    G=(none)   M=ComConst ACBP=A9
 0001:00000FC4 00000016 C=CODE     S=.text    G=(none)   M=EditChar ACBP=A9
 0001:00000FDC 0000001E C=CODE     S=.text    G=(none)   M=DBReg    ACBP=A9
 0001:00000FFC 0000000E C=CODE     S=.text    G=(none)   M=DSDesign ACBP=A9
 0001:0000100C 0000000E C=CODE     S=.text    G=(none)   M=DrpCtrls ACBP=A9
 0001:0000101C 00000056 C=CODE     S=.text    G=(none)   M=DesignWindows ACBP=A9
 0001:00001074 0000000E C=CODE     S=.text    G=(none)   M=ComponentDesigner ACBP=A9
 0001:00001084 0000000E C=CODE     S=.text    G=(none)   M=EditIntf ACBP=A9
 0001:00001094 0000000E C=CODE     S=.text    G=(none)   M=VirtIntf ACBP=A9
 0001:000010A4 0000000E C=CODE     S=.text    G=(none)   M=Events   ACBP=A9
 0001:000010B4 0000000E C=CODE     S=.text    G=(none)   M=ToolUtils ACBP=A9
 0001:000010C4 0000000E C=CODE     S=.text    G=(none)   M=ToolsAPI ACBP=A9
 0001:000010D4 0000000E C=CODE     S=.text    G=(none)   M=Update   ACBP=A9
 0001:000010E4 0000000E C=CODE     S=.text    G=(none)   M=LibConst ACBP=A9
 0001:000010F4 0000000E C=CODE     S=.text    G=(none)   M=Designer ACBP=A9
 0001:00001104 0000000E C=CODE     S=.text    G=(none)   M=StFilSys ACBP=A9
 0001:00001114 0000000E C=CODE     S=.text    G=(none)   M=IStreams ACBP=A9
 0001:00001124 0000000E C=CODE     S=.text    G=(none)   M=AxCtrls  ACBP=A9
 0001:00001134 0000000E C=CODE     S=.text    G=(none)   M=StdVCL   ACBP=A9
 0001:00001144 0000000E C=CODE     S=.text    G=(none)   M=TopLevels ACBP=A9
 0001:00001154 0000000E C=CODE     S=.text    G=(none)   M=TreeIntf ACBP=A9
 0001:00001164 0000000E C=CODE     S=.text    G=(none)   M=VCLEditors ACBP=A9
 0001:00001174 0000000E C=CODE     S=.text    G=(none)   M=DsnDBCst ACBP=A9
 0001:00001184 0000000E C=CODE     S=.text    G=(none)   M=DBCtrls  ACBP=A9
 0001:00001194 0000000E C=CODE     S=.text    G=(none)   M=Mask     ACBP=A9
 0001:000011A4 0000000E C=CODE     S=.text    G=(none)   M=VDBConsts ACBP=A9
 0001:000011B4 0000000E C=CODE     S=.text    G=(none)   M=DBPWDlg  ACBP=A9
 0001:000011C4 0000000E C=CODE     S=.text    G=(none)   M=DBLogDlg ACBP=A9
 0001:000011D4 0000000E C=CODE     S=.text    G=(none)   M=DSDefine ACBP=A9
 0001:000011E4 0000000E C=CODE     S=.text    G=(none)   M=LibHelp  ACBP=A9
 0001:000011F4 0000000E C=CODE     S=.text    G=(none)   M=DSAdd    ACBP=A9
 0001:00001204 0000000E C=CODE     S=.text    G=(none)   M=DBGrids  ACBP=A9
 0001:00001214 0000000E C=CODE     S=.text    G=(none)   M=Grids    ACBP=A9
 0001:00001224 0000000E C=CODE     S=.text    G=(none)   M=DBColnEd ACBP=A9
 0001:00001234 0000000E C=CODE     S=.text    G=(none)   M=ToolWnds ACBP=A9
 0001:00001244 0000000E C=CODE     S=.text    G=(none)   M=ActnPopup ACBP=A9
 0001:00001254 0000000E C=CODE     S=.text    G=(none)   M=ActnCtrls ACBP=A9
 0001:00001264 0000000E C=CODE     S=.text    G=(none)   M=GraphUtil ACBP=A9
 0001:00001274 0000000E C=CODE     S=.text    G=(none)   M=ActnMan  ACBP=A9
 0001:00001284 0000000E C=CODE     S=.text    G=(none)   M=ActnColorMaps ACBP=A9
 0001:00001294 0000000E C=CODE     S=.text    G=(none)   M=ActnMenus ACBP=A9
 0001:000012A4 0000000E C=CODE     S=.text    G=(none)   M=ShadowWnd ACBP=A9
 0001:000012B4 00000038 C=CODE     S=.text    G=(none)   M=MMSystem ACBP=A9
 0001:000012EC 0000000E C=CODE     S=.text    G=(none)   M=XPActnCtrls ACBP=A9
 0001:000012FC 0000000E C=CODE     S=.text    G=(none)   M=ColnEdit ACBP=A9
 0001:0000130C 0000000E C=CODE     S=.text    G=(none)   M=DBActRes ACBP=A9
 0001:0000131C 0000000E C=CODE     S=.text    G=(none)   M=DBActns  ACBP=A9
 0001:0000132C 00000026 C=CODE     S=.text    G=(none)   M=FxGrid   ACBP=A9
 0001:00001354 0000000E C=CODE     S=.text    G=(none)   M=FxArrays ACBP=A9
 0001:00001364 0000000E C=CODE     S=.text    G=(none)   M=FxConsts ACBP=A9
 0001:00001374 00000026 C=CODE     S=.text    G=(none)   M=FxDB     ACBP=A9
 0001:0000139C 0000000E C=CODE     S=.text    G=(none)   M=FxStore  ACBP=A9
 0001:000013AC 0000000E C=CODE     S=.text    G=(none)   M=DBCommon ACBP=A9
 0001:000013BC 0000000E C=CODE     S=.text    G=(none)   M=FxCache  ACBP=A9
 0001:000013CC 0000000E C=CODE     S=.text    G=(none)   M=FxCommon ACBP=A9
 0001:000013DC 00000026 C=CODE     S=.text    G=(none)   M=FxMap    ACBP=A9
 0001:00001404 0000000E C=CODE     S=.text    G=(none)   M=FxBin    ACBP=A9
 0001:00001414 0000000E C=CODE     S=.text    G=(none)   M=FxPBar   ACBP=A9
 0001:00001424 0000000E C=CODE     S=.text    G=(none)   M=FxExpr   ACBP=A9
 0001:00001434 00000016 C=CODE     S=.text    G=(none)   M=FxDCube  ACBP=A9
 0001:0000144C 0000000E C=CODE     S=.text    G=(none)   M=FxButton ACBP=A9
 0001:0000145C 0000000E C=CODE     S=.text    G=(none)   M=FxPivSrc ACBP=A9
 0001:0000146C 0000000E C=CODE     S=.text    G=(none)   M=ValEdit  ACBP=A9
 0001:0000147C 0000000E C=CODE     S=.text    G=(none)   M=DBTables ACBP=A9
 0001:0000148C 0000000E C=CODE     S=.text    G=(none)   M=SMINTF   ACBP=A9
 0001:0000149C 0000000E C=CODE     S=.text    G=(none)   M=BDE      ACBP=A9
 0001:000014AC 0000000E C=CODE     S=.text    G=(none)   M=bdeconst ACBP=A9
 0001:000014BC 0000000E C=CODE     S=.text    G=(none)   M=FxGraph  ACBP=A9
 0001:000014CC 000005D4 C=CODE     S=.text    G=(none)   M=FxDimEdt ACBP=A9
 0001:00001AA0 0000000E C=CODE     S=.text    G=(none)   M=FxDimPager ACBP=A9
 0001:00001AB0 0000000E C=CODE     S=.text    G=(none)   M=FxHtml   ACBP=A9
 0001:00001AC0 000008A0 C=CODE     S=.text    G=(none)   M=FxReg    ACBP=A9
 0001:00002360 00000615 C=CODE     S=.text    G=(none)   M=dclfds70 ACBP=A9
 0002:00000000 0000002C C=DATA     S=.data    G=DGROUP   M=SysInit  ACBP=A9
 0002:00001000 00000010 C=BSS      S=.bss     G=DGROUP   M=SysInit  ACBP=A9
 0002:00001010 00000004 C=BSS      S=.bss     G=DGROUP   M=FxDConst ACBP=A9
 0002:00001014 00000004 C=BSS      S=.bss     G=DGROUP   M=Windows  ACBP=A9
 0002:00001018 00000004 C=BSS      S=.bss     G=DGROUP   M=Messages ACBP=A9
 0002:0000101C 00000004 C=BSS      S=.bss     G=DGROUP   M=CommCtrl ACBP=A9
 0002:00001020 00000004 C=BSS      S=.bss     G=DGROUP   M=Imm      ACBP=A9
 0002:00001024 00000004 C=BSS      S=.bss     G=DGROUP   M=ShlObj   ACBP=A9
 0002:00001028 00000004 C=BSS      S=.bss     G=DGROUP   M=UrlMon   ACBP=A9
 0002:0000102C 00000004 C=BSS      S=.bss     G=DGROUP   M=WinInet  ACBP=A9
 0002:00001030 00000004 C=BSS      S=.bss     G=DGROUP   M=RegStr   ACBP=A9
 0002:00001034 00000004 C=BSS      S=.bss     G=DGROUP   M=ShellAPI ACBP=A9
 0002:00001038 00000004 C=BSS      S=.bss     G=DGROUP   M=WinSpool ACBP=A9
 0002:0000103C 00000004 C=BSS      S=.bss     G=DGROUP   M=CommDlg  ACBP=A9
 0002:00001040 00000004 C=BSS      S=.bss     G=DGROUP   M=Dlgs     ACBP=A9
 0002:00001044 00000004 C=BSS      S=.bss     G=DGROUP   M=RichEdit ACBP=A9
 0002:00001048 00000004 C=BSS      S=.bss     G=DGROUP   M=MMSystem ACBP=A9
 0002:0000104C 00000004 C=BSS      S=.bss     G=DGROUP   M=FxDimEdt ACBP=A9
 0002:00001050 00000004 C=BSS      S=.bss     G=DGROUP   M=FxReg    ACBP=A9


  Address         Publics by Name

 0002:00001028       .1
 0002:00001024       .1
 0002:00001018       .1
 0002:0000101C       .1
 0002:0000103C       .1
 0002:00001008       .1
 0002:00001040       .1
 0002:00001020       .1
 0002:00001034       .1
 0002:00001030       .1
 0002:0000102C       .1
 0002:00001010       .1
 0002:00001044       .1
 0002:0000104C       .2
 0002:00001050       .2
 0002:00001038       .3
 0002:00001014       .3
 0002:00001048       .7
 0001:00002950       @GetPackageInfoTable
 0001:00000220       @InitPkg
 0001:00002958       @PackageLoad
 0001:00000284       @PackageLoad
 0001:00002964       @PackageUnload
 0001:00000290       @PackageUnload
 0001:00000120       AllocTlsBuffer
 0001:00000634       CommCtrl
 0001:00000A24       CommDlg
 0001:00002970       dclfds70
 0001:00000A5C       Dlgs
 0001:000001CC       ExitProcessTLS
 0001:000001A4       ExitThreadTLS
 0001:000009BC       Finalization
 0001:00000A2C       Finalization
 0001:000004FC       Finalization
 0001:00000544       Finalization
 0001:0000090C       Finalization
 0001:00000604       Finalization
 0001:000008D4       Finalization
 0001:000007A4       Finalization
 0001:0000089C       Finalization
 0001:00002328       Finalization
 0001:0000082C       Finalization
 0001:00000AA4       Finalization
 0001:00001A68       Finalization
 0001:00000864       Finalization
 0001:0000032C       Finalization
 0001:000009F4       Finalization
 0001:000012B4       Finalization
 0001:0000029C       Finalization
 0001:000000E8       FreeLibrary
 0001:0000035C       FxDConst
 0001:00001A98       FxDimEdt
 0001:00002358       FxReg
 0001:0000012C       GetTlsSize
 0002:00001004       HInstance
 0001:000007D4       Imm
 0001:000001F0       InitializeModule
 0001:00000178       InitProcessTLS
 0001:00000134       InitThreadTLS
 0001:000000F0       LocalAlloc
 0001:000000F8       LocalFree
 0001:00000574       Messages
 0001:000012E4       MMSystem
 0002:00000004       Module
 0002:00001000       ModuleIsLib
 0002:00001001       ModuleIsPackage
 0001:000020B8       Register
 0001:00000904       RegStr
 0001:00000AD4       RichEdit
 0001:0000093C       ShellAPI
 0001:0000085C       ShlObj
 0001:000016BC       ShowDisplayDimEditor
 0001:000002CC       SysInit
 0001:00001CE8       TCubeEditor.Edit
 0001:00001CEC       TCubeEditor.ExecuteVerb
 0001:00001D10       TCubeEditor.GetVerb
 0001:00001D24       TCubeEditor.GetVerbCount
 0001:00001F44       TDecisionGridDimsProperty.Edit
 0001:00001EA8       TDecisionGridDimsProperty.GetAttributes
 0001:00001EB4       TDecisionGridDimsProperty.GetValue
 0001:000017E8       TDimEditor.Activated
 0001:00001A28       TDimEditor.DesignerClosed
 0001:00001A60       TDimEditor.DimListBox1Click
 0001:00001A18       TDimEditor.ItemDeleted
 0001:00001A4C       TDimEditor.ItemsModified
 0001:00001800       TDimEditor.UniqueName
 0001:000018E4       TDimEditor.UpdateList
 0001:00001824       TDimEditor.UpdateSelection
 0001:00001D2C       TDSSChartCompEditor.Edit
 0001:000022C0       TFxMapFieldProperty.GetValueList
 0001:000022F8       TFxMapLookupFieldProperty.GetValueList
 0001:00001DAC       TGridEditor.ExecuteVerb
 0001:00001DE0       TGridEditor.GetVerb
 0001:00001DF8       TGridEditor.GetVerbCount
 0001:00000100       TlsAlloc
 0002:0000100C       tlsBuffer
 0001:00000108       TlsFree
 0001:00000110       TlsGetValue
 0002:00000000       TlsIndex
 0002:AFA6C000       TlsLast
 0002:0000001C       TlsProc
 0001:00000118       TlsSetValue
 0001:00001BE0       TSourceEditor.ExecuteVerb
 0001:00001C24       TSourceEditor.GetVerb
 0001:00001C6C       TSourceEditor.GetVerbCount
 0001:000001FC       UninitializeModule
 0001:00000894       UrlMon
 0001:0000052C       Windows
 0001:000008CC       WinInet
 0001:000009EC       WinSpool


  Address         Publics by Value

 0002:AFA6C000       TlsLast
 0001:000000E8       FreeLibrary
 0001:000000F0       LocalAlloc
 0001:000000F8       LocalFree
 0001:00000100       TlsAlloc
 0001:00000108       TlsFree
 0001:00000110       TlsGetValue
 0001:00000118       TlsSetValue
 0001:00000120       AllocTlsBuffer
 0001:0000012C       GetTlsSize
 0001:00000134       InitThreadTLS
 0001:00000178       InitProcessTLS
 0001:000001A4       ExitThreadTLS
 0001:000001CC       ExitProcessTLS
 0001:000001F0       InitializeModule
 0001:000001FC       UninitializeModule
 0001:00000220       @InitPkg
 0001:00000284       @PackageLoad
 0001:00000290       @PackageUnload
 0001:0000029C       Finalization
 0001:000002CC       SysInit
 0001:0000032C       Finalization
 0001:0000035C       FxDConst
 0001:000004FC       Finalization
 0001:0000052C       Windows
 0001:00000544       Finalization
 0001:00000574       Messages
 0001:00000604       Finalization
 0001:00000634       CommCtrl
 0001:000007A4       Finalization
 0001:000007D4       Imm
 0001:0000082C       Finalization
 0001:0000085C       ShlObj
 0001:00000864       Finalization
 0001:00000894       UrlMon
 0001:0000089C       Finalization
 0001:000008CC       WinInet
 0001:000008D4       Finalization
 0001:00000904       RegStr
 0001:0000090C       Finalization
 0001:0000093C       ShellAPI
 0001:000009BC       Finalization
 0001:000009EC       WinSpool
 0001:000009F4       Finalization
 0001:00000A24       CommDlg
 0001:00000A2C       Finalization
 0001:00000A5C       Dlgs
 0001:00000AA4       Finalization
 0001:00000AD4       RichEdit
 0001:000012B4       Finalization
 0001:000012E4       MMSystem
 0001:000016BC       ShowDisplayDimEditor
 0001:000017E8       TDimEditor.Activated
 0001:00001800       TDimEditor.UniqueName
 0001:00001824       TDimEditor.UpdateSelection
 0001:000018E4       TDimEditor.UpdateList
 0001:00001A18       TDimEditor.ItemDeleted
 0001:00001A28       TDimEditor.DesignerClosed
 0001:00001A4C       TDimEditor.ItemsModified
 0001:00001A60       TDimEditor.DimListBox1Click
 0001:00001A68       Finalization
 0001:00001A98       FxDimEdt
 0001:00001BE0       TSourceEditor.ExecuteVerb
 0001:00001C24       TSourceEditor.GetVerb
 0001:00001C6C       TSourceEditor.GetVerbCount
 0001:00001CE8       TCubeEditor.Edit
 0001:00001CEC       TCubeEditor.ExecuteVerb
 0001:00001D10       TCubeEditor.GetVerb
 0001:00001D24       TCubeEditor.GetVerbCount
 0001:00001D2C       TDSSChartCompEditor.Edit
 0001:00001DAC       TGridEditor.ExecuteVerb
 0001:00001DE0       TGridEditor.GetVerb
 0001:00001DF8       TGridEditor.GetVerbCount
 0001:00001EA8       TDecisionGridDimsProperty.GetAttributes
 0001:00001EB4       TDecisionGridDimsProperty.GetValue
 0001:00001F44       TDecisionGridDimsProperty.Edit
 0001:000020B8       Register
 0001:000022C0       TFxMapFieldProperty.GetValueList
 0001:000022F8       TFxMapLookupFieldProperty.GetValueList
 0001:00002328       Finalization
 0001:00002358       FxReg
 0001:00002950       @GetPackageInfoTable
 0001:00002958       @PackageLoad
 0001:00002964       @PackageUnload
 0001:00002970       dclfds70
 0002:00000000       TlsIndex
 0002:00000004       Module
 0002:0000001C       TlsProc
 0002:00001000       ModuleIsLib
 0002:00001001       ModuleIsPackage
 0002:00001004       HInstance
 0002:00001008       .1
 0002:0000100C       tlsBuffer
 0002:00001010       .1
 0002:00001014       .3
 0002:00001018       .1
 0002:0000101C       .1
 0002:00001020       .1
 0002:00001024       .1
 0002:00001028       .1
 0002:0000102C       .1
 0002:00001030       .1
 0002:00001034       .1
 0002:00001038       .3
 0002:0000103C       .1
 0002:00001040       .1
 0002:00001044       .1
 0002:00001048       .7
 0002:0000104C       .2
 0002:00001050       .2


Line numbers for FxDConst(Src\FxDConst.pas) segment .text

    28 0001:0000035C    28 0001:00000363

Line numbers for FxDimEdt(Src\FxDimEdt.pas) segment .text

    47 0001:000016BC    48 0001:000016DA    49 0001:000016F0    50 0001:00001702
    51 0001:0000171D    52 0001:00001723    53 0001:0000173A    55 0001:0000174B
    56 0001:00001757    58 0001:00001770    60 0001:00001781    61 0001:0000178A
    65 0001:000017A1    66 0001:000017A8    67 0001:000017D1    70 0001:000017E8
    71 0001:000017EB    72 0001:000017F6    73 0001:000017FD    76 0001:00001800
    77 0001:00001803    78 0001:0000180F    85 0001:00001824    86 0001:00001843
    87 0001:00001847    89 0001:00001853    90 0001:0000185B    91 0001:00001864
    92 0001:00001879    94 0001:00001886    95 0001:0000188A    96 0001:000018A4
    91 0001:000018A5    98 0001:000018A8    99 0001:000018AE   100 0001:000018DC
   105 0001:000018E4   106 0001:000018FE   107 0001:0000190B   108 0001:00001919
   110 0001:00001932   111 0001:00001947   112 0001:00001970   113 0001:00001985
   115 0001:000019AB   116 0001:000019DA   108 0001:000019DB   117 0001:00001A04
   121 0001:00001A18   122 0001:00001A25   125 0001:00001A28   126 0001:00001A2E
   127 0001:00001A47   130 0001:00001A4C   131 0001:00001A4F   132 0001:00001A56
   133 0001:00001A5D   137 0001:00001A60   138 0001:00001A65   140 0001:00001A98
   140 0001:00001A9F

Line numbers for FxReg(Src\FxReg.pas) segment .text

    45 0001:00001BE0    46 0001:00001BE6    47 0001:00001BF6    50 0001:00001BFB
    51 0001:00001C0E    54 0001:00001C1E    59 0001:00001C24    60 0001:00001C2D
    61 0001:00001C3D    64 0001:00001C42    65 0001:00001C4D    67 0001:00001C5B
    70 0001:00001C67    74 0001:00001C6C    75 0001:00001C71    93 0001:00001CE8
    98 0001:00001CEC    99 0001:00001CF2   100 0001:00001D00   101 0001:00001D05
   104 0001:00001D0A   107 0001:00001D10   108 0001:00001D13   109 0001:00001D1F
   113 0001:00001D24   114 0001:00001D29   120 0001:00001D2C   121 0001:00001D36
   136 0001:00001DAC   137 0001:00001DB2   138 0001:00001DC2   139 0001:00001DC7
   141 0001:00001DDA   144 0001:00001DE0   145 0001:00001DE3   146 0001:00001DE8
   148 0001:00001DF4   152 0001:00001DF8   153 0001:00001DFD   167 0001:00001EA8
   168 0001:00001EAE   171 0001:00001EB4   172 0001:00001ED3   173 0001:00001F27
   176 0001:00001F44   177 0001:00001F47   178 0001:00001F65   218 0001:000020B8
   219 0001:000020D1   223 0001:00002136   227 0001:00002185   228 0001:00002195
   229 0001:000021A5   230 0001:000021B5   232 0001:000021C5   234 0001:000021E0
   235 0001:000021F4   236 0001:0000220F   237 0001:0000222A   238 0001:00002262
   245 0001:000022C0   246 0001:000022C6   247 0001:000022E4   248 0001:000022E8
   249 0001:000022F2   256 0001:000022F8   257 0001:000022FE   258 0001:00002315
   259 0001:00002319   260 0001:00002323   262 0001:00002358   262 0001:0000235F

Line numbers for dclfds70(dclfds70.dpk) segment .text

    41 0001:00002970

Bound resource files

Lib70\FxDimEdt.dfm
dclfds70.res
Src\FxReg.dcr
C:\DOCUME~1\john07\LOCALS~1\Temp\dtf39C.tmp


Program entry point at 0001:00002970
