
 Start         Length     Name                   Class
 0001:00000000 0002C33CH .text                   CODE
 0002:00000000 00000410H .data                   DATA
 0002:00000410 000000C1H .bss                    BSS


Detailed map of segments

 0001:00000000 000003AE C=CODE     S=.text    G=(none)   M=System   ACBP=A9
 0001:000003B0 000001EC C=CODE     S=.text    G=(none)   M=SysInit  ACBP=A9
 0001:0000059C 000000A0 C=CODE     S=.text    G=(none)   M=Windows  ACBP=A9
 0001:0000063C 0000000E C=CODE     S=.text    G=(none)   M=Types    ACBP=A9
 0001:0000064C 0000010E C=CODE     S=.text    G=(none)   M=SysUtils ACBP=A9
 0001:0000075C 0000000E C=CODE     S=.text    G=(none)   M=SysConst ACBP=A9
 0001:0000076C 0000026E C=CODE     S=.text    G=(none)   M=Classes  ACBP=A9
 0001:000009DC 0000000E C=CODE     S=.text    G=(none)   M=ActiveX  ACBP=A9
 0001:000009EC 00000038 C=CODE     S=.text    G=(none)   M=Messages ACBP=A9
 0001:00000A24 0000000E C=CODE     S=.text    G=(none)   M=TypInfo  ACBP=A9
 0001:00000A34 000000C6 C=CODE     S=.text    G=(none)   M=Variants ACBP=A9
 0001:00000AFC 0000000E C=CODE     S=.text    G=(none)   M=VarUtils ACBP=A9
 0001:00000B0C 0000000E C=CODE     S=.text    G=(none)   M=RTLConsts ACBP=A9
 0001:00000B1C 0000001E C=CODE     S=.text    G=(none)   M=Dialogs  ACBP=A9
 0001:00000B3C 00000038 C=CODE     S=.text    G=(none)   M=ShlObj   ACBP=A9
 0001:00000B74 00000038 C=CODE     S=.text    G=(none)   M=UrlMon   ACBP=A9
 0001:00000BAC 00000038 C=CODE     S=.text    G=(none)   M=WinInet  ACBP=A9
 0001:00000BE4 00000038 C=CODE     S=.text    G=(none)   M=RegStr   ACBP=A9
 0001:00000C1C 00000038 C=CODE     S=.text    G=(none)   M=ShellAPI ACBP=A9
 0001:00000C54 00000038 C=CODE     S=.text    G=(none)   M=CommCtrl ACBP=A9
 0001:00000C8C 0000000E C=CODE     S=.text    G=(none)   M=Printers ACBP=A9
 0001:00000C9C 0000015E C=CODE     S=.text    G=(none)   M=Forms    ACBP=A9
 0001:00000DFC 0000000E C=CODE     S=.text    G=(none)   M=HelpIntfs ACBP=A9
 0001:00000E0C 0000000E C=CODE     S=.text    G=(none)   M=Contnrs  ACBP=A9
 0001:00000E1C 0000004E C=CODE     S=.text    G=(none)   M=Math     ACBP=A9
 0001:00000E6C 0000000E C=CODE     S=.text    G=(none)   M=MultiMon ACBP=A9
 0001:00000E7C 0000000E C=CODE     S=.text    G=(none)   M=ActnList ACBP=A9
 0001:00000E8C 00000046 C=CODE     S=.text    G=(none)   M=ImgList  ACBP=A9
 0001:00000ED4 000000E6 C=CODE     S=.text    G=(none)   M=Graphics ACBP=A9
 0001:00000FBC 0000000E C=CODE     S=.text    G=(none)   M=Consts   ACBP=A9
 0001:00000FCC 0000035E C=CODE     S=.text    G=(none)   M=Controls ACBP=A9
 0001:0000132C 00000038 C=CODE     S=.text    G=(none)   M=Imm      ACBP=A9
 0001:00001364 000000F6 C=CODE     S=.text    G=(none)   M=Menus    ACBP=A9
 0001:0000145C 0000000E C=CODE     S=.text    G=(none)   M=WinHelpViewer ACBP=A9
 0001:0000146C 0000000E C=CODE     S=.text    G=(none)   M=StdActns ACBP=A9
 0001:0000147C 00000038 C=CODE     S=.text    G=(none)   M=WinSpool ACBP=A9
 0001:000014B4 000001A6 C=CODE     S=.text    G=(none)   M=StdCtrls ACBP=A9
 0001:0000165C 00000038 C=CODE     S=.text    G=(none)   M=CommDlg  ACBP=A9
 0001:00001694 00000038 C=CODE     S=.text    G=(none)   M=Dlgs     ACBP=A9
 0001:000016CC 0000006E C=CODE     S=.text    G=(none)   M=ExtCtrls ACBP=A9
 0001:0000173C 00000016 C=CODE     S=.text    G=(none)   M=StrUtils ACBP=A9
 0001:00001754 0000000E C=CODE     S=.text    G=(none)   M=Clipbrd  ACBP=A9
 0001:00001764 0000000E C=CODE     S=.text    G=(none)   M=FlatSB   ACBP=A9
 0001:00001774 0000005E C=CODE     S=.text    G=(none)   M=DB       ACBP=A9
 0001:000017D4 00000046 C=CODE     S=.text    G=(none)   M=FMTBcd   ACBP=A9
 0001:0000181C 0000000E C=CODE     S=.text    G=(none)   M=DBConsts ACBP=A9
 0001:0000182C 00000016 C=CODE     S=.text    G=(none)   M=SqlTimSt ACBP=A9
 0001:00001844 0000001E C=CODE     S=.text    G=(none)   M=DateUtils ACBP=A9
 0001:00001864 0000000E C=CODE     S=.text    G=(none)   M=MaskUtils ACBP=A9
 0001:00001874 0000000E C=CODE     S=.text    G=(none)   M=ComObj   ACBP=A9
 0001:00001884 0000000E C=CODE     S=.text    G=(none)   M=ComConst ACBP=A9
 0001:00001894 0000011E C=CODE     S=.text    G=(none)   M=Grids    ACBP=A9
 0001:000019B4 0000001E C=CODE     S=.text    G=(none)   M=Mask     ACBP=A9
 0001:000019D4 0000000E C=CODE     S=.text    G=(none)   M=SyncObjs ACBP=A9
 0001:000019E4 00004AAB C=CODE     S=.text    G=(none)   M=FxArrays ACBP=A9
 0001:00006490 00000280 C=CODE     S=.text    G=(none)   M=FxConsts ACBP=A9
 0001:00006710 0000000E C=CODE     S=.text    G=(none)   M=DBCommon ACBP=A9
 0001:00006720 0000000E C=CODE     S=.text    G=(none)   M=IniFiles ACBP=A9
 0001:00006730 0000018E C=CODE     S=.text    G=(none)   M=ComCtrls ACBP=A9
 0001:000068C0 0000000E C=CODE     S=.text    G=(none)   M=ListActns ACBP=A9
 0001:000068D0 00000016 C=CODE     S=.text    G=(none)   M=ToolWin  ACBP=A9
 0001:000068E8 00000038 C=CODE     S=.text    G=(none)   M=RichEdit ACBP=A9
 0001:00006920 0000000E C=CODE     S=.text    G=(none)   M=ExtActns ACBP=A9
 0001:00006930 0000000E C=CODE     S=.text    G=(none)   M=Registry ACBP=A9
 0001:00006940 0000000E C=CODE     S=.text    G=(none)   M=ExtDlgs  ACBP=A9
 0001:00006950 00000056 C=CODE     S=.text    G=(none)   M=Buttons  ACBP=A9
 0001:000069A8 0000000E C=CODE     S=.text    G=(none)   M=Mapi     ACBP=A9
 0001:000069B8 0000000E C=CODE     S=.text    G=(none)   M=ComStrs  ACBP=A9
 0001:000069C8 00000E50 C=CODE     S=.text    G=(none)   M=FxStore  ACBP=A9
 0001:00007818 0000225C C=CODE     S=.text    G=(none)   M=FxCache  ACBP=A9
 0001:00009A74 00000B0C C=CODE     S=.text    G=(none)   M=FxPBar   ACBP=A9
 0001:0000A580 000038F0 C=CODE     S=.text    G=(none)   M=FxBin    ACBP=A9
 0001:0000DE70 00004FA8 C=CODE     S=.text    G=(none)   M=FxExpr   ACBP=A9
 0001:00012E18 00002CE0 C=CODE     S=.text    G=(none)   M=FxMap    ACBP=A9
 0001:00015AF8 0000167C C=CODE     S=.text    G=(none)   M=FxCommon ACBP=A9
 0001:00017174 00001C74 C=CODE     S=.text    G=(none)   M=FxPivSrc ACBP=A9
 0001:00018DE8 00001FC4 C=CODE     S=.text    G=(none)   M=FxButton ACBP=A9
 0001:0001ADAC 00005396 C=CODE     S=.text    G=(none)   M=FxGrid   ACBP=A9
 0001:00020144 000000EE C=CODE     S=.text    G=(none)   M=ValEdit  ACBP=A9
 0001:00020234 00001C94 C=CODE     S=.text    G=(none)   M=FxDCube  ACBP=A9
 0001:00021EC8 000032A8 C=CODE     S=.text    G=(none)   M=FxDB     ACBP=A9
 0001:00025170 000000DE C=CODE     S=.text    G=(none)   M=Chart    ACBP=A9
 0001:00025250 0000000E C=CODE     S=.text    G=(none)   M=TeCanvas ACBP=A9
 0001:00025260 0000000E C=CODE     S=.text    G=(none)   M=TeeFunci ACBP=A9
 0001:00025270 000000A6 C=CODE     S=.text    G=(none)   M=TeEngine ACBP=A9
 0001:00025318 000000CE C=CODE     S=.text    G=(none)   M=TeeProcs ACBP=A9
 0001:000253E8 0000000E C=CODE     S=.text    G=(none)   M=TeeConst ACBP=A9
 0001:000253F8 00000016 C=CODE     S=.text    G=(none)   M=Series   ACBP=A9
 0001:00025410 00001F26 C=CODE     S=.text    G=(none)   M=FxGraph  ACBP=A9
 0001:00027338 00002D2A C=CODE     S=.text    G=(none)   M=FxDimPager ACBP=A9
 0001:0002A064 00001FC6 C=CODE     S=.text    G=(none)   M=FxHtml   ACBP=A9
 0001:0002C02C 0000030D C=CODE     S=.text    G=(none)   M=fds60    ACBP=A9
 0002:00000000 00000028 C=DATA     S=.data    G=DGROUP   M=SysInit  ACBP=A9
 0002:00000028 00000098 C=DATA     S=.data    G=DGROUP   M=FxArrays ACBP=A9
 0002:000000C0 00000004 C=DATA     S=.data    G=DGROUP   M=FxPBar   ACBP=A9
 0002:000000C4 0000009F C=DATA     S=.data    G=DGROUP   M=FxBin    ACBP=A9
 0002:00000164 00000120 C=DATA     S=.data    G=DGROUP   M=FxExpr   ACBP=A9
 0002:00000284 00000024 C=DATA     S=.data    G=DGROUP   M=FxMap    ACBP=A9
 0002:000002A8 00000005 C=DATA     S=.data    G=DGROUP   M=FxPivSrc ACBP=A9
 0002:000002B0 00000024 C=DATA     S=.data    G=DGROUP   M=FxGrid   ACBP=A9
 0002:000002D4 00000014 C=DATA     S=.data    G=DGROUP   M=FxDB     ACBP=A9
 0002:000002E8 00000070 C=DATA     S=.data    G=DGROUP   M=FxDimPager ACBP=A9
 0002:00000358 00000024 C=DATA     S=.data    G=DGROUP   M=FxHtml   ACBP=A9
 0002:00001000 00000018 C=BSS      S=.bss     G=DGROUP   M=SysInit  ACBP=A9
 0002:00001018 00000004 C=BSS      S=.bss     G=DGROUP   M=Windows  ACBP=A9
 0002:0000101C 00000004 C=BSS      S=.bss     G=DGROUP   M=Messages ACBP=A9
 0002:00001020 00000004 C=BSS      S=.bss     G=DGROUP   M=ShlObj   ACBP=A9
 0002:00001024 00000004 C=BSS      S=.bss     G=DGROUP   M=UrlMon   ACBP=A9
 0002:00001028 00000004 C=BSS      S=.bss     G=DGROUP   M=WinInet  ACBP=A9
 0002:0000102C 00000004 C=BSS      S=.bss     G=DGROUP   M=RegStr   ACBP=A9
 0002:00001030 00000004 C=BSS      S=.bss     G=DGROUP   M=ShellAPI ACBP=A9
 0002:00001034 00000004 C=BSS      S=.bss     G=DGROUP   M=CommCtrl ACBP=A9
 0002:00001038 00000004 C=BSS      S=.bss     G=DGROUP   M=Imm      ACBP=A9
 0002:0000103C 00000004 C=BSS      S=.bss     G=DGROUP   M=WinSpool ACBP=A9
 0002:00001040 00000004 C=BSS      S=.bss     G=DGROUP   M=CommDlg  ACBP=A9
 0002:00001044 00000004 C=BSS      S=.bss     G=DGROUP   M=Dlgs     ACBP=A9
 0002:00001048 0000000C C=BSS      S=.bss     G=DGROUP   M=FxArrays ACBP=A9
 0002:00001054 00000004 C=BSS      S=.bss     G=DGROUP   M=FxConsts ACBP=A9
 0002:00001058 00000004 C=BSS      S=.bss     G=DGROUP   M=RichEdit ACBP=A9
 0002:0000105C 00000014 C=BSS      S=.bss     G=DGROUP   M=FxStore  ACBP=A9
 0002:00001070 00000004 C=BSS      S=.bss     G=DGROUP   M=FxCache  ACBP=A9
 0002:00001074 00000004 C=BSS      S=.bss     G=DGROUP   M=FxPBar   ACBP=A9
 0002:00001078 00000004 C=BSS      S=.bss     G=DGROUP   M=FxBin    ACBP=A9
 0002:0000107C 00000010 C=BSS      S=.bss     G=DGROUP   M=FxExpr   ACBP=A9
 0002:0000108C 00000004 C=BSS      S=.bss     G=DGROUP   M=FxMap    ACBP=A9
 0002:00001090 00000004 C=BSS      S=.bss     G=DGROUP   M=FxCommon ACBP=A9
 0002:00001094 00000004 C=BSS      S=.bss     G=DGROUP   M=FxPivSrc ACBP=A9
 0002:00001098 00000004 C=BSS      S=.bss     G=DGROUP   M=FxButton ACBP=A9
 0002:0000109C 0000000C C=BSS      S=.bss     G=DGROUP   M=FxGrid   ACBP=A9
 0002:000010A8 00000008 C=BSS      S=.bss     G=DGROUP   M=FxDCube  ACBP=A9
 0002:000010B0 00000004 C=BSS      S=.bss     G=DGROUP   M=FxDB     ACBP=A9
 0002:000010B4 00000004 C=BSS      S=.bss     G=DGROUP   M=FxGraph  ACBP=A9
 0002:000010B8 00000004 C=BSS      S=.bss     G=DGROUP   M=FxDimPager ACBP=A9
 0002:000010BC 00000004 C=BSS      S=.bss     G=DGROUP   M=FxHtml   ACBP=A9


  Address         Publics by Name

 0002:000010B0       .01
 0002:00001078       .02
 0002:00001040       .1
 0002:00001038       .1
 0002:00001034       .1
 0002:00001010       .1
 0002:00001054       .1
 0002:0000102C       .1
 0002:00001028       .1
 0002:00001024       .1
 0002:00001020       .1
 0002:0000101C       .1
 0002:00001058       .1
 0002:00001044       .1
 0002:00001030       .1
 0002:00001090       .11
 0002:000010AC       .3
 0002:0000103C       .3
 0002:00001018       .3
 0002:00001094       .3
 0002:00001080       .31
 0002:00001098       .4
 0002:0000106C       .4
 0002:00001074       .4
 0002:000010BC       .4
 0002:000010B8       .41
 0002:000010B4       .5
 0002:00001070       .51
 0002:0000109C       .7
 0002:0000108C       .8
 0002:00001048       .91
 0001:0002C314       @GetPackageInfoTable
 0001:000004E8       @InitPkg
 0001:0000054C       @PackageLoad
 0001:0002C31C       @PackageLoad
 0001:0002C328       @PackageUnload
 0001:00000558       @PackageUnload
 0001:0000B170       AddField
 0002:00001068       AggTicker
 0002:000002C8       AlignFlags
 0001:000003E8       AllocTlsBuffer
 0002:00000184       AlphaNum
 0002:0000021C       ArgCount
 0002:0000104C       AvailableMemory
 0002:00000028       BaseArrayClasses
 0002:000000C4       BinFieldClasses
 0002:0000028C       BinFormats
 0002:0000015C       BinKind
 0002:0000030C       BinValues
 0002:000002B0       BitmapArray
 0002:00000328       Bitmaps
 0002:00000340       BtnHints
 0001:0002A748       Cat
 0001:000025DC       CheckLowCapacity
 0001:0002A78C       ColorValue
 0001:0002A814       ColSpan
 0001:00000C84       CommCtrl
 0001:0000168C       CommDlg
 0001:00016370       ConvertToVariant
 0002:00001084       Dict
 0001:000016C4       Dlgs
 0002:0000105C       DomainTicker
 0002:000010A0       DrawBitmap
 0001:000005BC       DrawEdge
 0001:000005C4       DrawText
 0002:000002D4       Elements
 0001:00009E1C       ExecuteProgressDialog
 0001:00000494       ExitProcessTLS
 0001:0000046C       ExitThreadTLS
 0001:000005A4       ExtTextOut
 0002:000010A8       FDCubeEditor
 0001:0002C334       fds60
 0001:0001713C       Finalization
 0001:00018DB0       Finalization
 0001:0001AD74       Finalization
 0001:000200CC       Finalization
 0001:00015AA8       Finalization
 0001:00021E90       Finalization
 0001:00012D5C       Finalization
 0001:00001694       Finalization
 0001:0000165C       Finalization
 0001:0002510C       Finalization
 0001:0000147C       Finalization
 0001:0000132C       Finalization
 0001:00000C54       Finalization
 0001:00000C1C       Finalization
 0001:00000BE4       Finalization
 0001:000272D8       Finalization
 0001:00000BAC       Finalization
 0001:00000B74       Finalization
 0001:00000B3C       Finalization
 0001:000009EC       Finalization
 0001:00000604       Finalization
 0001:0000DE38       Finalization
 0001:00029F48       Finalization
 0001:0000A548       Finalization
 0001:00000564       Finalization
 0001:00009A3C       Finalization
 0001:000077E0       Finalization
 0001:0002BFA0       Finalization
 0001:000068E8       Finalization
 0001:000066D8       Finalization
 0001:00006444       Finalization
 0001:0001622C       FormatVariant
 0002:000002A8       Freeing
 0001:000003B0       FreeLibrary
 0002:00000250       FuncName
 0001:00006474       FxArrays
 0001:0000DE68       FxBin
 0001:0001ADA4       FxButton
 0001:00009A6C       FxCache
 0001:0001716C       FxCommon
 0001:00006708       FxConsts
 0001:0002513C       FxDB
 0001:00021EC0       FxDCube
 0001:0002A010       FxDimPager
 0001:00012DD4       FxExpr
 0001:00027308       FxGraph
 0001:00020114       FxGrid
 0001:0002BFFC       FxHtml
 0001:00015AF0       FxMap
 0001:0000A578       FxPBar
 0001:00018DE0       FxPivSrc
 0001:00007810       FxStore
 0001:000025B4       GetAvailableMem
 0001:000005CC       GetCursor
 0001:000025D4       GetMemoryCapacity
 0001:000005AC       GetNearestColor
 0001:00008CF8       GetRange
 0001:000005D4       GetSystemMetrics
 0001:000003F4       GetTlsSize
 0001:0000059C       GlobalMemoryStatus
 0002:00000358       HAlignValue
 0002:0000100C       HInstance
 0001:0000135C       Imm
 0001:000005DC       InflateRect
 0001:000004B8       InitializeModule
 0001:00000440       InitProcessTLS
 0001:000003FC       InitThreadTLS
 0001:000005E4       LoadBitmap
 0001:000005EC       LoadCursor
 0001:000003B8       LocalAlloc
 0001:000003C0       LocalFree
 0002:000002AC       Lock
 0001:00000A1C       Messages
 0002:00000164       Meta
 0002:00000000       Module
 0002:00001000       ModuleIsLib
 0002:00001001       ModuleIsPackage
 0002:000002E8       OrientValues
 0001:000005F4       PostMessage
 0002:00001088       ProcVariantType
 0002:000000C0       ProgressDlg
 0001:0000F70C       RegisterName
 0001:00000C14       RegStr
 0001:0001C154       ReleaseBitmap
 0001:00006918       RichEdit
 0001:0002A87C       RowSpan
 0002:000002F8       ScaleValues
 0002:00001064       ScopeTicker
 0001:000005B4       SetBkMode
 0001:000005FC       SetCursor
 0001:000025CC       SetMemoryCapacity
 0001:00000C4C       ShellAPI
 0001:00000B6C       ShlObj
 0001:00020874       ShowFDCubeEditor
 0002:00000284       SimpleBin
 0002:00000288       SimpleSum
 0002:00001060       SparseTicker
 0001:00009FBC       StartCounter
 0001:00009F00       StartProgress
 0002:000002F0       StateValues
 0001:00000594       SysInit
 0002:0000107C       SystemUnit
 0002:0000034C       Table
 0001:00011218       TAddExpr.Create
 0001:00011268       TAddExpr.Eval
 0001:00010CB8       TAndExpr.Create
 0001:00010D08       TAndExpr.Eval
 0001:0000D198       TAvgBin.Create
 0001:0000D1E4       TAvgBin.GetAsString
 0001:0000D2C4       TAvgBin.GetVarValue
 0001:0000D350       TAvgBin.SetVarValue
 0001:000026AC       TBaseArray.AddNull
 0001:00002690       TBaseArray.Clear
 0001:000025FC       TBaseArray.Create
 0001:000027F8       TBaseArray.Delete
 0001:00002664       TBaseArray.Destroy
 0001:00002A30       TBaseArray.Exchange
 0001:00002778       TBaseArray.FindNull
 0001:0000276C       TBaseArray.GetCount
 0001:00002834       TBaseArray.Grow
 0001:00002A38       TBaseArray.MemoryUsage
 0001:00002868       TBaseArray.Notify
 0001:0000286C       TBaseArray.SetCapacity
 0001:00002960       TBaseArray.SetCount
 0001:00002A34       TBaseArray.Sort
 0001:000129E0       TBaseCallExpr.Create
 0001:00012A6C       TBaseCallExpr.Destroy
 0001:00012A9C       TBaseCallExpr.GetActive
 0001:00012AE0       TBaseCallExpr.TryLoad
 0001:00010BBC       TBiExpr.Create
 0001:00010C14       TBiExpr.Destroy
 0001:00010C4C       TBiExpr.GetActive
 0001:00010C70       TBiExpr.TryLoad
 0001:00016A68       TBinData.AddBin
 0001:00016620       TBinData.AddBinValue
 0001:000166FC       TBinData.AddBinValues
 0001:00016C50       TBinData.AddIBinValue
 0001:0001658C       TBinData.Assign
 0001:0001677C       TBinData.BinValueCount
 0001:00016A2C       TBinData.Clear
 0001:000164C0       TBinData.Create
 0001:00016520       TBinData.Destroy
 0001:00016AF4       TBinData.FindName
 0001:000167EC       TBinData.GetAllBinValueCount
 0001:00016984       TBinData.GetBinCount
 0001:00016968       TBinData.GetBinName
 0001:00016990       TBinData.GetBinNameDataType
 0001:0001681C       TBinData.GetBinValue
 0001:00016890       TBinData.GetBinValues
 0001:00016B98       TBinData.GetIBinValue
 0001:00016BF8       TBinData.GetIBinValueCount
 0001:00016994       TBinData.GetMaxBinNameSize
 0001:0000BE14       TBinField.Aggregate
 0001:0000BE98       TBinField.AsString
 0001:0000BEDC       TBinField.Clear
 0001:0000BEF4       TBinField.Create
 0001:0000BF74       TBinField.GetAsString
 0001:0000BFF8       TBinField.GetAsVariant
 0001:0000C028       TBinField.GetDataTypeName
 0001:0000C04C       TBinField.IsNull
 0001:0000C064       TBinField.NullCompare
 0001:0000C0C4       TBinField.SetAsVariant
 0001:0000B160       TBinFields.Add
 0001:0000B24C       TBinFields.Create
 0001:0000B360       TBinFields.Destroy
 0001:0000B38C       TBinFields.GetItems
 0001:0000B3A0       TBinFields.Layout
 0001:0000B5B4       TBinFields.Notify
 0001:0000C47C       TBinIndex.Create
 0001:0000C4BC       TBinIndex.Find
 0001:0000C530       TBinIndex.Notify
 0001:0000B5C4       TBinTable.Aggregate
 0001:0000BB84       TBinTable.Clear
 0001:0000B634       TBinTable.Clone
 0001:0000B65C       TBinTable.Compare
 0001:0000B6AC       TBinTable.Create
 0001:0000B738       TBinTable.Destroy
 0001:0000BA98       TBinTable.Fetch
 0001:0000BB60       TBinTable.GetRecordCount
 0001:0000B77C       TBinTable.Insert
 0001:0000B96C       TBinTable.InternalFetch
 0001:0000B7C4       TBinTable.MakeBin
 0001:0000BBB4       TBinTable.MemoryUsage
 0001:0000BB6C       TBinTable.SetRecNo
 0001:0000CCE4       TBooleanBin.Compare
 0001:0000CD18       TBooleanBin.GetAsString
 0001:0000CD3C       TBooleanBin.GetDataSize
 0001:0000CD44       TBooleanBin.GetVarValue
 0001:0000CD68       TBooleanBin.SetVarValue
 0001:000125F8       TBuiltInCallExpr.Create
 0001:000126D0       TBuiltInCallExpr.Eval
 0001:000104E0       TCallExpr.Create
 0001:00010524       TCallExpr.Destroy
 0001:00010554       TCallExpr.Eval
 0001:00010650       TCallExpr.GetActive
 0001:00010670       TCallExpr.TryLoad
 0001:000113D0       TCmpExpr.Create
 0001:000299C0       TComboDataLink.Create
 0001:000299FC       TComboDataLink.DecisionDataEvent
 0001:00029A6C       TComboDataLink.Destroy
 0001:00016CE0       TCommonDataStore.Create
 0001:00016D48       TCommonDataStore.Destroy
 0001:00016D80       TCommonDataStore.SetExternals
 0001:00016D90       TCommonDataStore.SetMaxCells
 0001:00016DA0       TCommonDataStore.SetMaxDimensions
 0001:000099D4       TCommonDimItem.Destroy
 0001:00009A04       TCommonDimItem.GetName
 0001:00009A1C       TCommonDimItem.SetDef
 0001:00012540       TConstCallExpr.Create
 0001:00012584       TConstCallExpr.Eval
 0001:0000CE90       TCountBin.Aggregate
 0001:0000D000       TCountBin.Compare
 0001:0000D030       TCountBin.Count
 0001:0000D0A0       TCountBin.Create
 0001:0000D0FC       TCountBin.GetAsString
 0001:0000D15C       TCountBin.GetDataSize
 0001:0000D164       TCountBin.GetVarValue
 0001:0000D184       TCountBin.SetVarValue
 0001:00004010       TCurrencyArray.Add
 0001:00003F6C       TCurrencyArray.Add
 0001:00004154       TCurrencyArray.Assign
 0001:00003F30       TCurrencyArray.Create
 0001:000041B0       TCurrencyArray.Find
 0001:000042E0       TCurrencyArray.Find
 0001:00004058       TCurrencyArray.GetItem
 0001:00004074       TCurrencyArray.GetValue
 0001:000043C0       TCurrencyArray.IndexOf
 0001:00004430       TCurrencyArray.Insert
 0001:00004040       TCurrencyArray.PutItem
 0001:0000D36C       TCurrencyBin.Aggregate
 0001:0000D5C8       TCurrencyBin.Compare
 0001:0000D55C       TCurrencyBin.GetAsString
 0001:0000D638       TCurrencyBin.GetDataSize
 0001:0000D640       TCurrencyBin.GetVarValue
 0001:0000D65C       TCurrencyBin.SetVarValue
 0001:00005E14       TCustomArray.Add
 0001:00005D5C       TCustomArray.Assign
 0001:00005FCC       TCustomArray.Clear
 0001:00005964       TCustomArray.Create
 0001:00005A6C       TCustomArray.Destroy
 0001:00005FE0       TCustomArray.Find
 0001:00005FB8       TCustomArray.GetCapacity
 0001:00005B24       TCustomArray.GetCount
 0001:00005FA8       TCustomArray.GetDups
 0001:00005B68       TCustomArray.GetItem
 0001:00005F88       TCustomArray.GetSort
 0001:00005F78       TCustomArray.MemoryUsage
 0001:00005FC0       TCustomArray.SetCapacity
 0001:00005FB0       TCustomArray.SetDups
 0001:00005F94       TCustomArray.SetSort
 0001:00005AA0       TCustomArray.UnsupportedTypeError
 0001:0001FB38       TCustomFxGrid.CellDrawState
 0001:0001D978       TCustomFxGrid.CellRect
 0001:0001FBF0       TCustomFxGrid.CellValueArray
 0001:0001F7B0       TCustomFxGrid.CMDesignHitTest
 0001:0001D83C       TCustomFxGrid.ColWidthsChanged
 0001:00020084       TCustomFxGrid.ConvertWidth
 0001:0001C33C       TCustomFxGrid.Create
 0001:0001C798       TCustomFxGrid.DataToRawCoord
 0001:0001C7C4       TCustomFxGrid.DataToRawX
 0001:0001C7DC       TCustomFxGrid.DataToRawY
 0001:0001C65C       TCustomFxGrid.Destroy
 0001:0001DAC0       TCustomFxGrid.DrawCell
 0001:0001D614       TCustomFxGrid.DrawSpecialState
 0001:0001D5E4       TCustomFxGrid.FontChanged
 0001:0001F968       TCustomFxGrid.GetCaption
 0001:0001FAB4       TCustomFxGrid.GetCells
 0001:0001FC84       TCustomFxGrid.GetColCount
 0001:0001F87C       TCustomFxGrid.GetData
 0001:0001D3B4       TCustomFxGrid.GetDataPoint
 0001:0001F77C       TCustomFxGrid.GeTDecisionSource
 0001:0001E7C0       TCustomFxGrid.GetDimensionIndex
 0001:0001FC74       TCustomFxGrid.GetFixedCols
 0001:0001FC6C       TCustomFxGrid.GetFixedRows
 0001:0001CED4       TCustomFxGrid.GetHitTypes
 0001:0001E54C       TCustomFxGrid.GetHorzButtonPlace
 0001:0001F9D8       TCustomFxGrid.GetLabel
 0001:0001FC7C       TCustomFxGrid.GetRowCount
 0001:0001D35C       TCustomFxGrid.GetSpecialState
 0001:0001FC28       TCustomFxGrid.GetTotals
 0001:0001CC68       TCustomFxGrid.InitializeGridCells
 0001:0001E504       TCustomFxGrid.InvalidateTargetCell
 0001:0001E904       TCustomFxGrid.MouseDown
 0001:0001F6E8       TCustomFxGrid.MouseMove
 0001:0001E4C4       TCustomFxGrid.MouseToDataCoord
 0001:0001F724       TCustomFxGrid.MouseUp
 0001:0001C7F4       TCustomFxGrid.NewDataStructure
 0001:0001CA3C       TCustomFxGrid.NewGridLayout
 0001:0001C724       TCustomFxGrid.Notification
 0001:0001D9C0       TCustomFxGrid.Paint
 0001:0001E80C       TCustomFxGrid.PerformPivot
 0001:0001C76C       TCustomFxGrid.RawToDataCoord
 0001:0001F4B4       TCustomFxGrid.RightMouse
 0001:0001D8E8       TCustomFxGrid.RowHeightsChanged
 0001:0001D814       TCustomFxGrid.SelectCell
 0001:0001F3D4       TCustomFxGrid.SelectDimOptions
 0001:0001F310       TCustomFxGrid.SelectGridOptions
 0001:0001D5A8       TCustomFxGrid.SetCaptionColor
 0001:0001D590       TCustomFxGrid.SetCaptionFont
 0001:0001D508       TCustomFxGrid.SetColWidth
 0001:0001D5CC       TCustomFxGrid.SetDataColor
 0001:0001D5B4       TCustomFxGrid.SetDataFont
 0001:0001D5D8       TCustomFxGrid.SetDataSumColor
 0001:0001F788       TCustomFxGrid.SetDecisionSource
 0001:0001D554       TCustomFxGrid.SetGridLineColor
 0001:0001D548       TCustomFxGrid.SetGridLineWidth
 0001:0001D578       TCustomFxGrid.SetLabelColor
 0001:0001D560       TCustomFxGrid.SetLabelFont
 0001:0001D584       TCustomFxGrid.SetLabelSumColor
 0001:000200B4       TCustomFxGrid.SetLabelSumFont
 0001:0001E5F0       TCustomFxGrid.SetNearestTargetCell
 0001:0001D5EC       TCustomFxGrid.SetOptions
 0001:0001D524       TCustomFxGrid.SetRowHeight
 0001:0001FC8C       TCustomFxGrid.SetTotals
 0001:0001D818       TCustomFxGrid.TopLeftChanged
 0001:0001E2C0       TCustomFxGrid.WhichCoord
 0001:0001E424       TCustomFxGrid.WhichCoordExCap
 0001:00008B24       TDataCache.AggValue
 0001:00009104       TDataCache.BuildMetaData
 0001:00008A4C       TDataCache.Create
 0001:00009448       TDataCache.CreateSummaryIndex
 0001:00008AB0       TDataCache.Destroy
 0001:00009210       TDataCache.FetchAndBinValues
 0001:00008AF4       TDataCache.FreeCache
 0001:00008D4C       TDataCache.GetDomain
 0001:00009078       TDataCache.GetMemoryUsage
 0001:000090C0       TDataCache.GetSparsing
 0001:00008C44       TDataCache.GetSummaryAsString
 0001:00008C20       TDataCache.GetSummaryAsVariant
 0001:00008AEC       TDataCache.Init
 0001:00008C64       TDataCache.IsIndexSparse
 0001:00009908       TDataCache.Restruct
 0001:000090DC       TDataCache.SetActive
 0001:00008FD0       TDataCache.SetActiveSummary
 0001:000090C8       TDataCache.SetSparsing
 0001:000093A8       TDataCache.SortLookups
 0001:000098E0       TDataCache.UnkCount
 0001:00009850       TDataCache.UpdateCache
 0001:0000C554       TDateTimeBin.Aggregate
 0001:0000C704       TDateTimeBin.Compare
 0001:0000C780       TDateTimeBin.GetAsString
 0001:0000C7D4       TDateTimeBin.GetDataSize
 0001:0000C7DC       TDateTimeBin.GetVarValue
 0001:0000C7F8       TDateTimeBin.SetVarValue
 0001:000244E4       TDecisionDataLink.Create
 0001:00024538       TDecisionDataLink.DecisionDataEvent
 0001:00024508       TDecisionDataLink.Destroy
 0001:0002453C       TDecisionDataLink.SetDecisionSource
 0001:00008048       TDerivedSummary.AsString
 0001:00008280       TDerivedSummary.Create
 0001:000082C4       TDerivedSummary.Value
 0001:00011904       TDictionary.Add
 0001:00011B48       TDictionary.Alloc
 0001:000117B8       TDictionary.Create
 0001:00011808       TDictionary.Destroy
 0001:00011B94       TDictionary.GetItems
 0001:00011848       TDictionary.Grow
 0001:00011960       TDictionary.IndexOf
 0001:000119B8       TDictionary.KeyWord
 0001:00011A68       TDictionary.RegIdent
 0001:00011A80       TDictionary.ReservedWords
 0001:00011AF4       TDictionary.SetSize
 0001:00011B24       TDictionary.StringHash
 0001:00029D5C       TDimEditor.Create
 0001:00008858       TDimension.AsString
 0001:0000877C       TDimension.Clear
 0001:000083C4       TDimension.Create
 0001:00008424       TDimension.Destroy
 0001:000087E8       TDimension.GetCount
 0001:000087B4       TDimension.GetItem
 0001:000087F4       TDimension.MemoryUsage
 0001:00008488       TDimension.QuickSort
 0001:00008580       TDimension.SortLookup
 0001:00013874       TDimensionItem.Assign
 0001:000137D8       TDimensionItem.Create
 0001:000143EC       TDimensionItem.DataSetTransform
 0001:00013828       TDimensionItem.Destroy
 0001:0001431C       TDimensionItem.DoTransform
 0001:000143D0       TDimensionItem.Finalize
 0001:00013C78       TDimensionItem.FormatValue
 0001:00014A14       TDimensionItem.GetActive
 0001:00014A00       TDimensionItem.GetCollection
 0001:00014108       TDimensionItem.GetDerived
 0001:00013F20       TDimensionItem.GetDisplayName
 0001:00013C3C       TDimensionItem.GetField
 0001:00013AEC       TDimensionItem.IsDimension
 0001:00013AF4       TDimensionItem.IsSummary
 0001:000145EC       TDimensionItem.MonthTransform
 0001:000147F8       TDimensionItem.QuarterTransform
 0001:00013AC8       TDimensionItem.SetActiveFlag
 0001:00013AFC       TDimensionItem.SetAlignment
 0001:0001428C       TDimensionItem.SetBinType
 0001:00013984       TDimensionItem.SetCaption
 0001:00013A1C       TDimensionItem.SetFieldName
 0001:00013A64       TDimensionItem.SetFormat
 0001:00013BB0       TDimensionItem.SetKeyFields
 0001:00013B1C       TDimensionItem.SetKind
 0001:00013BE4       TDimensionItem.SetLookupDataSet
 0001:00013C08       TDimensionItem.SetLookupResultField
 0001:000139AC       TDimensionItem.SetName
 0001:00014110       TDimensionItem.SetStartDate
 0001:0001418C       TDimensionItem.SetStartValue
 0001:00014078       TDimensionItem.SetSumExpr
 0001:00013A8C       TDimensionItem.SetType
 0001:00013B0C       TDimensionItem.SetWidth
 0001:00014870       TDimensionItem.TryLoad
 0001:000146E4       TDimensionItem.WeekTransform
 0001:000144F0       TDimensionItem.YearTransform
 0001:00014AC0       TDimensionItems.Add
 0001:00014C88       TDimensionItems.Build
 0001:000154E8       TDimensionItems.Compile
 0001:00014A18       TDimensionItems.Create
 0001:00014A5C       TDimensionItems.Destroy
 0001:00015494       TDimensionItems.Find
 0001:00014B3C       TDimensionItems.GetActiveDimCount
 0001:00014B88       TDimensionItems.GetActiveSumCount
 0001:000153B8       TDimensionItems.GetDataSet
 0001:00015434       TDimensionItems.GetDataStore
 0001:00014ACC       TDimensionItems.GetDimCount
 0001:00014A8C       TDimensionItems.GetDimensionItem
 0001:00014B04       TDimensionItems.GetSumCount
 0001:00015008       TDimensionItems.Load
 0001:00015484       TDimensionItems.Notify
 0001:00014BD4       TDimensionItems.SetActive
 0001:00014AA0       TDimensionItems.SetDimensionItem
 0001:000153F4       TDimensionItems.Update
 0001:00008920       TDimensions.Find
 0001:0000896C       TDimensions.GetItems
 0001:00008980       TDimensions.Notify
 0001:00008990       TDimensions.SetItems
 0001:00024958       TDimInfoArray.Assign
 0001:000248A8       TDimInfoArray.Create
 0001:00024924       TDimInfoArray.Destroy
 0001:00024A50       TDimInfoArray.Find
 0001:00024A9C       TDimInfoArray.GetCount
 0001:00024974       TDimInfoArray.GetGroupSize
 0001:000249D0       TDimInfoArray.GetItem
 0001:00025050       TDimInfoList.Add
 0001:00025070       TDimInfoList.Delete
 0001:00025098       TDimInfoList.GetItems
 0001:000250A0       TDimInfoList.IndexOfActive
 0001:000250DC       TDimInfoList.Insert
 0001:00025104       TDimInfoList.SetItems
 0001:00028954       TDimPager.Create
 0001:00028A18       TDimPager.Destroy
 0001:00028A54       TDimPager.GetActivePage
 0001:00028A5C       TDimPager.GetDecisionSource
 0001:00028A68       TDimPager.GetPages
 0001:00028A7C       TDimPager.NewPanelSetup
 0001:00028C00       TDimPager.Pivot
 0001:00028C1C       TDimPager.SetActivePage
 0001:00028C24       TDimPager.SetDecisionSource
 0001:00011778       TDimSymbol.Eval
 0001:00011794       TDimSymbol.GetActive
 0001:000117A0       TDimSymbol.TryLoad
 0001:00028C30       TDimTab.BinDim
 0001:00028DA8       TDimTab.Create
 0001:00028E70       TDimTab.Destroy
 0001:00028E98       TDimTab.DoShow
 0001:00028EC0       TDimTab.DrillValue
 0001:00028F5C       TDimTab.EditorChanged
 0001:0002902C       TDimTab.EyeClick
 0001:00029054       TDimTab.GetDecisionSource
 0001:00029068       TDimTab.GetPageControl
 0001:00029080       TDimTab.LayClick
 0001:000290D4       TDimTab.MoveDim
 0001:000291BC       TDimTab.Notification
 0001:00029214       TDimTab.OnEditBtn
 0001:00029324       TDimTab.PinClick
 0001:00029380       TDimTab.SetDim
 0001:0002943C       TDimTab.SetPageControl
 0001:00029444       TDimTab.SetParent
 0001:0002959C       TDimTab.ShowTab
 0001:00029904       TDimTab.ToggleState
 0001:00029CF4       TDimToolBar.Create
 0001:0001FEE0       TDisplayDim.Assign
 0001:0001FE7C       TDisplayDim.Create
 0001:00020078       TDisplayDim.NotifyCollection
 0001:00020048       TDisplayDim.SetAlignment
 0001:00020054       TDisplayDim.SetColor
 0001:0001FF84       TDisplayDim.SetFieldName
 0001:0001FFF0       TDisplayDim.SetFormat
 0001:0001FF2C       TDisplayDim.SetName
 0001:00020060       TDisplayDim.SetSubs
 0001:0002006C       TDisplayDim.SetWidth
 0001:0001FDB4       TDisplayDims.Create
 0001:0001FE04       TDisplayDims.GetDisplayDim
 0001:0001FE00       TDisplayDims.GetOwner
 0001:0001FE18       TDisplayDims.NotifyOwner
 0001:0001FE5C       TDisplayDims.SetDisplayDim
 0001:00010F6C       TDivExpr.Create
 0001:00010FBC       TDivExpr.Eval
 0001:00011054       TDivideExpr.Create
 0001:000110A4       TDivideExpr.Eval
 0001:00003B34       TDoubleArray.Add
 0001:00003BD8       TDoubleArray.Add
 0001:00003C08       TDoubleArray.Assign
 0001:00003A10       TDoubleArray.Create
 0001:00003D8C       TDoubleArray.Find
 0001:00003C64       TDoubleArray.Find
 0001:00003A64       TDoubleArray.GetItem
 0001:00003A80       TDoubleArray.GetValue
 0001:00003E6C       TDoubleArray.IndexOf
 0001:00003EDC       TDoubleArray.Insert
 0001:00003A4C       TDoubleArray.PutItem
 0001:00029EE0       TDrillBox.Create
 0001:00011420       TEQExpr.Eval
 0001:000104D4       TErrorExpr.Eval
 0001:00011ED8       TErrorSymbol.Eval
 0001:00011F60       TErrorSymbol.GetActive
 0001:00011F64       TErrorSymbol.TryLoad
 0001:0002991C       TExEditor.AddCombo
 0001:0001043C       TExprList.Create
 0001:000100AC       TExprParser.Call
 0001:0001012C       TExprParser.Composition
 0001:0001019C       TExprParser.Designator
 0001:000101C8       TExprParser.Expr
 0001:00010208       TExprParser.Factor
 0001:00010228       TExprParser.Primary
 0001:0001032C       TExprParser.Relation
 0001:000103D0       TExprParser.Term
 0001:00017110       TExprs.GetItems
 0001:00017124       TExprs.Notify
 0001:00017134       TExprs.SetItems
 0001:00012B4C       TExternCallExpr.Create
 0001:00012B9C       TExternCallExpr.Eval
 0001:00021B50       TFDCubeEditor.ActiveEditChange
 0001:00021E60       TFDCubeEditor.AlignEditChange
 0001:00021B58       TFDCubeEditor.CancelButtonClick
 0001:00021208       TFDCubeEditor.CommitEdit
 0001:000208E0       TFDCubeEditor.Create
 0001:00020934       TFDCubeEditor.Destroy
 0001:00021E30       TFDCubeEditor.FormKeyPress
 0001:00021E14       TFDCubeEditor.GetCellCountsClick
 0001:00021BA8       TFDCubeEditor.GetValueCounts
 0001:00021B48       TFDCubeEditor.HandleBeginEdit
 0001:00021910       TFDCubeEditor.HandleFieldEdit
 0001:00021E4C       TFDCubeEditor.HelpButtonClick
 0001:00021594       TFDCubeEditor.InitCapacityPage
 0001:00020EFC       TFDCubeEditor.InitEdit
 0001:00020E64       TFDCubeEditor.InitializePanel
 0001:00020ED0       TFDCubeEditor.lbFieldsClick
 0001:000218A8       TFDCubeEditor.OKButtonClick
 0001:00021B60       TFDCubeEditor.PagerChange
 0001:00021E68       TFDCubeEditor.rgDsgnOptionsClick
 0001:00020ADC       TFDCubeEditor.SFinalize
 0001:00020964       TFDCubeEditor.SInitialize
 0001:00020D5C       TFDCubeEditor.UpdateLists
 0001:0000C198       TFloatBin.Aggregate
 0001:0000C348       TFloatBin.Compare
 0001:0000C3C8       TFloatBin.GetAsString
 0001:0000C438       TFloatBin.GetDataSize
 0001:0000C440       TFloatBin.GetVarValue
 0001:0000C45C       TFloatBin.SetVarValue
 0001:0000DAF4       TFmtBCDBin.Aggregate
 0001:0000DD3C       TFmtBCDBin.Compare
 0001:0000DD7C       TFmtBCDBin.GetAsString
 0001:0000DDD4       TFmtBCDBin.GetDataSize
 0001:0000DDDC       TFmtBCDBin.GetVarValue
 0001:0000DE00       TFmtBCDBin.SetVarValue
 0001:00011768       TFooExpr.GetActive
 0001:0001176C       TFooExpr.TryLoad
 0001:000272A8       TFxChart.Destroy
 0001:000271E8       TFxChartDataLink.Create
 0001:00027148       TFxChartDataLink.DecisionDataEvent
 0001:0002720C       TFxChartDataLink.Destroy
 0001:00022AF8       TFxCube.AddDataSource
 0001:000229A8       TFxCube.Create
 0001:00022A04       TFxCube.Destroy
 0001:00022BC0       TFxCube.GetSparsing
 0001:00022B38       TFxCube.NotifyDataSources
 0001:00022B18       TFxCube.RemoveDataSource
 0001:00022BCC       TFxCube.SetSparsing
 0001:00022B6C       TFxCube.StateChanged
 0001:000267E8       TFxCustomChart.Build1DChart
 0001:000269D8       TFxCustomChart.Build2DChart
 0001:00026CD4       TFxCustomChart.BuildBlankChart
 0001:00027114       TFxCustomChart.ChangeTemplateClass
 0001:000266B0       TFxCustomChart.Create
 0001:0002675C       TFxCustomChart.Destroy
 0001:00026F00       TFxCustomChart.GetDecisionSource
 0001:00026F0C       TFxCustomChart.GetLabel
 0001:00026D68       TFxCustomChart.MakeDerived
 0001:00026DC0       TFxCustomChart.MakeTemplate
 0001:000267A0       TFxCustomChart.Notification
 0001:00026F4C       TFxCustomChart.SelectLayout
 0001:000270B8       TFxCustomChart.SetActive
 0001:000270DC       TFxCustomChart.SetActiveSeries
 0001:00027108       TFxCustomChart.SetDecisionSource
 0001:00026798       TFxCustomChart.Updated
 0001:00007118       TFxCustomStore.BinMapHasBinData
 0001:00007208       TFxCustomStore.CheckDimensionMap
 0001:00006DCC       TFxCustomStore.Create
 0001:00006E3C       TFxCustomStore.Destroy
 0001:000076C8       TFxCustomStore.DoActive
 0001:000071C8       TFxCustomStore.DoAfterClose
 0001:00007194       TFxCustomStore.DoAfterOpen
 0001:000071A8       TFxCustomStore.DoBeforeClose
 0001:00007174       TFxCustomStore.DoBeforeOpen
 0001:000071E8       TFxCustomStore.DoOnRefresh
 0001:00006EB4       TFxCustomStore.GetActive
 0001:0000716C       TFxCustomStore.GetCapacity
 0001:00006E84       TFxCustomStore.GetCubeState
 0001:000070DC       TFxCustomStore.GetCurrentSummary
 0001:000077CC       TFxCustomStore.GetDataSet
 0001:000077D0       TFxCustomStore.GetDimensions
 0001:0000703C       TFxCustomStore.GetDomain
 0001:00006FE4       TFxCustomStore.GetMemberAsString
 0001:00007010       TFxCustomStore.GetMemberAsVariant
 0001:00007100       TFxCustomStore.GetMemoryUsage
 0001:000077D8       TFxCustomStore.GetSummaries
 0001:000070A4       TFxCustomStore.GetSummaryAsString
 0001:000070C0       TFxCustomStore.GetSummaryAsVariant
 0001:00007590       TFxCustomStore.InternalOpenCache
 0001:00006FDC       TFxCustomStore.LayoutChanged
 0001:00007650       TFxCustomStore.Loaded
 0001:00006F5C       TFxCustomStore.Notification
 0001:000073D8       TFxCustomStore.Refresh
 0001:00007430       TFxCustomStore.Refresh
 0001:00006EBC       TFxCustomStore.SetActive
 0001:00007164       TFxCustomStore.SetCapacity
 0001:000070E4       TFxCustomStore.SetCurrentSummary
 0001:00006F30       TFxCustomStore.SetDataSet
 0001:00006E74       TFxCustomStore.SetDesignState
 0001:00006EA0       TFxCustomStore.SetState
 0001:00006FE0       TFxCustomStore.StateChanged
 0001:0001FD50       TFxGridDataLink.Create
 0001:0001FCCC       TFxGridDataLink.DecisionDataEvent
 0001:0001FD8C       TFxGridDataLink.Destroy
 0001:0002AC50       TFxHtml.Content
 0001:0002AB1C       TFxHtml.Create
 0001:0002ABE8       TFxHtml.Destroy
 0001:0002B09C       TFxHtml.GetHeader
 0001:0002B4A4       TFxHtml.GetRows
 0001:0002B868       TFxHtml.HeaderTop
 0001:0002BA88       TFxHtml.Notification
 0001:0002AE44       TFxHtml.PageContent
 0001:0002BA40       TFxHtml.SetCellCaption
 0001:0002BA4C       TFxHtml.SetCellData
 0001:0002BA64       TFxHtml.SetCellDataSum
 0001:0002BA70       TFxHtml.SetCellEmpty
 0001:0002BA58       TFxHtml.SetCellLabel
 0001:0002BA7C       TFxHtml.SetCellLabelSum
 0001:0002BAB4       TFxHtml.SetDecisionSource
 0001:0002B848       TFxHtml.SetFooter
 0001:0002B858       TFxHtml.SetHeader
 0001:00016DC0       TFxLog.Clear
 0001:00016DD8       TFxLog.Create
 0001:00016E1C       TFxLog.Destroy
 0001:00016E4C       TFxLog.Error
 0001:00016ECC       TFxLog.ErrorFmt
 0001:00016F44       TFxLog.Warning
 0001:00015A14       TFxMap.Add
 0001:000159A0       TFxMap.Create
 0001:00015A20       TFxMap.GetDimList
 0001:000159E0       TFxMap.GetItems
 0001:000159F4       TFxMap.SetItems
 0001:00015760       TFxMapItem.Create
 0001:000157A4       TFxMapItem.Destroy
 0001:000157D8       TFxMapItem.GetBinValues
 0001:00016CCC       TFxNullProgress.FinishProgress
 0001:00016CD0       TFxNullProgress.GetCancel
 0001:00016CD4       TFxNullProgress.SetText
 0001:00016CD8       TFxNullProgress.StartProgress
 0001:00016CDC       TFxNullProgress.UpdateProgress
 0001:00018C60       TFxPivot.AdjustClientRect
 0001:000179C0       TFxPivot.Create
 0001:00017A80       TFxPivot.Destroy
 0001:00018A90       TFxPivot.DimStateChange
 0001:00018C58       TFxPivot.GetBorderStyle
 0001:00018C50       TFxPivot.GetBorderWidth
 0001:0001880C       TFxPivot.GetButtonSizes
 0001:00018078       TFxPivot.NewDimLayout
 0001:00017B70       TFxPivot.NewPanelSetup
 0001:00017B0C       TFxPivot.Notification
 0001:00018C14       TFxPivot.SetAutoSize
 0001:00018CD8       TFxPivot.SetBorderStyle
 0001:00018CC4       TFxPivot.SetBorderWidth
 0001:00017B4C       TFxPivot.SetBounds
 0001:00018C00       TFxPivot.SetContents
 0001:00018C38       TFxPivot.SetControlHeight
 0001:00018C2C       TFxPivot.SetControlWidth
 0001:00018BCC       TFxPivot.SeTDecisionSource
 0001:00018C44       TFxPivot.SetGroupSpacing
 0001:00018C20       TFxPivot.SetSpacing
 0001:00018BF4       TFxPivot.SetStyle
 0001:0000A360       TFxProgress.Create
 0001:0000A3AC       TFxProgress.Destroy
 0001:0000A3DC       TFxProgress.FinishProgress
 0001:0000A3E0       TFxProgress.GetCancel
 0001:0000A3EC       TFxProgress.SetText
 0001:0000A444       TFxProgress.StartProgress
 0001:0000A464       TFxProgress.UpdateProgress
 0001:0000A294       TFxProgressDialog.CancelButtonClick
 0001:0000A2F8       TFxProgressDialog.FormActivate
 0001:0000A31C       TFxProgressDialog.FormCreate
 0001:0000A12C       TFxProgressDialog.GetMax
 0001:0000A2E4       TFxProgressDialog.Reset
 0001:0000A2C0       TFxProgressDialog.SetInterval
 0001:0000A134       TFxProgressDialog.SetMax
 0001:0000A22C       TFxProgressDialog.ShowStatus
 0001:0000A048       TFxProgressDialog.StartBuild
 0001:0000A474       TFxProgressDialog.StartCounter
 0001:0000A1D8       TFxProgressDialog.StepProgress
 0001:0000A4DC       TFxProgressDialog.UpdateCounter
 0001:0000A10C       TFxProgressDialog.UpdateProgress
 0001:0002383C       TFxSource.AddDatalink
 0001:000232D4       TFxSource.BeginChange
 0001:00023378       TFxSource.BuildLookups
 0001:00023978       TFxSource.CloseDimIndexRight
 0001:00022BD8       TFxSource.Create
 0001:00024374       TFxSource.DataEvent
 0001:00022E68       TFxSource.DefineProperties
 0001:00022C48       TFxSource.Destroy
 0001:000243D0       TFxSource.DimDef
 0001:000245D8       TFxSource.DrillDimIndex
 0001:000247BC       TFxSource.DrillValue
 0001:000232D8       TFxSource.EndChange
 0001:00023EF0       TFxSource.Get2DDataAsVariant
 0001:000244DC       TFxSource.GetActive
 0001:00022E24       TFxSource.GetColSparsing
 0001:00022DD8       TFxSource.GetCurrentSum
 0001:00023AB8       TFxSource.GetDataAsString
 0001:00023D90       TFxSource.GetDataAsVariant
 0001:00023D54       TFxSource.GetDimensionMemberCount
 0001:00023D1C       TFxSource.GetDimensionName
 0001:00022DC8       TFxSource.GetDims
 0001:00024570       TFxSource.GetExampleRepCount
 0001:00022D10       TFxSource.GetGroupCount
 0001:00024150       TFxSource.GetGroupExtent
 0001:00023C10       TFxSource.GetMemberAsString
 0001:00023C60       TFxSource.GetMemberAsVariant
 0001:00023AB0       TFxSource.GetReady
 0001:00022DE0       TFxSource.GetRowSparsing
 0001:00022D1C       TFxSource.GetRowState
 0001:00023CBC       TFxSource.GetSummaryName
 0001:00022DD0       TFxSource.GetSums
 0001:000241EC       TFxSource.GetValueArray
 0001:00024020       TFxSource.GetValueIndex
 0001:00024648       TFxSource.MoveDimIndexes
 0001:00023864       TFxSource.NotifyDataLinks
 0001:000239E4       TFxSource.OpenDimIndexLeft
 0001:00023908       TFxSource.OpenDimIndexRight
 0001:000237E8       TFxSource.ProcessPivotState
 0001:00023060       TFxSource.ReadColSparse
 0001:00023010       TFxSource.ReadCurrentSum
 0001:00022FA0       TFxSource.ReadDimCount
 0001:00023088       TFxSource.ReadDimInfo
 0001:00023038       TFxSource.ReadRowSparse
 0001:00022FE8       TFxSource.ReadSumCount
 0001:00023330       TFxSource.RebuildPivotState
 0001:00023854       TFxSource.RemoveDatalink
 0001:00022E2C       TFxSource.SetColSparsing
 0001:00023CF4       TFxSource.SetCurrentSummary
 0001:00024350       TFxSource.SetDecisionCube
 0001:00022CB4       TFxSource.SetDimState
 0001:00022DE8       TFxSource.SetRowSparsing
 0001:00024484       TFxSource.SetState
 0001:00024400       TFxSource.SumDef
 0001:00024708       TFxSource.SwapDimIndexes
 0001:00024430       TFxSource.ToggleDim
 0001:00023A4C       TFxSource.ToggleDimIndex
 0001:0002446C       TFxSource.UpdateState
 0001:00023078       TFxSource.WriteColSparse
 0001:00023028       TFxSource.WriteCurrentSum
 0001:00022FB8       TFxSource.WriteDimCount
 0001:000231F4       TFxSource.WriteDimInfo
 0001:00023050       TFxSource.WriteRowSparse
 0001:00023000       TFxSource.WriteSumCount
 0001:000116DC       TGEExpr.Eval
 0001:00011650       TGTExpr.Eval
 0001:0002BAE0       THtmlCell.Assign
 0001:0002BB4C       THtmlCell.Content
 0001:0002BEC8       THtmlCell.Create
 0001:0002BF24       THtmlCell.Destroy
 0001:0002BF54       THtmlCell.SetFont
 0001:0002BF60       THtmlCell.SetHeight
 0001:0002BF80       THtmlCell.SetWidth
 0001:0002A8E4       THTMLFont.Assign
 0001:0002A960       THTMLFont.Content
 0001:0002A924       THTMLFont.Create
 0001:00002FF8       TInt64Array.Add
 0001:00002FBC       TInt64Array.Add
 0001:0000309C       TInt64Array.Assign
 0001:000030F8       TInt64Array.Create
 0001:0000321C       TInt64Array.Find
 0001:00003134       TInt64Array.Find
 0001:00003360       TInt64Array.GetItem
 0001:00003380       TInt64Array.GetValue
 0001:00003440       TInt64Array.IndexOf
 0001:000034B8       TInt64Array.Insert
 0001:0000350C       TInt64Array.PutItem
 0001:00002BE8       TIntArray.Add
 0001:00002B48       TIntArray.Add
 0001:00002C14       TIntArray.Assign
 0001:00002A44       TIntArray.Create
 0001:00002D64       TIntArray.Find
 0001:00002C6C       TIntArray.Find
 0001:00002A88       TIntArray.GetItem
 0001:00002A90       TIntArray.GetValue
 0001:00002E38       TIntArray.IndexOf
 0001:00002E94       TIntArray.Insert
 0001:00002A80       TIntArray.PutItem
 0001:00002EDC       TIntArray.QuickSort
 0001:0000BBD4       TIntegerBin.Aggregate
 0001:0000BD40       TIntegerBin.Compare
 0001:0000BD70       TIntegerBin.GetAsString
 0001:0000BDD0       TIntegerBin.GetDataSize
 0001:0000BDD8       TIntegerBin.GetVarValue
 0001:0000BDF8       TIntegerBin.SetVarValue
 0001:0001078C       TIntegerExpr.Create
 0001:000107E0       TIntegerExpr.Eval
 0001:0000D67C       TLargeIntBin.Aggregate
 0001:0000D8A4       TLargeIntBin.Compare
 0001:0000D838       TLargeIntBin.GetAsString
 0001:0000D934       TLargeIntBin.GetDataSize
 0001:0000D93C       TLargeIntBin.GetVarValue
 0001:0000D960       TLargeIntBin.SetVarValue
 0001:000115C4       TLEExpr.Eval
 0001:000003C8       TlsAlloc
 0002:00001014       tlsBuffer
 0001:000003D0       TlsFree
 0001:000003D8       TlsGetValue
 0002:00001004       TlsIndex
 0002:BF752000       TlsLast
 0002:00000018       TlsProc
 0001:000003E0       TlsSetValue
 0001:00011538       TLTExpr.Eval
 0001:00011130       TModExpr.Create
 0001:00011180       TModExpr.Eval
 0001:00010E90       TMultExpr.Create
 0001:00010EE0       TMultExpr.Eval
 0001:000106B8       TNameExpr.Create
 0001:00010750       TNameExpr.Eval
 0001:0001076C       TNameExpr.GetActive
 0001:00010774       TNameExpr.TryLoad
 0001:000114AC       TNEExpr.Eval
 0001:00010968       TNopExpr.Create
 0001:000109D8       TNopExpr.Eval
 0001:000109F4       TNotExpr.Create
 0001:00010A3C       TNotExpr.Eval
 0002:000001A4       TokenText
 0001:00010DA4       TOrExpr.Create
 0001:00010DF4       TOrExpr.Eval
 0002:00001050       TotalAllocatedMemory
 0001:0000D9C4       TPagedMem.Alloc
 0001:0000D9F0       TPagedMem.AllocPage
 0001:0000DA1C       TPagedMem.Create
 0001:0000DA64       TPagedMem.Destroy
 0001:0000DAA4       TPagedMem.MemoryUsage
 0001:000287EC       TPagerDataLink.Create
 0001:00028828       TPagerDataLink.DecisionDataEvent
 0001:000288C8       TPagerDataLink.Destroy
 0001:000122A8       TParamList.GetItems
 0001:0000F734       TParser.CheckNext
 0001:0000F7D0       TParser.Create
 0001:0000F820       TParser.Delimiter
 0001:0000F8AC       TParser.Error
 0001:0000F94C       TParser.ErrorFmt
 0001:0000F9C4       TParser.ErrorWith
 0001:0000FA60       TParser.GetLog
 0001:0000FA6C       TParser.Identifier
 0001:0000FAF0       TParser.Next
 0001:0000FE0C       TParser.Number
 0001:0000FF98       TParser.QString
 0001:00010040       TParser.SetSource
 0001:00010078       TParser.Skip
 0001:000195D8       TPivotButton.Click
 0001:0001958C       TPivotButton.CMDesignHitTest
 0001:0001933C       TPivotButton.Create
 0001:000193F4       TPivotButton.Destroy
 0001:00019730       TPivotButton.DragCanceled
 0001:0001AAF0       TPivotButton.DragDrop
 0001:0001A9E4       TPivotButton.DragOver
 0001:0001A054       TPivotButton.EHOnProperty
 0001:00019C84       TPivotButton.EHOnValue
 0001:00019678       TPivotButton.MouseDown
 0001:000196AC       TPivotButton.MouseMove
 0001:00019628       TPivotButton.MouseUp
 0001:00019450       TPivotButton.NewState
 0001:0001A150       TPivotButton.Paint
 0001:00019740       TPivotButton.SelectButtonProperties
 0001:00019880       TPivotButton.SelectButtonValue
 0001:0001942C       TPivotButton.SetDecisionSource
 0001:0001943C       TPivotButton.SetMyDim
 0001:00019738       TPivotButton.SetState
 0001:00019448       TPivotButton.SetType
 0001:00018D64       TPivotDataLink.Create
 0001:00018CEC       TPivotDataLink.DecisionDataEvent
 0001:00018D88       TPivotDataLink.Destroy
 0001:00024FD8       TPivotState.Assign
 0001:00024AA8       TPivotState.Create
 0001:00024B24       TPivotState.Destroy
 0001:00024B70       TPivotState.FindByState
 0001:00024F8C       TPivotState.GetActiveColCount
 0001:00024F94       TPivotState.GetActiveRowCount
 0001:00024F9C       TPivotState.GetColCount
 0001:00024B64       TPivotState.GetItems
 0001:00024FA4       TPivotState.GetRowCount
 0001:00024FAC       TPivotState.IndexInfo
 0001:00024EB0       TPivotState.RebuildList
 0001:00024BC4       TPivotState.Update
 0001:000049FC       TPointerArray.Add
 0001:00004A9C       TPointerArray.Assign
 0001:000048F8       TPointerArray.Create
 0001:00004934       TPointerArray.Find
 0001:000049A4       TPointerArray.GetItem
 0001:000049B4       TPointerArray.Insert
 0001:000049AC       TPointerArray.PutItem
 0001:00011F70       TProcSymbol.Assign
 0001:00011FF8       TProcSymbol.Call
 0001:00012210       TProcSymbol.Create
 0001:00012254       TProcSymbol.Destroy
 0001:00012284       TProcSymbol.Eval
 0001:00012298       TProcSymbol.GetActive
 0001:0001229C       TProcSymbol.TryLoad
 0001:0001239C       TProcVariant.Cast
 0001:000123A4       TProcVariant.CastTo
 0001:00012440       TProcVariant.Clear
 0001:00012450       TProcVariant.Copy
 0001:0001AC1C       TQuickMenu.AddLine
 0001:0001ABB8       TQuickMenu.Clear
 0001:0001AD10       TQuickMenu.EHOnItemClick
 0001:0001ABD8       TQuickMenu.PopUpAtMe
 0001:0001AC9C       TQuickMenu.SetTitle
 0001:000107F8       TRealExpr.Create
 0001:0001084C       TRealExpr.Eval
 0001:00011CD4       TScope.AddUses
 0001:00011CFC       TScope.Create
 0001:00011D34       TScope.Lookup
 0001:00027234       TSeriesList.ChangeClass
 0001:00027270       TSeriesList.GetItems
 0001:00027284       TSeriesList.Notify
 0001:000272A0       TSeriesList.SetItems
 0001:000036D4       TSingleArray.Add
 0001:00003634       TSingleArray.Add
 0001:00003704       TSingleArray.Assign
 0001:00003524       TSingleArray.Create
 0001:00003878       TSingleArray.Find
 0001:00003760       TSingleArray.Find
 0001:00003570       TSingleArray.GetItem
 0001:00003580       TSingleArray.GetValue
 0001:00003958       TSingleArray.IndexOf
 0001:000039C4       TSingleArray.Insert
 0001:00003560       TSingleArray.PutItem
 0001:00004128       TSmallIntArray.Add
 0001:00004588       TSmallIntArray.Add
 0001:00004628       TSmallIntArray.Assign
 0001:00004484       TSmallIntArray.Create
 0001:000046DC       TSmallIntArray.Find
 0001:000047DC       TSmallIntArray.Find
 0001:000044C8       TSmallIntArray.GetItem
 0001:000044D0       TSmallIntArray.GetValue
 0001:00004680       TSmallIntArray.IndexOf
 0001:000048B0       TSmallIntArray.Insert
 0001:000044C0       TSmallIntArray.PutItem
 0001:0000CA90       TSmallIntBin.Aggregate
 0001:0000CC08       TSmallIntBin.Compare
 0001:0000CC3C       TSmallIntBin.GetAsString
 0001:0000CC9C       TSmallIntBin.GetDataSize
 0001:0000CCA4       TSmallIntBin.GetVarValue
 0001:0000CCC4       TSmallIntBin.SetVarValue
 0001:0000D980       TSQLTimeStampBin.Create
 0001:000050A4       TStringArray.Add
 0001:00005004       TStringArray.Add
 0001:000056D8       TStringArray.AddStrings
 0001:0000574C       TStringArray.Assign
 0001:00004FBC       TStringArray.Create
 0001:00005110       TStringArray.Exchange
 0001:00005248       TStringArray.Find
 0001:0000512C       TStringArray.Find
 0001:00005490       TStringArray.GetItems
 0001:000054AC       TStringArray.GetValue
 0001:00005328       TStringArray.IndexOf
 0001:000053C8       TStringArray.Insert
 0001:00005784       TStringArray.Notify
 0001:0000541C       TStringArray.PutItems
 0001:00005560       TStringArray.QuickSort
 0001:00005630       TStringArray.Sort
 0001:0000CD8C       TStringBin.Clear
 0001:0000CDAC       TStringBin.Compare
 0001:0000CE34       TStringBin.GetAsString
 0001:0000CE50       TStringBin.GetDataSize
 0001:0000CE58       TStringBin.GetVarValue
 0001:0000CE74       TStringBin.SetVarValue
 0001:00010860       TStringExpr.Create
 0001:000108B8       TStringExpr.Eval
 0001:000112F4       TSubExpr.Create
 0001:00011344       TSubExpr.Eval
 0001:00029A94       TSumCombo.Change
 0001:00029AD8       TSumCombo.ChangeSummary
 0001:00029B04       TSumCombo.Create
 0001:00029B50       TSumCombo.DataEvent
 0001:00029CAC       TSumCombo.Destroy
 0001:00029CDC       TSumCombo.GetDecisionSource
 0001:00029CE8       TSumCombo.SetDecisionSource
 0001:00008998       TSummaries.Add
 0001:000089C8       TSummaries.Clear
 0001:000089DC       TSummaries.Create
 0001:00008A20       TSummaries.GetItems
 0001:00008A34       TSummaries.Notify
 0001:00008A44       TSummaries.SetItems
 0001:00007F80       TSummary.AsString
 0001:00007E4C       TSummary.Create
 0001:00007F5C       TSummary.OffValue
 0001:00007E94       TSummary.Value
 0001:00016FC8       TSymbol.Assign
 0001:00017054       TSymbol.Create
 0001:0001709C       TSymbols.Create
 0001:000170E0       TSymbols.GetItems
 0001:000170F4       TSymbols.Notify
 0001:00017108       TSymbols.SetItems
 0001:00011B9C       TSymbolTable.Create
 0001:00011BDC       TSymbolTable.Declare
 0001:00011C60       TSymbolTable.Find
 0001:00011CAC       TSymbolTable.Insert
 0001:00012C78       TSystemUnit.Create
 0001:00012D2C       TSystemUnit.Destroy
 0001:000108CC       TUnaryExpr.Create
 0001:00010918       TUnaryExpr.Destroy
 0001:00010948       TUnaryExpr.GetActive
 0001:00010950       TUnaryExpr.TryLoad
 0001:00011E18       TUndefSymbol.Create
 0001:00010B0C       TUnMinus.Create
 0001:00010B54       TUnMinus.Eval
 0001:00010AA8       TUnPlus.Create
 0001:00010AF0       TUnPlus.Eval
 0001:00011CB8       TUseList.GetItems
 0001:00011CCC       TUseList.SetItems
 0001:000122BC       TVarSymbol.Assign
 0001:000122D0       TVarSymbol.Destroy
 0001:00012300       TVarSymbol.Eval
 0001:00012314       TVarSymbol.Initialize
 0001:00006248       TVectorArray.Add
 0001:000061A8       TVectorArray.Create
 0001:000061E8       TVectorArray.Destroy
 0001:00006318       TVectorArray.GetItem
 0001:000063FC       TVectorArray.GetMemoryUsage
 0001:000063C8       TVectorArray.Grow
 0001:0000627C       TVectorArray.SetCapacity
 0001:00006338       TVectorArray.SetItem
 0001:0000DAB0       TWideStrBin.Create
 0001:00004C20       TWordArray.Add
 0001:00004CC0       TWordArray.Add
 0001:00004CEC       TWordArray.Assign
 0001:00004AF4       TWordArray.Create
 0001:00004D44       TWordArray.Find
 0001:00004E44       TWordArray.Find
 0001:00004B60       TWordArray.GetItem
 0001:00004B68       TWordArray.GetValue
 0001:00004F18       TWordArray.IndexOf
 0001:00004F74       TWordArray.Insert
 0001:00004B30       TWordArray.PutItem
 0001:0000C818       TWordBin.Aggregate
 0001:0000C9A8       TWordBin.Compare
 0001:0000C9DC       TWordBin.GetAsString
 0001:0000CA48       TWordBin.GetDataSize
 0001:0000CA50       TWordBin.GetVarValue
 0001:0000CA70       TWordBin.SetVarValue
 0001:000004C4       UninitializeModule
 0001:00009FD4       UpdateCounter
 0001:0001632C       UpdateDesigner
 0001:00009F50       UpdateProgress
 0001:00000BA4       UrlMon
 0002:000010A4       UserCount
 0001:0001C130       UsesBitmap
 0001:00008458       Val
 0002:00000368       VAlignValue
 0001:000057A0       VariantTypeToName
 0001:000124F4       VarIsProc
 0001:00012534       VarProc
 0001:0001250C       VarProcCreate
 0001:00000634       Windows
 0001:00000BDC       WinInet
 0001:000014AC       WinSpool
 0001:0001C170       WriteText


  Address         Publics by Value

 0002:BF752000       TlsLast
 0001:000003B0       FreeLibrary
 0001:000003B8       LocalAlloc
 0001:000003C0       LocalFree
 0001:000003C8       TlsAlloc
 0001:000003D0       TlsFree
 0001:000003D8       TlsGetValue
 0001:000003E0       TlsSetValue
 0001:000003E8       AllocTlsBuffer
 0001:000003F4       GetTlsSize
 0001:000003FC       InitThreadTLS
 0001:00000440       InitProcessTLS
 0001:0000046C       ExitThreadTLS
 0001:00000494       ExitProcessTLS
 0001:000004B8       InitializeModule
 0001:000004C4       UninitializeModule
 0001:000004E8       @InitPkg
 0001:0000054C       @PackageLoad
 0001:00000558       @PackageUnload
 0001:00000564       Finalization
 0001:00000594       SysInit
 0001:0000059C       GlobalMemoryStatus
 0001:000005A4       ExtTextOut
 0001:000005AC       GetNearestColor
 0001:000005B4       SetBkMode
 0001:000005BC       DrawEdge
 0001:000005C4       DrawText
 0001:000005CC       GetCursor
 0001:000005D4       GetSystemMetrics
 0001:000005DC       InflateRect
 0001:000005E4       LoadBitmap
 0001:000005EC       LoadCursor
 0001:000005F4       PostMessage
 0001:000005FC       SetCursor
 0001:00000604       Finalization
 0001:00000634       Windows
 0001:000009EC       Finalization
 0001:00000A1C       Messages
 0001:00000B3C       Finalization
 0001:00000B6C       ShlObj
 0001:00000B74       Finalization
 0001:00000BA4       UrlMon
 0001:00000BAC       Finalization
 0001:00000BDC       WinInet
 0001:00000BE4       Finalization
 0001:00000C14       RegStr
 0001:00000C1C       Finalization
 0001:00000C4C       ShellAPI
 0001:00000C54       Finalization
 0001:00000C84       CommCtrl
 0001:0000132C       Finalization
 0001:0000135C       Imm
 0001:0000147C       Finalization
 0001:000014AC       WinSpool
 0001:0000165C       Finalization
 0001:0000168C       CommDlg
 0001:00001694       Finalization
 0001:000016C4       Dlgs
 0001:000025B4       GetAvailableMem
 0001:000025CC       SetMemoryCapacity
 0001:000025D4       GetMemoryCapacity
 0001:000025DC       CheckLowCapacity
 0001:000025FC       TBaseArray.Create
 0001:00002664       TBaseArray.Destroy
 0001:00002690       TBaseArray.Clear
 0001:000026AC       TBaseArray.AddNull
 0001:0000276C       TBaseArray.GetCount
 0001:00002778       TBaseArray.FindNull
 0001:000027F8       TBaseArray.Delete
 0001:00002834       TBaseArray.Grow
 0001:00002868       TBaseArray.Notify
 0001:0000286C       TBaseArray.SetCapacity
 0001:00002960       TBaseArray.SetCount
 0001:00002A30       TBaseArray.Exchange
 0001:00002A34       TBaseArray.Sort
 0001:00002A38       TBaseArray.MemoryUsage
 0001:00002A44       TIntArray.Create
 0001:00002A80       TIntArray.PutItem
 0001:00002A88       TIntArray.GetItem
 0001:00002A90       TIntArray.GetValue
 0001:00002B48       TIntArray.Add
 0001:00002BE8       TIntArray.Add
 0001:00002C14       TIntArray.Assign
 0001:00002C6C       TIntArray.Find
 0001:00002D64       TIntArray.Find
 0001:00002E38       TIntArray.IndexOf
 0001:00002E94       TIntArray.Insert
 0001:00002EDC       TIntArray.QuickSort
 0001:00002FBC       TInt64Array.Add
 0001:00002FF8       TInt64Array.Add
 0001:0000309C       TInt64Array.Assign
 0001:000030F8       TInt64Array.Create
 0001:00003134       TInt64Array.Find
 0001:0000321C       TInt64Array.Find
 0001:00003360       TInt64Array.GetItem
 0001:00003380       TInt64Array.GetValue
 0001:00003440       TInt64Array.IndexOf
 0001:000034B8       TInt64Array.Insert
 0001:0000350C       TInt64Array.PutItem
 0001:00003524       TSingleArray.Create
 0001:00003560       TSingleArray.PutItem
 0001:00003570       TSingleArray.GetItem
 0001:00003580       TSingleArray.GetValue
 0001:00003634       TSingleArray.Add
 0001:000036D4       TSingleArray.Add
 0001:00003704       TSingleArray.Assign
 0001:00003760       TSingleArray.Find
 0001:00003878       TSingleArray.Find
 0001:00003958       TSingleArray.IndexOf
 0001:000039C4       TSingleArray.Insert
 0001:00003A10       TDoubleArray.Create
 0001:00003A4C       TDoubleArray.PutItem
 0001:00003A64       TDoubleArray.GetItem
 0001:00003A80       TDoubleArray.GetValue
 0001:00003B34       TDoubleArray.Add
 0001:00003BD8       TDoubleArray.Add
 0001:00003C08       TDoubleArray.Assign
 0001:00003C64       TDoubleArray.Find
 0001:00003D8C       TDoubleArray.Find
 0001:00003E6C       TDoubleArray.IndexOf
 0001:00003EDC       TDoubleArray.Insert
 0001:00003F30       TCurrencyArray.Create
 0001:00003F6C       TCurrencyArray.Add
 0001:00004010       TCurrencyArray.Add
 0001:00004040       TCurrencyArray.PutItem
 0001:00004058       TCurrencyArray.GetItem
 0001:00004074       TCurrencyArray.GetValue
 0001:00004128       TSmallIntArray.Add
 0001:00004154       TCurrencyArray.Assign
 0001:000041B0       TCurrencyArray.Find
 0001:000042E0       TCurrencyArray.Find
 0001:000043C0       TCurrencyArray.IndexOf
 0001:00004430       TCurrencyArray.Insert
 0001:00004484       TSmallIntArray.Create
 0001:000044C0       TSmallIntArray.PutItem
 0001:000044C8       TSmallIntArray.GetItem
 0001:000044D0       TSmallIntArray.GetValue
 0001:00004588       TSmallIntArray.Add
 0001:00004628       TSmallIntArray.Assign
 0001:00004680       TSmallIntArray.IndexOf
 0001:000046DC       TSmallIntArray.Find
 0001:000047DC       TSmallIntArray.Find
 0001:000048B0       TSmallIntArray.Insert
 0001:000048F8       TPointerArray.Create
 0001:00004934       TPointerArray.Find
 0001:000049A4       TPointerArray.GetItem
 0001:000049AC       TPointerArray.PutItem
 0001:000049B4       TPointerArray.Insert
 0001:000049FC       TPointerArray.Add
 0001:00004A9C       TPointerArray.Assign
 0001:00004AF4       TWordArray.Create
 0001:00004B30       TWordArray.PutItem
 0001:00004B60       TWordArray.GetItem
 0001:00004B68       TWordArray.GetValue
 0001:00004C20       TWordArray.Add
 0001:00004CC0       TWordArray.Add
 0001:00004CEC       TWordArray.Assign
 0001:00004D44       TWordArray.Find
 0001:00004E44       TWordArray.Find
 0001:00004F18       TWordArray.IndexOf
 0001:00004F74       TWordArray.Insert
 0001:00004FBC       TStringArray.Create
 0001:00005004       TStringArray.Add
 0001:000050A4       TStringArray.Add
 0001:00005110       TStringArray.Exchange
 0001:0000512C       TStringArray.Find
 0001:00005248       TStringArray.Find
 0001:00005328       TStringArray.IndexOf
 0001:000053C8       TStringArray.Insert
 0001:0000541C       TStringArray.PutItems
 0001:00005490       TStringArray.GetItems
 0001:000054AC       TStringArray.GetValue
 0001:00005560       TStringArray.QuickSort
 0001:00005630       TStringArray.Sort
 0001:000056D8       TStringArray.AddStrings
 0001:0000574C       TStringArray.Assign
 0001:00005784       TStringArray.Notify
 0001:000057A0       VariantTypeToName
 0001:00005964       TCustomArray.Create
 0001:00005A6C       TCustomArray.Destroy
 0001:00005AA0       TCustomArray.UnsupportedTypeError
 0001:00005B24       TCustomArray.GetCount
 0001:00005B68       TCustomArray.GetItem
 0001:00005D5C       TCustomArray.Assign
 0001:00005E14       TCustomArray.Add
 0001:00005F78       TCustomArray.MemoryUsage
 0001:00005F88       TCustomArray.GetSort
 0001:00005F94       TCustomArray.SetSort
 0001:00005FA8       TCustomArray.GetDups
 0001:00005FB0       TCustomArray.SetDups
 0001:00005FB8       TCustomArray.GetCapacity
 0001:00005FC0       TCustomArray.SetCapacity
 0001:00005FCC       TCustomArray.Clear
 0001:00005FE0       TCustomArray.Find
 0001:000061A8       TVectorArray.Create
 0001:000061E8       TVectorArray.Destroy
 0001:00006248       TVectorArray.Add
 0001:0000627C       TVectorArray.SetCapacity
 0001:00006318       TVectorArray.GetItem
 0001:00006338       TVectorArray.SetItem
 0001:000063C8       TVectorArray.Grow
 0001:000063FC       TVectorArray.GetMemoryUsage
 0001:00006444       Finalization
 0001:00006474       FxArrays
 0001:000066D8       Finalization
 0001:00006708       FxConsts
 0001:000068E8       Finalization
 0001:00006918       RichEdit
 0001:00006DCC       TFxCustomStore.Create
 0001:00006E3C       TFxCustomStore.Destroy
 0001:00006E74       TFxCustomStore.SetDesignState
 0001:00006E84       TFxCustomStore.GetCubeState
 0001:00006EA0       TFxCustomStore.SetState
 0001:00006EB4       TFxCustomStore.GetActive
 0001:00006EBC       TFxCustomStore.SetActive
 0001:00006F30       TFxCustomStore.SetDataSet
 0001:00006F5C       TFxCustomStore.Notification
 0001:00006FDC       TFxCustomStore.LayoutChanged
 0001:00006FE0       TFxCustomStore.StateChanged
 0001:00006FE4       TFxCustomStore.GetMemberAsString
 0001:00007010       TFxCustomStore.GetMemberAsVariant
 0001:0000703C       TFxCustomStore.GetDomain
 0001:000070A4       TFxCustomStore.GetSummaryAsString
 0001:000070C0       TFxCustomStore.GetSummaryAsVariant
 0001:000070DC       TFxCustomStore.GetCurrentSummary
 0001:000070E4       TFxCustomStore.SetCurrentSummary
 0001:00007100       TFxCustomStore.GetMemoryUsage
 0001:00007118       TFxCustomStore.BinMapHasBinData
 0001:00007164       TFxCustomStore.SetCapacity
 0001:0000716C       TFxCustomStore.GetCapacity
 0001:00007174       TFxCustomStore.DoBeforeOpen
 0001:00007194       TFxCustomStore.DoAfterOpen
 0001:000071A8       TFxCustomStore.DoBeforeClose
 0001:000071C8       TFxCustomStore.DoAfterClose
 0001:000071E8       TFxCustomStore.DoOnRefresh
 0001:00007208       TFxCustomStore.CheckDimensionMap
 0001:000073D8       TFxCustomStore.Refresh
 0001:00007430       TFxCustomStore.Refresh
 0001:00007590       TFxCustomStore.InternalOpenCache
 0001:00007650       TFxCustomStore.Loaded
 0001:000076C8       TFxCustomStore.DoActive
 0001:000077CC       TFxCustomStore.GetDataSet
 0001:000077D0       TFxCustomStore.GetDimensions
 0001:000077D8       TFxCustomStore.GetSummaries
 0001:000077E0       Finalization
 0001:00007810       FxStore
 0001:00007E4C       TSummary.Create
 0001:00007E94       TSummary.Value
 0001:00007F5C       TSummary.OffValue
 0001:00007F80       TSummary.AsString
 0001:00008048       TDerivedSummary.AsString
 0001:00008280       TDerivedSummary.Create
 0001:000082C4       TDerivedSummary.Value
 0001:000083C4       TDimension.Create
 0001:00008424       TDimension.Destroy
 0001:00008458       Val
 0001:00008488       TDimension.QuickSort
 0001:00008580       TDimension.SortLookup
 0001:0000877C       TDimension.Clear
 0001:000087B4       TDimension.GetItem
 0001:000087E8       TDimension.GetCount
 0001:000087F4       TDimension.MemoryUsage
 0001:00008858       TDimension.AsString
 0001:00008920       TDimensions.Find
 0001:0000896C       TDimensions.GetItems
 0001:00008980       TDimensions.Notify
 0001:00008990       TDimensions.SetItems
 0001:00008998       TSummaries.Add
 0001:000089C8       TSummaries.Clear
 0001:000089DC       TSummaries.Create
 0001:00008A20       TSummaries.GetItems
 0001:00008A34       TSummaries.Notify
 0001:00008A44       TSummaries.SetItems
 0001:00008A4C       TDataCache.Create
 0001:00008AB0       TDataCache.Destroy
 0001:00008AEC       TDataCache.Init
 0001:00008AF4       TDataCache.FreeCache
 0001:00008B24       TDataCache.AggValue
 0001:00008C20       TDataCache.GetSummaryAsVariant
 0001:00008C44       TDataCache.GetSummaryAsString
 0001:00008C64       TDataCache.IsIndexSparse
 0001:00008CF8       GetRange
 0001:00008D4C       TDataCache.GetDomain
 0001:00008FD0       TDataCache.SetActiveSummary
 0001:00009078       TDataCache.GetMemoryUsage
 0001:000090C0       TDataCache.GetSparsing
 0001:000090C8       TDataCache.SetSparsing
 0001:000090DC       TDataCache.SetActive
 0001:00009104       TDataCache.BuildMetaData
 0001:00009210       TDataCache.FetchAndBinValues
 0001:000093A8       TDataCache.SortLookups
 0001:00009448       TDataCache.CreateSummaryIndex
 0001:00009850       TDataCache.UpdateCache
 0001:000098E0       TDataCache.UnkCount
 0001:00009908       TDataCache.Restruct
 0001:000099D4       TCommonDimItem.Destroy
 0001:00009A04       TCommonDimItem.GetName
 0001:00009A1C       TCommonDimItem.SetDef
 0001:00009A3C       Finalization
 0001:00009A6C       FxCache
 0001:00009E1C       ExecuteProgressDialog
 0001:00009F00       StartProgress
 0001:00009F50       UpdateProgress
 0001:00009FBC       StartCounter
 0001:00009FD4       UpdateCounter
 0001:0000A048       TFxProgressDialog.StartBuild
 0001:0000A10C       TFxProgressDialog.UpdateProgress
 0001:0000A12C       TFxProgressDialog.GetMax
 0001:0000A134       TFxProgressDialog.SetMax
 0001:0000A1D8       TFxProgressDialog.StepProgress
 0001:0000A22C       TFxProgressDialog.ShowStatus
 0001:0000A294       TFxProgressDialog.CancelButtonClick
 0001:0000A2C0       TFxProgressDialog.SetInterval
 0001:0000A2E4       TFxProgressDialog.Reset
 0001:0000A2F8       TFxProgressDialog.FormActivate
 0001:0000A31C       TFxProgressDialog.FormCreate
 0001:0000A360       TFxProgress.Create
 0001:0000A3AC       TFxProgress.Destroy
 0001:0000A3DC       TFxProgress.FinishProgress
 0001:0000A3E0       TFxProgress.GetCancel
 0001:0000A3EC       TFxProgress.SetText
 0001:0000A444       TFxProgress.StartProgress
 0001:0000A464       TFxProgress.UpdateProgress
 0001:0000A474       TFxProgressDialog.StartCounter
 0001:0000A4DC       TFxProgressDialog.UpdateCounter
 0001:0000A548       Finalization
 0001:0000A578       FxPBar
 0001:0000B160       TBinFields.Add
 0001:0000B170       AddField
 0001:0000B24C       TBinFields.Create
 0001:0000B360       TBinFields.Destroy
 0001:0000B38C       TBinFields.GetItems
 0001:0000B3A0       TBinFields.Layout
 0001:0000B5B4       TBinFields.Notify
 0001:0000B5C4       TBinTable.Aggregate
 0001:0000B634       TBinTable.Clone
 0001:0000B65C       TBinTable.Compare
 0001:0000B6AC       TBinTable.Create
 0001:0000B738       TBinTable.Destroy
 0001:0000B77C       TBinTable.Insert
 0001:0000B7C4       TBinTable.MakeBin
 0001:0000B96C       TBinTable.InternalFetch
 0001:0000BA98       TBinTable.Fetch
 0001:0000BB60       TBinTable.GetRecordCount
 0001:0000BB6C       TBinTable.SetRecNo
 0001:0000BB84       TBinTable.Clear
 0001:0000BBB4       TBinTable.MemoryUsage
 0001:0000BBD4       TIntegerBin.Aggregate
 0001:0000BD40       TIntegerBin.Compare
 0001:0000BD70       TIntegerBin.GetAsString
 0001:0000BDD0       TIntegerBin.GetDataSize
 0001:0000BDD8       TIntegerBin.GetVarValue
 0001:0000BDF8       TIntegerBin.SetVarValue
 0001:0000BE14       TBinField.Aggregate
 0001:0000BE98       TBinField.AsString
 0001:0000BEDC       TBinField.Clear
 0001:0000BEF4       TBinField.Create
 0001:0000BF74       TBinField.GetAsString
 0001:0000BFF8       TBinField.GetAsVariant
 0001:0000C028       TBinField.GetDataTypeName
 0001:0000C04C       TBinField.IsNull
 0001:0000C064       TBinField.NullCompare
 0001:0000C0C4       TBinField.SetAsVariant
 0001:0000C198       TFloatBin.Aggregate
 0001:0000C348       TFloatBin.Compare
 0001:0000C3C8       TFloatBin.GetAsString
 0001:0000C438       TFloatBin.GetDataSize
 0001:0000C440       TFloatBin.GetVarValue
 0001:0000C45C       TFloatBin.SetVarValue
 0001:0000C47C       TBinIndex.Create
 0001:0000C4BC       TBinIndex.Find
 0001:0000C530       TBinIndex.Notify
 0001:0000C554       TDateTimeBin.Aggregate
 0001:0000C704       TDateTimeBin.Compare
 0001:0000C780       TDateTimeBin.GetAsString
 0001:0000C7D4       TDateTimeBin.GetDataSize
 0001:0000C7DC       TDateTimeBin.GetVarValue
 0001:0000C7F8       TDateTimeBin.SetVarValue
 0001:0000C818       TWordBin.Aggregate
 0001:0000C9A8       TWordBin.Compare
 0001:0000C9DC       TWordBin.GetAsString
 0001:0000CA48       TWordBin.GetDataSize
 0001:0000CA50       TWordBin.GetVarValue
 0001:0000CA70       TWordBin.SetVarValue
 0001:0000CA90       TSmallIntBin.Aggregate
 0001:0000CC08       TSmallIntBin.Compare
 0001:0000CC3C       TSmallIntBin.GetAsString
 0001:0000CC9C       TSmallIntBin.GetDataSize
 0001:0000CCA4       TSmallIntBin.GetVarValue
 0001:0000CCC4       TSmallIntBin.SetVarValue
 0001:0000CCE4       TBooleanBin.Compare
 0001:0000CD18       TBooleanBin.GetAsString
 0001:0000CD3C       TBooleanBin.GetDataSize
 0001:0000CD44       TBooleanBin.GetVarValue
 0001:0000CD68       TBooleanBin.SetVarValue
 0001:0000CD8C       TStringBin.Clear
 0001:0000CDAC       TStringBin.Compare
 0001:0000CE34       TStringBin.GetAsString
 0001:0000CE50       TStringBin.GetDataSize
 0001:0000CE58       TStringBin.GetVarValue
 0001:0000CE74       TStringBin.SetVarValue
 0001:0000CE90       TCountBin.Aggregate
 0001:0000D000       TCountBin.Compare
 0001:0000D030       TCountBin.Count
 0001:0000D0A0       TCountBin.Create
 0001:0000D0FC       TCountBin.GetAsString
 0001:0000D15C       TCountBin.GetDataSize
 0001:0000D164       TCountBin.GetVarValue
 0001:0000D184       TCountBin.SetVarValue
 0001:0000D198       TAvgBin.Create
 0001:0000D1E4       TAvgBin.GetAsString
 0001:0000D2C4       TAvgBin.GetVarValue
 0001:0000D350       TAvgBin.SetVarValue
 0001:0000D36C       TCurrencyBin.Aggregate
 0001:0000D55C       TCurrencyBin.GetAsString
 0001:0000D5C8       TCurrencyBin.Compare
 0001:0000D638       TCurrencyBin.GetDataSize
 0001:0000D640       TCurrencyBin.GetVarValue
 0001:0000D65C       TCurrencyBin.SetVarValue
 0001:0000D67C       TLargeIntBin.Aggregate
 0001:0000D838       TLargeIntBin.GetAsString
 0001:0000D8A4       TLargeIntBin.Compare
 0001:0000D934       TLargeIntBin.GetDataSize
 0001:0000D93C       TLargeIntBin.GetVarValue
 0001:0000D960       TLargeIntBin.SetVarValue
 0001:0000D980       TSQLTimeStampBin.Create
 0001:0000D9C4       TPagedMem.Alloc
 0001:0000D9F0       TPagedMem.AllocPage
 0001:0000DA1C       TPagedMem.Create
 0001:0000DA64       TPagedMem.Destroy
 0001:0000DAA4       TPagedMem.MemoryUsage
 0001:0000DAB0       TWideStrBin.Create
 0001:0000DAF4       TFmtBCDBin.Aggregate
 0001:0000DD3C       TFmtBCDBin.Compare
 0001:0000DD7C       TFmtBCDBin.GetAsString
 0001:0000DDD4       TFmtBCDBin.GetDataSize
 0001:0000DDDC       TFmtBCDBin.GetVarValue
 0001:0000DE00       TFmtBCDBin.SetVarValue
 0001:0000DE38       Finalization
 0001:0000DE68       FxBin
 0001:0000F70C       RegisterName
 0001:0000F734       TParser.CheckNext
 0001:0000F7D0       TParser.Create
 0001:0000F820       TParser.Delimiter
 0001:0000F8AC       TParser.Error
 0001:0000F94C       TParser.ErrorFmt
 0001:0000F9C4       TParser.ErrorWith
 0001:0000FA60       TParser.GetLog
 0001:0000FA6C       TParser.Identifier
 0001:0000FAF0       TParser.Next
 0001:0000FE0C       TParser.Number
 0001:0000FF98       TParser.QString
 0001:00010040       TParser.SetSource
 0001:00010078       TParser.Skip
 0001:000100AC       TExprParser.Call
 0001:0001012C       TExprParser.Composition
 0001:0001019C       TExprParser.Designator
 0001:000101C8       TExprParser.Expr
 0001:00010208       TExprParser.Factor
 0001:00010228       TExprParser.Primary
 0001:0001032C       TExprParser.Relation
 0001:000103D0       TExprParser.Term
 0001:0001043C       TExprList.Create
 0001:000104D4       TErrorExpr.Eval
 0001:000104E0       TCallExpr.Create
 0001:00010524       TCallExpr.Destroy
 0001:00010554       TCallExpr.Eval
 0001:00010650       TCallExpr.GetActive
 0001:00010670       TCallExpr.TryLoad
 0001:000106B8       TNameExpr.Create
 0001:00010750       TNameExpr.Eval
 0001:0001076C       TNameExpr.GetActive
 0001:00010774       TNameExpr.TryLoad
 0001:0001078C       TIntegerExpr.Create
 0001:000107E0       TIntegerExpr.Eval
 0001:000107F8       TRealExpr.Create
 0001:0001084C       TRealExpr.Eval
 0001:00010860       TStringExpr.Create
 0001:000108B8       TStringExpr.Eval
 0001:000108CC       TUnaryExpr.Create
 0001:00010918       TUnaryExpr.Destroy
 0001:00010948       TUnaryExpr.GetActive
 0001:00010950       TUnaryExpr.TryLoad
 0001:00010968       TNopExpr.Create
 0001:000109D8       TNopExpr.Eval
 0001:000109F4       TNotExpr.Create
 0001:00010A3C       TNotExpr.Eval
 0001:00010AA8       TUnPlus.Create
 0001:00010AF0       TUnPlus.Eval
 0001:00010B0C       TUnMinus.Create
 0001:00010B54       TUnMinus.Eval
 0001:00010BBC       TBiExpr.Create
 0001:00010C14       TBiExpr.Destroy
 0001:00010C4C       TBiExpr.GetActive
 0001:00010C70       TBiExpr.TryLoad
 0001:00010CB8       TAndExpr.Create
 0001:00010D08       TAndExpr.Eval
 0001:00010DA4       TOrExpr.Create
 0001:00010DF4       TOrExpr.Eval
 0001:00010E90       TMultExpr.Create
 0001:00010EE0       TMultExpr.Eval
 0001:00010F6C       TDivExpr.Create
 0001:00010FBC       TDivExpr.Eval
 0001:00011054       TDivideExpr.Create
 0001:000110A4       TDivideExpr.Eval
 0001:00011130       TModExpr.Create
 0001:00011180       TModExpr.Eval
 0001:00011218       TAddExpr.Create
 0001:00011268       TAddExpr.Eval
 0001:000112F4       TSubExpr.Create
 0001:00011344       TSubExpr.Eval
 0001:000113D0       TCmpExpr.Create
 0001:00011420       TEQExpr.Eval
 0001:000114AC       TNEExpr.Eval
 0001:00011538       TLTExpr.Eval
 0001:000115C4       TLEExpr.Eval
 0001:00011650       TGTExpr.Eval
 0001:000116DC       TGEExpr.Eval
 0001:00011768       TFooExpr.GetActive
 0001:0001176C       TFooExpr.TryLoad
 0001:00011778       TDimSymbol.Eval
 0001:00011794       TDimSymbol.GetActive
 0001:000117A0       TDimSymbol.TryLoad
 0001:000117B8       TDictionary.Create
 0001:00011808       TDictionary.Destroy
 0001:00011848       TDictionary.Grow
 0001:00011904       TDictionary.Add
 0001:00011960       TDictionary.IndexOf
 0001:000119B8       TDictionary.KeyWord
 0001:00011A68       TDictionary.RegIdent
 0001:00011A80       TDictionary.ReservedWords
 0001:00011AF4       TDictionary.SetSize
 0001:00011B24       TDictionary.StringHash
 0001:00011B48       TDictionary.Alloc
 0001:00011B94       TDictionary.GetItems
 0001:00011B9C       TSymbolTable.Create
 0001:00011BDC       TSymbolTable.Declare
 0001:00011C60       TSymbolTable.Find
 0001:00011CAC       TSymbolTable.Insert
 0001:00011CB8       TUseList.GetItems
 0001:00011CCC       TUseList.SetItems
 0001:00011CD4       TScope.AddUses
 0001:00011CFC       TScope.Create
 0001:00011D34       TScope.Lookup
 0001:00011E18       TUndefSymbol.Create
 0001:00011ED8       TErrorSymbol.Eval
 0001:00011F60       TErrorSymbol.GetActive
 0001:00011F64       TErrorSymbol.TryLoad
 0001:00011F70       TProcSymbol.Assign
 0001:00011FF8       TProcSymbol.Call
 0001:00012210       TProcSymbol.Create
 0001:00012254       TProcSymbol.Destroy
 0001:00012284       TProcSymbol.Eval
 0001:00012298       TProcSymbol.GetActive
 0001:0001229C       TProcSymbol.TryLoad
[...]
  1554 0001:00024E94  1555 0001:00024E9D  1556 0001:00024EA1  1557 0001:00024EA5
  1562 0001:00024EB0  1563 0001:00024EBC  1564 0001:00024EC5  1565 0001:00024ECC
  1566 0001:00024EE0  1567 0001:00024EF4  1568 0001:00024F02  1569 0001:00024F0E
  1570 0001:00024F28  1566 0001:00024F29  1571 0001:00024F2C  1572 0001:00024F33
  1573 0001:00024F3E  1572 0001:00024F4B  1574 0001:00024F4E  1575 0001:00024F53
  1576 0001:00024F5E  1577 0001:00024F67  1578 0001:00024F6C  1580 0001:00024F75
  1581 0001:00024F7B  1582 0001:00024F7E  1575 0001:00024F7F  1584 0001:00024F82
  1588 0001:00024F8C  1589 0001:00024F92  1593 0001:00024F94  1594 0001:00024F9A
  1598 0001:00024F9C  1599 0001:00024FA2  1603 0001:00024FA4  1604 0001:00024FAA
  1609 0001:00024FAC  1610 0001:00024FB0  1611 0001:00024FB7  1612 0001:00024FC8
  1613 0001:00024FD1  1616 0001:00024FD8  1617 0001:00024FDF  1618 0001:00024FF0
  1619 0001:00024FF8  1620 0001:00024FFE  1621 0001:00025004  1622 0001:00025016
  1623 0001:00025021  1624 0001:00025027  1625 0001:0002502D  1626 0001:00025033
  1627 0001:00025039  1629 0001:00025041  1630 0001:0002504A  1635 0001:00025050
  1636 0001:00025054  1637 0001:0002505D  1638 0001:0002506B  1641 0001:00025070
  1642 0001:00025076  1644 0001:00025081  1645 0001:0002508D  1643 0001:0002508E
  1647 0001:00025093  1651 0001:00025098  1652 0001:0002509D  1657 0001:000250A0
  1658 0001:000250AA  1659 0001:000250AC  1660 0001:000250B7  1661 0001:000250C5
  1662 0001:000250CA  1663 0001:000250CB  1659 0001:000250CC  1664 0001:000250CF
  1665 0001:000250D4  1668 0001:000250DC  1669 0001:000250E2  1671 0001:000250ED
  1672 0001:000250F9  1670 0001:000250FA  1674 0001:000250FF  1678 0001:00025104
  1679 0001:00025109  1681 0001:0002513C  1682 0001:00025145  1683 0001:0002514F
  1684 0001:0002515F  1685 0001:0002516F

Line numbers for FxGraph(Src\FxGraph.pas) segment .text

   191 0001:000266B0   192 0001:000266C3   193 0001:000266CC   194 0001:000266EC
   195 0001:000266F3   196 0001:00026707   197 0001:00026719   198 0001:00026724
   199 0001:00026726   198 0001:00026735   200 0001:0002673A   201 0001:00026756
   204 0001:0002675C   205 0001:00026767   206 0001:00026772   207 0001:0002677D
   208 0001:00026794   212 0001:00026798   214 0001:0002679D   217 0001:000267A0
   218 0001:000267A9   219 0001:000267B4   221 0001:000267C9   222 0001:000267D4
   224 0001:000267E4   230 0001:000267E8   231 0001:0002680D   232 0001:00026814
   233 0001:00026826   234 0001:00026830   235 0001:0002684B   236 0001:00026855
   237 0001:0002685F   238 0001:0002686A   239 0001:00026890   240 0001:000268A7
   241 0001:000268BC   242 0001:000268FE   243 0001:00026909   244 0001:00026918
   240 0001:00026919   245 0001:0002691E   246 0001:00026928   248 0001:00026933
   249 0001:00026951   251 0001:000269B1   257 0001:000269D8   258 0001:00026A04
   259 0001:00026A0B   260 0001:00026A1E   261 0001:00026A28   262 0001:00026A5F
   263 0001:00026A6C   264 0001:00026A8E   265 0001:00026AA0   264 0001:00026ABF
   266 0001:00026AC4   267 0001:00026ACF   268 0001:00026AD7   269 0001:00026AFD
   270 0001:00026B0A   271 0001:00026B1E   272 0001:00026B28   273 0001:00026B45
   274 0001:00026B66   275 0001:00026B7B   274 0001:00026BB5   277 0001:00026BB8
   278 0001:00026BC3   279 0001:00026BD2   270 0001:00026BD5   280 0001:00026BDE
   281 0001:00026BF7   280 0001:00026C0F   282 0001:00026C14   284 0001:00026C1F
   285 0001:00026C42   287 0001:00026CBF   292 0001:00026CD4   293 0001:00026CD9
   294 0001:00026CE4   295 0001:00026CED   296 0001:00026CF4   297 0001:00026CFF
   298 0001:00026D10   297 0001:00026D21   299 0001:00026D24   300 0001:00026D34
   301 0001:00026D44   302 0001:00026D54   303 0001:00026D64   306 0001:00026D68
   307 0001:00026D6C   309 0001:00026D87   310 0001:00026D94   311 0001:00026D9F
   312 0001:00026DAA   313 0001:00026DB9   319 0001:00026DC0   320 0001:00026DDA
   321 0001:00026DEB   322 0001:00026DFB   323 0001:00026E0D   325 0001:00026E1D
   326 0001:00026E2E   327 0001:00026E47   328 0001:00026E52   330 0001:00026E54
   325 0001:00026E55   331 0001:00026E58   332 0001:00026E6C   333 0001:00026E75
   334 0001:00026E7E   335 0001:00026E8C   336 0001:00026E96   337 0001:00026EA0
   338 0001:00026EAB   339 0001:00026ED3   343 0001:00026F00   344 0001:00026F09
   347 0001:00026F0C   348 0001:00026F1D   349 0001:00026F24   350 0001:00026F2F
   351 0001:00026F41   354 0001:00026F4C   355 0001:00026F66   356 0001:00026F71
   357 0001:00026F7D   358 0001:00026F93   359 0001:00026F9C   360 0001:00026FA7
   361 0001:00026FC0   362 0001:00026FCB   364 0001:00026FE4   366 0001:0002700D
   367 0001:00027023   368 0001:00027047   370 0001:0002706D   371 0001:0002707D
   374 0001:000270AF   378 0001:000270B8   379 0001:000270C0   380 0001:000270C8
   381 0001:000270CC   383 0001:000270D3   385 0001:000270D8   388 0001:000270DC
   389 0001:000270DD   390 0001:000270E5   391 0001:000270EB   392 0001:000270F5
   394 0001:00027105   398 0001:00027108   399 0001:00027113   404 0001:00027114
   405 0001:0002711B   406 0001:00027124   407 0001:0002712D   408 0001:0002713A
   409 0001:00027144   414 0001:00027148   415 0001:00027150   416 0001:0002715D
   417 0001:00027164   418 0001:00027172   419 0001:00027185   420 0001:00027192
   423 0001:0002719F   426 0001:000271D2   428 0001:000271E1   431 0001:000271E8
   432 0001:000271F4   433 0001:0002720A   436 0001:0002720C   437 0001:00027217
   438 0001:0002722E   446 0001:00027234   447 0001:0002723D   448 0001:00027248
   449 0001:00027251   450 0001:0002725A   451 0001:00027263   447 0001:00027264
   452 0001:00027267   455 0001:00027270   456 0001:00027276   457 0001:0002727F
   462 0001:00027284   463 0001:00027285   464 0001:00027287   465 0001:0002728C
   466 0001:00027295   468 0001:0002729C   472 0001:000272A0   473 0001:000272A5
   478 0001:000272A8   479 0001:000272B3   481 0001:000272BE   482 0001:000272D5
   484 0001:00027308   485 0001:00027311   486 0001:0002731B   487 0001:0002732B
   488 0001:00027335

Line numbers for FxDimPager(Src\FxDimPager.pas) segment .text

   204 0001:000287EC   205 0001:00028801   206 0001:0002880A   207 0001:00028824
   210 0001:00028828   211 0001:0002882F   212 0001:0002883C   213 0001:00028843
   214 0001:00028851   216 0001:00028875   218 0001:00028882   221 0001:0002888F
   223 0001:0002889C   226 0001:000288B4   228 0001:000288C3   231 0001:000288C8
   232 0001:000288D3   233 0001:000288EA   245 0001:00028954   246 0001:0002896C
   247 0001:00028975   248 0001:0002898B   249 0001:0002898E   250 0001:000289A4
   251 0001:000289B0   253 0001:000289C0   254 0001:000289CA   253 0001:000289F0
   256 0001:00028A0C   259 0001:00028A18   260 0001:00028A23   261 0001:00028A2E
   262 0001:00028A39   263 0001:00028A50   267 0001:00028A54   268 0001:00028A5A
   272 0001:00028A5C   273 0001:00028A65   276 0001:00028A68   277 0001:00028A6E
   278 0001:00028A77   284 0001:00028A7C   285 0001:00028A9A   286 0001:00028AA4
   287 0001:00028AC1   288 0001:00028ADA   290 0001:00028ADF   291 0001:00028AEF
   292 0001:00028B07   293 0001:00028B12   294 0001:00028B22   296 0001:00028B3E
   298 0001:00028B4E   299 0001:00028B6D   300 0001:00028B76   301 0001:00028B87
   303 0001:00028B90   291 0001:00028B91   305 0001:00028B9C   304 0001:00028BB2
   307 0001:00028BC4   308 0001:00028BF8   311 0001:00028C00   312 0001:00028C03
   313 0001:00028C1A   317 0001:00028C1C   318 0001:00028C21   322 0001:00028C24
   323 0001:00028C2F   330 0001:00028C30   331 0001:00028C3B   332 0001:00028C43
   333 0001:00028C49   334 0001:00028C5B   335 0001:00028C69   336 0001:00028C9E
   337 0001:00028CB7   338 0001:00028CD0   339 0001:00028CE9   340 0001:00028D02
   343 0001:00028D26   344 0001:00028D38   345 0001:00028D4A   348 0001:00028D6B
   355 0001:00028DA8   356 0001:00028DBF   357 0001:00028DC8   358 0001:00028DD1
   359 0001:00028DE7   361 0001:00028DF0   362 0001:00028DF9   363 0001:00028E0F
   364 0001:00028E18   366 0001:00028E29   367 0001:00028E32   368 0001:00028E48
   370 0001:00028E6A   373 0001:00028E70   376 0001:00028E7B   377 0001:00028E92
   380 0001:00028E98   381 0001:00028E9B   382 0001:00028EA2   383 0001:00028EB4
   384 0001:00028EBB   387 0001:00028EC0   388 0001:00028EC7   389 0001:00028EDF
   390 0001:00028EF0   391 0001:00028F16   393 0001:00028F27   400 0001:00028F5C
   401 0001:00028F79   402 0001:00028F8C   403 0001:00028F9C   404 0001:00028FBA
   405 0001:00028FD3   406 0001:00028FEC   409 0001:00029025   412 0001:0002902C
   413 0001:00029032   414 0001:0002903F   416 0001:00029051   419 0001:00029054
   420 0001:00029057   421 0001:00029063   424 0001:00029068   425 0001:0002906B
   426 0001:0002907C   429 0001:00029080   430 0001:00029084   431 0001:0002909B
   432 0001:000290A2   433 0001:000290B8   434 0001:000290BD   436 0001:000290D0
   441 0001:000290D4   442 0001:000290DC   443 0001:000290F5   444 0001:0002910F
   445 0001:00029113   447 0001:00029117   448 0001:00029119   450 0001:0002912D
   452 0001:00029141   456 0001:000291BC   457 0001:000291C5   458 0001:000291D0
   459 0001:000291DD   460 0001:000291E5   461 0001:000291F2   462 0001:000291FA
   463 0001:00029207   464 0001:0002920F   470 0001:00029214   471 0001:0002922F
   472 0001:00029244   473 0001:00029264   474 0001:0002926A   475 0001:0002927A
   477 0001:00029287   478 0001:0002929E   479 0001:000292AC   480 0001:000292C6
   482 0001:000292EC   485 0001:0002931E   488 0001:00029324   489 0001:0002932A
   490 0001:00029337   491 0001:00029351   493 0001:00029366   495 0001:0002937B
   502 0001:00029380   503 0001:00029387   504 0001:0002938D   505 0001:0002939A
   506 0001:000293A7   507 0001:000293B1   508 0001:000293C5   509 0001:000293D3
   510 0001:000293DB   511 0001:000293F2   512 0001:000293F9   513 0001:00029406
   515 0001:00029425   519 0001:0002943C   520 0001:00029441   529 0001:00029444
   530 0001:0002944A   531 0001:00029451   532 0001:0002945F   533 0001:00029466
   534 0001:00029479   535 0001:0002947B   536 0001:0002948F   537 0001:0002949C
   538 0001:000294B5   539 0001:000294BE   534 0001:000294BF   540 0001:000294C4
   541 0001:000294E1   542 0001:00029501   545 0001:00029521   546 0001:0002952B
   547 0001:00029539   548 0001:00029546   549 0001:00029553   550 0001:00029559
   552 0001:00029578   553 0001:00029582   554 0001:00029589   556 0001:00029596
   561 0001:0002959C   562 0001:000295BE   563 0001:000295E8   564 0001:000295F3
   565 0001:000295FE   566 0001:00029612   568 0001:00029626   570 0001:00029634
   571 0001:0002963A   573 0001:00029659   574 0001:00029676   575 0001:00029688
   576 0001:00029695   578 0001:000296A5   579 0001:000296C3   580 0001:000296D8
   581 0001:000296E5   583 0001:000296F7   584 0001:00029716   585 0001:00029745
   586 0001:00029764   588 0001:00029774   589 0001:000297A1   590 0001:000297B2
   591 0001:000297C0   592 0001:000297CE   593 0001:000297DC   594 0001:000297E7
   595 0001:000297F0   596 0001:00029818   595 0001:00029841   598 0001:00029844
   599 0001:0002984A   602 0001:00029875   603 0001:00029883   606 0001:000298A1
   607 0001:000298CB   610 0001:00029904   611 0001:00029907   612 0001:0002990E
   614 0001:00029919   622 0001:0002991C   623 0001:00029941   624 0001:00029950
   625 0001:00029966   626 0001:0002996F   627 0001:00029978   628 0001:00029983
   627 0001:00029994   630 0001:000299B4   635 0001:000299C0   636 0001:000299D5
   637 0001:000299DE   638 0001:000299F8   641 0001:000299FC   642 0001:00029A03
   643 0001:00029A0C   644 0001:00029A13   645 0001:00029A21   646 0001:00029A32
   650 0001:00029A3F   653 0001:00029A57   655 0001:00029A66   658 0001:00029A6C
   660 0001:00029A77   661 0001:00029A8E   668 0001:00029A94   669 0001:00029A98
   670 0001:00029A9F   671 0001:00029AA1   672 0001:00029AC7   673 0001:00029AD5
   676 0001:00029AD8   677 0001:00029ADB   678 0001:00029B00   681 0001:00029B04
   682 0001:00029B16   683 0001:00029B1F   684 0001:00029B4A   690 0001:00029B50
   691 0001:00029B6E   692 0001:00029B7B   693 0001:00029B89   694 0001:00029B97
   695 0001:00029BA2   696 0001:00029BAC   697 0001:00029BD1   698 0001:00029BDC
   699 0001:00029BF5   700 0001:00029C09   701 0001:00029C12   702 0001:00029C2F
   698 0001:00029C30   703 0001:00029C35   704 0001:00029C5A   707 0001:00029C71
   709 0001:00029CA4   712 0001:00029CAC   713 0001:00029CB7   714 0001:00029CC2
   715 0001:00029CD9   719 0001:00029CDC   720 0001:00029CE5   724 0001:00029CE8
   725 0001:00029CF3   730 0001:00029CF4   731 0001:00029D06   732 0001:00029D0F
   733 0001:00029D1B   734 0001:00029D24   735 0001:00029D44   740 0001:00029D5C
   741 0001:00029D73   742 0001:00029D7C   743 0001:00029D88   744 0001:00029D91
   745 0001:00029D9E   746 0001:00029DA7   747 0001:00029DB0   748 0001:00029DBC
   749 0001:00029DC5   750 0001:00029DD1   751 0001:00029DDD   752 0001:00029DE9
   753 0001:00029DF5   754 0001:00029E0F   755 0001:00029E21   756 0001:00029E36
   757 0001:00029E4B   758 0001:00029E79   763 0001:00029EE0   764 0001:00029EF2
   765 0001:00029EFB   766 0001:00029F07   767 0001:00029F10   768 0001:00029F30
   770 0001:0002A010   771 0001:0002A019   772 0001:0002A023   773 0001:0002A033
   774 0001:0002A043   775 0001:0002A04D   776 0001:0002A057   777 0001:0002A061

Line numbers for FxHtml(Src\FxHtml.pas) segment .text

   132 0001:0002A748   133 0001:0002A751   134 0001:0002A759   136 0001:0002A76E
   137 0001:0002A779   143 0001:0002A78C   144 0001:0002A793   145 0001:0002A798
   146 0001:0002A79D   147 0001:0002A7AB   148 0001:0002A7B7   149 0001:0002A7F6
   152 0001:0002A814   153 0001:0002A82D   154 0001:0002A863   157 0001:0002A87C
   158 0001:0002A895   159 0001:0002A8CB   164 0001:0002A8E4   165 0001:0002A8EB
   166 0001:0002A8FC   167 0001:0002A909   168 0001:0002A90F   170 0001:0002A915
   171 0001:0002A91E   174 0001:0002A924   175 0001:0002A936   176 0001:0002A93F
   177 0001:0002A95D   180 0001:0002A960   181 0001:0002A98A   182 0001:0002A996
   183 0001:0002A99D   184 0001:0002A9A3   185 0001:0002A9CA   186 0001:0002A9D3
   187 0001:0002AA05   188 0001:0002AA0B   189 0001:0002AA49   190 0001:0002AA4E
   192 0001:0002AA80   193 0001:0002AAAB   198 0001:0002AB1C   199 0001:0002AB2E
   200 0001:0002AB37   201 0001:0002AB3E   202 0001:0002AB4D   203 0001:0002AB5C
   204 0001:0002AB61   205 0001:0002AB66   206 0001:0002AB6D   207 0001:0002AB7C
   208 0001:0002AB8B   209 0001:0002AB9A   210 0001:0002ABA9   211 0001:0002ABB8
   212 0001:0002ABC7   213 0001:0002ABE2   216 0001:0002ABE8   217 0001:0002ABF3
   218 0001:0002ABFB   219 0001:0002AC03   220 0001:0002AC0B   221 0001:0002AC13
   222 0001:0002AC1B   223 0001:0002AC23   224 0001:0002AC2B   225 0001:0002AC33
   226 0001:0002AC4A   229 0001:0002AC50   230 0001:0002AC75   231 0001:0002AC7C
   233 0001:0002AC86   234 0001:0002ACB0   235 0001:0002ACE2   236 0001:0002AD14
   237 0001:0002AD1F   238 0001:0002AD50   239 0001:0002AD5C   240 0001:0002AD70
   241 0001:0002AD84   243 0001:0002ADB2   246 0001:0002AE44   247 0001:0002AE61
   248 0001:0002AE68   250 0001:0002AE72   251 0001:0002AE7E   252 0001:0002AE8A
   253 0001:0002AE96   254 0001:0002AEA2   255 0001:0002AEBD   256 0001:0002AEC9
   257 0001:0002AED5   258 0001:0002AEEA   259 0001:0002AF0F   260 0001:0002AF24
   261 0001:0002AF30   263 0001:0002AF5E   277 0001:0002B09C   278 0001:0002B0C2
   279 0001:0002B0CE   280 0001:0002B0D4   282 0001:0002B0E4   283 0001:0002B10A
   285 0001:0002B126   286 0001:0002B132   288 0001:0002B142   289 0001:0002B150
   291 0001:0002B167   292 0001:0002B17B   294 0001:0002B1B1   289 0001:0002B1B2
   295 0001:0002B1B9   297 0001:0002B1E7   300 0001:0002B1EE   301 0001:0002B1F5
   302 0001:0002B20D   304 0001:0002B215   305 0001:0002B222   307 0001:0002B252
   309 0001:0002B258   310 0001:0002B265   312 0001:0002B287   314 0001:0002B291
   315 0001:0002B2A2   316 0001:0002B2AC   317 0001:0002B2C1   318 0001:0002B2C6
   319 0001:0002B2CF   321 0001:0002B2E0   322 0001:0002B300   323 0001:0002B306
   324 0001:0002B309   319 0001:0002B30C   326 0001:0002B311   328 0001:0002B351
   298 0001:0002B354   330 0001:0002B35D   331 0001:0002B369   283 0001:0002B36C
   333 0001:0002B375   335 0001:0002B395   336 0001:0002B3A1   338 0001:0002B3B4
   339 0001:0002B3C8   340 0001:0002B3D5   336 0001:0002B3D6   341 0001:0002B3DB
   342 0001:0002B3F9   343 0001:0002B42E   346 0001:0002B464   360 0001:0002B4A4
   361 0001:0002B4C9   362 0001:0002B4D0   364 0001:0002B4EA   365 0001:0002B4F9
   367 0001:0002B51E   368 0001:0002B522   370 0001:0002B532   371 0001:0002B53E
   372 0001:0002B542   374 0001:0002B555   376 0001:0002B573   377 0001:0002B58F
   378 0001:0002B597   379 0001:0002B5C4   380 0001:0002B5CA   381 0001:0002B5E9
   382 0001:0002B5F3   383 0001:0002B608   384 0001:0002B620   385 0001:0002B626
   387 0001:0002B66A   388 0001:0002B66F   390 0001:0002B680   391 0001:0002B6A4
   392 0001:0002B6AA   393 0001:0002B6AD   388 0001:0002B6B0   394 0001:0002B6B5
   395 0001:0002B6C3   398 0001:0002B705   374 0001:0002B708   400 0001:0002B70F
   401 0001:0002B726   402 0001:0002B72A   403 0001:0002B739   404 0001:0002B75D
   405 0001:0002B765   406 0001:0002B76B   408 0001:0002B79E   409 0001:0002B7CF
   400 0001:0002B7D2   410 0001:0002B7D9   412 0001:0002B7E5   362 0001:0002B7E8
   413 0001:0002B813   416 0001:0002B848   417 0001:0002B84B   418 0001:0002B853
   421 0001:0002B858   422 0001:0002B85B   423 0001:0002B863   429 0001:0002B868
   430 0001:0002B88E   431 0001:0002B894   432 0001:0002B8A0   433 0001:0002B8CE
   435 0001:0002B8E5   436 0001:0002B8FA   437 0001:0002B930   433 0001:0002B933
   438 0001:0002B936   439 0001:0002B93F   441 0001:0002B979   442 0001:0002B97E
   443 0001:0002B98A   444 0001:0002B99A   445 0001:0002B9BA   446 0001:0002B9C0
   447 0001:0002B9C3   443 0001:0002B9C6   449 0001:0002B9C9   450 0001:0002B9DD
   453 0001:0002BA37   457 0001:0002BA40   458 0001:0002BA48   462 0001:0002BA4C
   463 0001:0002BA54   467 0001:0002BA58   468 0001:0002BA60   472 0001:0002BA64
   473 0001:0002BA6C   477 0001:0002BA70   478 0001:0002BA78   482 0001:0002BA7C
   483 0001:0002BA84   486 0001:0002BA88   487 0001:0002BA91   488 0001:0002BA9C
   489 0001:0002BAA6   490 0001:0002BAAF   493 0001:0002BAB4   494 0001:0002BABA
   495 0001:0002BABF   496 0001:0002BAC3   497 0001:0002BACC   498 0001:0002BAD3
   499 0001:0002BADA   501 0001:0002BADD   506 0001:0002BAE0   507 0001:0002BAE7
   508 0001:0002BAF8   509 0001:0002BB00   510 0001:0002BB06   511 0001:0002BB11
   512 0001:0002BB17   513 0001:0002BB1D   514 0001:0002BB23   515 0001:0002BB2E
   516 0001:0002BB34   518 0001:0002BB3F   519 0001:0002BB48   524 0001:0002BB4C
   525 0001:0002BB7A   526 0001:0002BB86   527 0001:0002BB97   528 0001:0002BBA2
   529 0001:0002BBB4   531 0001:0002BBC4   532 0001:0002BBCF   533 0001:0002BC02
   534 0001:0002BC0D   535 0001:0002BC40   536 0001:0002BC46   537 0001:0002BC78
   538 0001:0002BC7E   539 0001:0002BCB0   540 0001:0002BCB6   541 0001:0002BCD1
   542 0001:0002BCD7   543 0001:0002BD0A   544 0001:0002BD10   545 0001:0002BD43
   546 0001:0002BD4E   547 0001:0002BD83   549 0001:0002BDE0   552 0001:0002BEC8
   553 0001:0002BEDA   554 0001:0002BEE3   555 0001:0002BEF2   556 0001:0002BEF9
   557 0001:0002BF00   558 0001:0002BF04   559 0001:0002BF1F   562 0001:0002BF24
   563 0001:0002BF2F   564 0001:0002BF37   565 0001:0002BF4E   569 0001:0002BF54
   570 0001:0002BF5C   573 0001:0002BF60   574 0001:0002BF66   575 0001:0002BF71
   576 0001:0002BF7B   579 0001:0002BF80   580 0001:0002BF86   581 0001:0002BF91
   582 0001:0002BF9B   584 0001:0002BFFC   585 0001:0002C005   586 0001:0002C00F
   587 0001:0002C01F   588 0001:0002C029

Line numbers for fds60(fds60.dpk) segment .text

    54 0001:0002C334

Bound resource files

Lib60\FxConsts.res
Lib60\FxPBar.dfm
Lib60\FxDCube.dfm
fds60.res
C:\DOCUME~1\john07\LOCALS~1\Temp\dtf396.tmp


Program entry point at 0001:0002C334
