
 Start         Length     Name                   Class
 0001:00000000 00033B80H .text                   CODE
 0002:00000000 00000418H .data                   DATA
 0002:00000418 000000B9H .bss                    BSS


Detailed map of segments

 0001:00000000 000002AE C=CODE     S=.text    G=(none)   M=System   ACBP=A9
 0001:000002B0 000001EC C=CODE     S=.text    G=(none)   M=SysInit  ACBP=A9
 0001:0000049C 000000A0 C=CODE     S=.text    G=(none)   M=Windows  ACBP=A9
 0001:0000053C 0000000E C=CODE     S=.text    G=(none)   M=Types    ACBP=A9
 0001:0000054C 0000010E C=CODE     S=.text    G=(none)   M=SysUtils ACBP=A9
 0001:0000065C 0000000E C=CODE     S=.text    G=(none)   M=SysConst ACBP=A9
 0001:0000066C 0000026E C=CODE     S=.text    G=(none)   M=Classes  ACBP=A9
 0001:000008DC 0000000E C=CODE     S=.text    G=(none)   M=ActiveX  ACBP=A9
 0001:000008EC 00000038 C=CODE     S=.text    G=(none)   M=Messages ACBP=A9
 0001:00000924 0000000E C=CODE     S=.text    G=(none)   M=TypInfo  ACBP=A9
 0001:00000934 000001C6 C=CODE     S=.text    G=(none)   M=Variants ACBP=A9
 0001:00000AFC 0000000E C=CODE     S=.text    G=(none)   M=VarUtils ACBP=A9
 0001:00000B0C 0000000E C=CODE     S=.text    G=(none)   M=RTLConsts ACBP=A9
 0001:00000B1C 0000001E C=CODE     S=.text    G=(none)   M=Dialogs  ACBP=A9
 0001:00000B3C 00000038 C=CODE     S=.text    G=(none)   M=ShlObj   ACBP=A9
 0001:00000B74 00000038 C=CODE     S=.text    G=(none)   M=UrlMon   ACBP=A9
 0001:00000BAC 00000038 C=CODE     S=.text    G=(none)   M=WinInet  ACBP=A9
 0001:00000BE4 00000038 C=CODE     S=.text    G=(none)   M=RegStr   ACBP=A9
 0001:00000C1C 00000038 C=CODE     S=.text    G=(none)   M=ShellAPI ACBP=A9
 0001:00000C54 00000038 C=CODE     S=.text    G=(none)   M=CommCtrl ACBP=A9
 0001:00000C8C 000001A6 C=CODE     S=.text    G=(none)   M=StdCtrls ACBP=A9
 0001:00000E34 0000000E C=CODE     S=.text    G=(none)   M=ActnList ACBP=A9
 0001:00000E44 0000000E C=CODE     S=.text    G=(none)   M=Contnrs  ACBP=A9
 0001:00000E54 0000004E C=CODE     S=.text    G=(none)   M=Math     ACBP=A9
 0001:00000EA4 00000046 C=CODE     S=.text    G=(none)   M=ImgList  ACBP=A9
 0001:00000EEC 000000E6 C=CODE     S=.text    G=(none)   M=Graphics ACBP=A9
 0001:00000FD4 0000000E C=CODE     S=.text    G=(none)   M=Consts   ACBP=A9
 0001:00000FE4 0000015E C=CODE     S=.text    G=(none)   M=Forms    ACBP=A9
 0001:00001144 0000000E C=CODE     S=.text    G=(none)   M=HelpIntfs ACBP=A9
 0001:00001154 0000000E C=CODE     S=.text    G=(none)   M=MultiMon ACBP=A9
 0001:00001164 00000366 C=CODE     S=.text    G=(none)   M=Controls ACBP=A9
 0001:000014CC 00000038 C=CODE     S=.text    G=(none)   M=Imm      ACBP=A9
 0001:00001504 000000F6 C=CODE     S=.text    G=(none)   M=Menus    ACBP=A9
 0001:000015FC 0000000E C=CODE     S=.text    G=(none)   M=Themes   ACBP=A9
 0001:0000160C 0000000E C=CODE     S=.text    G=(none)   M=UxTheme  ACBP=A9
 0001:0000161C 0000000E C=CODE     S=.text    G=(none)   M=SyncObjs ACBP=A9
 0001:0000162C 00000196 C=CODE     S=.text    G=(none)   M=ComCtrls ACBP=A9
 0001:000017C4 0000000E C=CODE     S=.text    G=(none)   M=ListActns ACBP=A9
 0001:000017D4 00000076 C=CODE     S=.text    G=(none)   M=ExtCtrls ACBP=A9
 0001:0000184C 0000000E C=CODE     S=.text    G=(none)   M=WinHelpViewer ACBP=A9
 0001:0000185C 0000000E C=CODE     S=.text    G=(none)   M=StdActns ACBP=A9
 0001:0000186C 0000000E C=CODE     S=.text    G=(none)   M=Printers ACBP=A9
 0001:0000187C 00000038 C=CODE     S=.text    G=(none)   M=WinSpool ACBP=A9
 0001:000018B4 00000038 C=CODE     S=.text    G=(none)   M=CommDlg  ACBP=A9
 0001:000018EC 00000038 C=CODE     S=.text    G=(none)   M=Dlgs     ACBP=A9
 0001:00001924 00000016 C=CODE     S=.text    G=(none)   M=StrUtils ACBP=A9
 0001:0000193C 0000000E C=CODE     S=.text    G=(none)   M=Clipbrd  ACBP=A9
 0001:0000194C 0000000E C=CODE     S=.text    G=(none)   M=FlatSB   ACBP=A9
 0001:0000195C 00000016 C=CODE     S=.text    G=(none)   M=ToolWin  ACBP=A9
 0001:00001974 00000038 C=CODE     S=.text    G=(none)   M=RichEdit ACBP=A9
 0001:000019AC 0000000E C=CODE     S=.text    G=(none)   M=ExtActns ACBP=A9
 0001:000019BC 0000000E C=CODE     S=.text    G=(none)   M=Registry ACBP=A9
 0001:000019CC 0000000E C=CODE     S=.text    G=(none)   M=IniFiles ACBP=A9
 0001:000019DC 0000000E C=CODE     S=.text    G=(none)   M=ExtDlgs  ACBP=A9
 0001:000019EC 00000056 C=CODE     S=.text    G=(none)   M=Buttons  ACBP=A9
 0001:00001A44 0000000E C=CODE     S=.text    G=(none)   M=Mapi     ACBP=A9
 0001:00001A54 0000000E C=CODE     S=.text    G=(none)   M=ComStrs  ACBP=A9
 0001:00001A64 0000005E C=CODE     S=.text    G=(none)   M=DB       ACBP=A9
 0001:00001AC4 00000046 C=CODE     S=.text    G=(none)   M=FMTBcd   ACBP=A9
 0001:00001B0C 0000000E C=CODE     S=.text    G=(none)   M=DBConsts ACBP=A9
 0001:00001B1C 00000016 C=CODE     S=.text    G=(none)   M=SqlTimSt ACBP=A9
 0001:00001B34 0000001E C=CODE     S=.text    G=(none)   M=DateUtils ACBP=A9
 0001:00001B54 0000000E C=CODE     S=.text    G=(none)   M=MaskUtils ACBP=A9
 0001:00001B64 0000000E C=CODE     S=.text    G=(none)   M=ComObj   ACBP=A9
 0001:00001B74 0000000E C=CODE     S=.text    G=(none)   M=ComConst ACBP=A9
 0001:00001B84 0000011E C=CODE     S=.text    G=(none)   M=Grids    ACBP=A9
 0001:00001CA4 0000001E C=CODE     S=.text    G=(none)   M=Mask     ACBP=A9
 0001:00001CC4 00005CCF C=CODE     S=.text    G=(none)   M=FxArrays ACBP=A9
 0001:00007994 00000280 C=CODE     S=.text    G=(none)   M=FxConsts ACBP=A9
 0001:00007C14 0000000E C=CODE     S=.text    G=(none)   M=DBCommon ACBP=A9
 0001:00007C24 0000112C C=CODE     S=.text    G=(none)   M=FxStore  ACBP=A9
 0001:00008D50 00002948 C=CODE     S=.text    G=(none)   M=FxCache  ACBP=A9
 0001:0000B698 00000C98 C=CODE     S=.text    G=(none)   M=FxPBar   ACBP=A9
 0001:0000C330 0000479C C=CODE     S=.text    G=(none)   M=FxBin    ACBP=A9
 0001:00010ACC 00005B5C C=CODE     S=.text    G=(none)   M=FxExpr   ACBP=A9
 0001:00016628 000032EC C=CODE     S=.text    G=(none)   M=FxMap    ACBP=A9
 0001:00019914 000019C0 C=CODE     S=.text    G=(none)   M=FxCommon ACBP=A9
 0001:0001B2D4 00002180 C=CODE     S=.text    G=(none)   M=FxPivSrc ACBP=A9
 0001:0001D454 000024F8 C=CODE     S=.text    G=(none)   M=FxButton ACBP=A9
 0001:0001F94C 0000636A C=CODE     S=.text    G=(none)   M=FxGrid   ACBP=A9
 0001:00025CB8 000000EE C=CODE     S=.text    G=(none)   M=ValEdit  ACBP=A9
 0001:00025DA8 00002118 C=CODE     S=.text    G=(none)   M=FxDCube  ACBP=A9
 0001:00027EC0 00003F7C C=CODE     S=.text    G=(none)   M=FxDB     ACBP=A9
 0001:0002BE3C 000000DE C=CODE     S=.text    G=(none)   M=Chart    ACBP=A9
 0001:0002BF1C 0000000E C=CODE     S=.text    G=(none)   M=TeCanvas ACBP=A9
 0001:0002BF2C 0000000E C=CODE     S=.text    G=(none)   M=TeeFunci ACBP=A9
 0001:0002BF3C 000000A6 C=CODE     S=.text    G=(none)   M=TeEngine ACBP=A9
 0001:0002BFE4 000000CE C=CODE     S=.text    G=(none)   M=TeeProcs ACBP=A9
 0001:0002C0B4 0000000E C=CODE     S=.text    G=(none)   M=TeeConst ACBP=A9
 0001:0002C0C4 00000016 C=CODE     S=.text    G=(none)   M=Series   ACBP=A9
 0001:0002C0DC 000021D6 C=CODE     S=.text    G=(none)   M=FxGraph  ACBP=A9
 0001:0002E2B4 000031BE C=CODE     S=.text    G=(none)   M=FxDimPager ACBP=A9
 0001:00031474 000023EA C=CODE     S=.text    G=(none)   M=FxHtml   ACBP=A9
 0001:00033860 0000031D C=CODE     S=.text    G=(none)   M=fds70    ACBP=A9
 0002:00000000 00000030 C=DATA     S=.data    G=DGROUP   M=SysInit  ACBP=A9
 0002:00000030 00000098 C=DATA     S=.data    G=DGROUP   M=FxArrays ACBP=A9
 0002:000000C8 00000004 C=DATA     S=.data    G=DGROUP   M=FxPBar   ACBP=A9
 0002:000000CC 0000009F C=DATA     S=.data    G=DGROUP   M=FxBin    ACBP=A9
 0002:0000016C 00000120 C=DATA     S=.data    G=DGROUP   M=FxExpr   ACBP=A9
 0002:0000028C 00000024 C=DATA     S=.data    G=DGROUP   M=FxMap    ACBP=A9
 0002:000002B0 00000005 C=DATA     S=.data    G=DGROUP   M=FxPivSrc ACBP=A9
 0002:000002B8 00000024 C=DATA     S=.data    G=DGROUP   M=FxGrid   ACBP=A9
 0002:000002DC 00000014 C=DATA     S=.data    G=DGROUP   M=FxDB     ACBP=A9
 0002:000002F0 00000070 C=DATA     S=.data    G=DGROUP   M=FxDimPager ACBP=A9
 0002:00000360 00000024 C=DATA     S=.data    G=DGROUP   M=FxHtml   ACBP=A9
 0002:00001000 00000010 C=BSS      S=.bss     G=DGROUP   M=SysInit  ACBP=A9
 0002:00001010 00000004 C=BSS      S=.bss     G=DGROUP   M=Windows  ACBP=A9
 0002:00001014 00000004 C=BSS      S=.bss     G=DGROUP   M=Messages ACBP=A9
 0002:00001018 00000004 C=BSS      S=.bss     G=DGROUP   M=ShlObj   ACBP=A9
 0002:0000101C 00000004 C=BSS      S=.bss     G=DGROUP   M=UrlMon   ACBP=A9
 0002:00001020 00000004 C=BSS      S=.bss     G=DGROUP   M=WinInet  ACBP=A9
 0002:00001024 00000004 C=BSS      S=.bss     G=DGROUP   M=RegStr   ACBP=A9
 0002:00001028 00000004 C=BSS      S=.bss     G=DGROUP   M=ShellAPI ACBP=A9
 0002:0000102C 00000004 C=BSS      S=.bss     G=DGROUP   M=CommCtrl ACBP=A9
 0002:00001030 00000004 C=BSS      S=.bss     G=DGROUP   M=Imm      ACBP=A9
 0002:00001034 00000004 C=BSS      S=.bss     G=DGROUP   M=WinSpool ACBP=A9
 0002:00001038 00000004 C=BSS      S=.bss     G=DGROUP   M=CommDlg  ACBP=A9
 0002:0000103C 00000004 C=BSS      S=.bss     G=DGROUP   M=Dlgs     ACBP=A9
 0002:00001040 00000004 C=BSS      S=.bss     G=DGROUP   M=RichEdit ACBP=A9
 0002:00001044 0000000C C=BSS      S=.bss     G=DGROUP   M=FxArrays ACBP=A9
 0002:00001050 00000004 C=BSS      S=.bss     G=DGROUP   M=FxConsts ACBP=A9
 0002:00001054 00000014 C=BSS      S=.bss     G=DGROUP   M=FxStore  ACBP=A9
 0002:00001068 00000004 C=BSS      S=.bss     G=DGROUP   M=FxCache  ACBP=A9
 0002:0000106C 00000004 C=BSS      S=.bss     G=DGROUP   M=FxPBar   ACBP=A9
 0002:00001070 00000004 C=BSS      S=.bss     G=DGROUP   M=FxBin    ACBP=A9
 0002:00001074 00000010 C=BSS      S=.bss     G=DGROUP   M=FxExpr   ACBP=A9
 0002:00001084 00000004 C=BSS      S=.bss     G=DGROUP   M=FxMap    ACBP=A9
 0002:00001088 00000004 C=BSS      S=.bss     G=DGROUP   M=FxCommon ACBP=A9
 0002:0000108C 00000004 C=BSS      S=.bss     G=DGROUP   M=FxPivSrc ACBP=A9
 0002:00001090 00000004 C=BSS      S=.bss     G=DGROUP   M=FxButton ACBP=A9
 0002:00001094 0000000C C=BSS      S=.bss     G=DGROUP   M=FxGrid   ACBP=A9
 0002:000010A0 00000008 C=BSS      S=.bss     G=DGROUP   M=FxDCube  ACBP=A9
 0002:000010A8 00000004 C=BSS      S=.bss     G=DGROUP   M=FxDB     ACBP=A9
 0002:000010AC 00000004 C=BSS      S=.bss     G=DGROUP   M=FxGraph  ACBP=A9
 0002:000010B0 00000004 C=BSS      S=.bss     G=DGROUP   M=FxDimPager ACBP=A9
 0002:000010B4 00000004 C=BSS      S=.bss     G=DGROUP   M=FxHtml   ACBP=A9


  Address         Publics by Name

 0002:000010A8       .01
 0002:00001070       .02
 0002:00001028       .1
 0002:00001024       .1
 0002:00001008       .1
 0002:00001020       .1
 0002:0000101C       .1
 0002:00001018       .1
 0002:00001014       .1
 0002:00001030       .1
 0002:00001038       .1
 0002:0000103C       .1
 0002:00001040       .1
 0002:00001050       .1
 0002:0000102C       .1
 0002:00001088       .11
 0002:000010A4       .3
 0002:0000108C       .3
 0002:00001010       .3
 0002:00001034       .3
 0002:00001078       .31
 0002:000010B4       .4
 0002:00001064       .4
 0002:00001090       .4
 0002:0000106C       .4
 0002:000010B0       .41
 0002:000010AC       .5
 0002:00001068       .51
 0002:00001094       .7
 0002:00001084       .8
 0002:00001044       .91
 0001:00033B58       @GetPackageInfoTable
 0001:000003E8       @InitPkg
 0001:0000044C       @PackageLoad
 0001:00033B60       @PackageLoad
 0001:00000458       @PackageUnload
 0001:00033B6C       @PackageUnload
 0001:0000CF44       AddField
 0002:00001060       AggTicker
 0002:000002D0       AlignFlags
 0001:000002E8       AllocTlsBuffer
 0002:0000018C       AlphaNum
 0002:00000224       ArgCount
 0002:00001048       AvailableMemory
 0002:00000030       BaseArrayClasses
 0002:000000CC       BinFieldClasses
 0002:00000294       BinFormats
 0002:00000164       BinKind
 0002:00000314       BinValues
 0002:000002B8       BitmapArray
 0002:00000330       Bitmaps
 0002:00000348       BtnHints
 0001:00031B58       Cat
 0001:000028E0       CheckLowCapacity
 0001:00031BAC       ColorValue
 0001:00031C40       ColSpan
 0001:00000C84       CommCtrl
 0001:000018E4       CommDlg
 0001:0001A1C4       ConvertToVariant
 0002:0000107C       Dict
 0001:0000191C       Dlgs
 0002:00001054       DomainTicker
 0002:00001098       DrawBitmap
 0001:000004BC       DrawEdge
 0001:000004C4       DrawText
 0002:000002DC       Elements
 0001:0000BA44       ExecuteProgressDialog
 0001:00000394       ExitProcessTLS
 0001:0000036C       ExitThreadTLS
 0001:000004A4       ExtTextOut
 0002:000010A0       FDCubeEditor
 0001:00033B78       fds70
 0001:0001D41C       Finalization
 0001:0001F914       Finalization
 0001:0001B29C       Finalization
 0001:00025C40       Finalization
 0001:00027E88       Finalization
 0001:000198C4       Finalization
 0001:00001974       Finalization
 0001:000018EC       Finalization
 0001:000018B4       Finalization
 0001:0000187C       Finalization
 0001:000014CC       Finalization
 0001:00000C54       Finalization
 0001:0002BDD8       Finalization
 0001:00000C1C       Finalization
 0001:0001656C       Finalization
 0001:00000BE4       Finalization
 0001:00000BAC       Finalization
 0001:0002E254       Finalization
 0001:00000B74       Finalization
 0001:00000B3C       Finalization
 0001:000008EC       Finalization
 0001:00000504       Finalization
 0001:00010A94       Finalization
 0001:00031358       Finalization
 0001:00000464       Finalization
 0001:0000C2F8       Finalization
 0001:0000B660       Finalization
 0001:00008D18       Finalization
 0001:000337D4       Finalization
 0001:00007BDC       Finalization
 0001:00007948       Finalization
 0001:0001A058       FormatVariant
 0002:000002B0       Freeing
 0001:000002B0       FreeLibrary
 0002:00000258       FuncName
 0001:00007978       FxArrays
 0001:00010AC4       FxBin
 0001:0001F944       FxButton
 0001:0000B690       FxCache
 0001:0001B2CC       FxCommon
 0001:00007C0C       FxConsts
 0001:0002BE08       FxDB
 0001:00027EB8       FxDCube
 0001:00031420       FxDimPager
 0001:000165E4       FxExpr
 0001:0002E284       FxGraph
 0001:00025C88       FxGrid
 0001:00033830       FxHtml
 0001:0001990C       FxMap
 0001:0000C328       FxPBar
 0001:0001D44C       FxPivSrc
 0001:00008D48       FxStore
 0001:00002894       GetAvailableMem
 0001:000004CC       GetCursor
 0001:000028CC       GetMemoryCapacity
 0001:000004AC       GetNearestColor
 0001:0000A610       GetRange
 0001:000004D4       GetSystemMetrics
 0001:000002F4       GetTlsSize
 0001:0000049C       GlobalMemoryStatus
 0002:00000360       HAlignValue
 0002:00001004       HInstance
 0001:000014FC       Imm
 0001:000004DC       InflateRect
 0001:000003B8       InitializeModule
 0001:00000340       InitProcessTLS
 0001:000002FC       InitThreadTLS
 0001:000004E4       LoadBitmap
 0001:000004EC       LoadCursor
 0001:000002B8       LocalAlloc
 0001:000002C0       LocalFree
 0002:000002B4       Lock
 0001:0000091C       Messages
 0002:0000016C       Meta
 0002:00000008       Module
 0002:00001000       ModuleIsLib
 0002:00001001       ModuleIsPackage
 0002:000002F0       OrientValues
 0001:000004F4       PostMessage
 0002:00001080       ProcVariantType
 0002:000000C8       ProgressDlg
 0002:00000004       PtrToNil
 0001:00012368       RegisterName
 0001:00000C14       RegStr
 0001:00020D34       ReleaseBitmap
 0001:000019A4       RichEdit
 0001:00031CB0       RowSpan
 0002:00000300       ScaleValues
 0002:0000105C       ScopeTicker
 0001:000004B4       SetBkMode
 0001:000004FC       SetCursor
 0001:000028B8       SetMemoryCapacity
 0001:00000C4C       ShellAPI
 0001:00000B6C       ShlObj
 0001:000263EC       ShowFDCubeEditor
 0002:0000028C       SimpleBin
 0002:00000290       SimpleSum
 0002:00001058       SparseTicker
 0001:0000BBF4       StartCounter
 0001:0000BB30       StartProgress
 0002:000002F8       StateValues
 0001:00000494       SysInit
 0002:00001074       SystemUnit
 0002:00000354       Table
 0001:00014448       TAddExpr.Create
 0001:000144A4       TAddExpr.Eval
 0001:00013E7C       TAndExpr.Create
 0001:00013ED8       TAndExpr.Eval
 0001:0000F9DC       TAvgBin.Create
 0001:0000FA3C       TAvgBin.GetAsString
 0001:0000FB30       TAvgBin.GetVarValue
 0001:0000FBC8       TAvgBin.SetVarValue
 0001:00002A0C       TBaseArray.AddNull
 0001:000029E4       TBaseArray.Clear
 0001:00002920       TBaseArray.Create
 0001:00002BB0       TBaseArray.Delete
 0001:000029A8       TBaseArray.Destroy
 0001:00002EA8       TBaseArray.Exchange
 0001:00002B10       TBaseArray.FindNull
 0001:00002AF0       TBaseArray.GetCount
 0001:00002C14       TBaseArray.Grow
 0001:00002ECC       TBaseArray.MemoryUsage
 0001:00002C6C       TBaseArray.Notify
 0001:00002C80       TBaseArray.SetCapacity
 0001:00002DA8       TBaseArray.SetCount
 0001:00002EBC       TBaseArray.Sort
 0001:0001613C       TBaseCallExpr.Create
 0001:000161EC       TBaseCallExpr.Destroy
 0001:00016228       TBaseCallExpr.GetActive
 0001:0001628C       TBaseCallExpr.TryLoad
 0001:00013D3C       TBiExpr.Create
 0001:00013DA4       TBiExpr.Destroy
 0001:00013DEC       TBiExpr.GetActive
 0001:00013E24       TBiExpr.TryLoad
 0001:0001AA00       TBinData.AddBin
 0001:0001A4FC       TBinData.AddBinValue
 0001:0001A5F0       TBinData.AddBinValues
 0001:0001AC10       TBinData.AddIBinValue
 0001:0001A450       TBinData.Assign
 0001:0001A68C       TBinData.BinValueCount
 0001:0001A9AC       TBinData.Clear
 0001:0001A344       TBinData.Create
 0001:0001A3BC       TBinData.Destroy
 0001:0001AA9C       TBinData.FindName
 0001:0001A708       TBinData.GetAllBinValueCount
 0001:0001A8DC       TBinData.GetBinCount
 0001:0001A8B4       TBinData.GetBinName
 0001:0001A8FC       TBinData.GetBinNameDataType
 0001:0001A74C       TBinData.GetBinValue
 0001:0001A7C8       TBinData.GetBinValues
 0001:0001AB48       TBinData.GetIBinValue
 0001:0001ABB0       TBinData.GetIBinValueCount
 0001:0001A910       TBinData.GetMaxBinNameSize
 0001:0000DF24       TBinField.Aggregate
 0001:0000DFB0       TBinField.AsString
 0001:0000E004       TBinField.Clear
 0001:0000E028       TBinField.Create
 0001:0000E0C8       TBinField.GetAsString
 0001:0000E14C       TBinField.GetAsVariant
 0001:0000E18C       TBinField.GetDataTypeName
 0001:0000E1BC       TBinField.IsNull
 0001:0000E1EC       TBinField.NullCompare
 0001:0000E270       TBinField.SetAsVariant
 0001:0000CF10       TBinFields.Add
 0001:0000D040       TBinFields.Create
 0001:0000D16C       TBinFields.Destroy
 0001:0000D1A8       TBinFields.GetItems
 0001:0000D1CC       TBinFields.Layout
 0001:0000D410       TBinFields.Notify
 0001:0000E738       TBinIndex.Create
 0001:0000E788       TBinIndex.Find
 0001:0000E824       TBinIndex.Notify
 0001:0000D434       TBinTable.Aggregate
 0001:0000DB44       TBinTable.Clear
 0001:0000D4CC       TBinTable.Clone
 0001:0000D504       TBinTable.Compare
 0001:0000D57C       TBinTable.Create
 0001:0000D634       TBinTable.Destroy
 0001:0000DA38       TBinTable.Fetch
 0001:0000DB00       TBinTable.GetRecordCount
 0001:0000D690       TBinTable.Insert
 0001:0000D8E4       TBinTable.InternalFetch
 0001:0000D6F0       TBinTable.MakeBin
 0001:0000DB94       TBinTable.MemoryUsage
 0001:0000DB20       TBinTable.SetRecNo
 0001:0000F328       TBooleanBin.Compare
 0001:0000F374       TBooleanBin.GetAsString
 0001:0000F3AC       TBooleanBin.GetDataSize
 0001:0000F3C4       TBooleanBin.GetVarValue
 0001:0000F3F4       TBooleanBin.SetVarValue
 0001:00015CFC       TBuiltInCallExpr.Create
 0001:00015DF8       TBuiltInCallExpr.Eval
 0001:0001347C       TCallExpr.Create
 0001:000134D0       TCallExpr.Destroy
 0001:0001350C       TCallExpr.Eval
 0001:00013618       TCallExpr.GetActive
 0001:0001364C       TCallExpr.TryLoad
 0001:00014628       TCmpExpr.Create
 0001:00030CEC       TComboDataLink.Create
 0001:00030D3C       TComboDataLink.DecisionDataEvent
 0001:00030DB0       TComboDataLink.Destroy
 0001:0001ACE0       TCommonDataStore.Create
 0001:0001AD6C       TCommonDataStore.Destroy
 0001:0001ADB4       TCommonDataStore.SetExternals
 0001:0001ADD4       TCommonDataStore.SetMaxCells
 0001:0001AE00       TCommonDataStore.SetMaxDimensions
 0001:0000B5B8       TCommonDimItem.Destroy
 0001:0000B5F4       TCommonDimItem.GetName
 0001:0000B618       TCommonDimItem.SetDef
 0001:00015C1C       TConstCallExpr.Create
 0001:00015C70       TConstCallExpr.Eval
 0001:0000F588       TCountBin.Aggregate
 0001:0000F7C4       TCountBin.Compare
 0001:0000F80C       TCountBin.Count
 0001:0000F890       TCountBin.Create
 0001:0000F900       TCountBin.GetAsString
 0001:0000F970       TCountBin.GetDataSize
 0001:0000F988       TCountBin.GetVarValue
 0001:0000F9B4       TCountBin.SetVarValue
 0001:00004ACC       TCurrencyArray.Add
 0001:00004A1C       TCurrencyArray.Add
 0001:00004C84       TCurrencyArray.Assign
 0001:000049C8       TCurrencyArray.Create
 0001:00004E80       TCurrencyArray.Find
 0001:00004CF8       TCurrencyArray.Find
 0001:00004B38       TCurrencyArray.GetItem
 0001:00004B64       TCurrencyArray.GetValue
 0001:00004F88       TCurrencyArray.IndexOf
 0001:00005004       TCurrencyArray.Insert
 0001:00004B10       TCurrencyArray.PutItem
 0001:0000FBFC       TCurrencyBin.Aggregate
 0001:0000FF1C       TCurrencyBin.Compare
 0001:0000FEA8       TCurrencyBin.GetAsString
 0001:0000FF9C       TCurrencyBin.GetDataSize
 0001:0000FFB4       TCurrencyBin.GetVarValue
 0001:0000FFE0       TCurrencyBin.SetVarValue
 0001:0000712C       TCustomArray.Add
 0001:00007028       TCustomArray.Assign
 0001:000073A8       TCustomArray.Clear
 0001:00006B58       TCustomArray.Create
 0001:00006C98       TCustomArray.Destroy
 0001:000073C8       TCustomArray.Find
 0001:0000736C       TCustomArray.GetCapacity
 0001:00006D64       TCustomArray.GetCount
 0001:00007334       TCustomArray.GetDups
 0001:00006DC8       TCustomArray.GetItem
 0001:000072E8       TCustomArray.GetSort
 0001:000072C0       TCustomArray.MemoryUsage
 0001:00007388       TCustomArray.SetCapacity
 0001:00007350       TCustomArray.SetDups
 0001:00007308       TCustomArray.SetSort
 0001:00006CDC       TCustomArray.UnsupportedTypeError
 0001:0002542C       TCustomFxGrid.CellDrawState
 0001:00022BE8       TCustomFxGrid.CellRect
 0001:000254F8       TCustomFxGrid.CellValueArray
 0001:0002504C       TCustomFxGrid.CMDesignHitTest
 0001:00022A30       TCustomFxGrid.ColWidthsChanged
 0001:00025BD4       TCustomFxGrid.ConvertWidth
 0001:00020F4C       TCustomFxGrid.Create
 0001:00021438       TCustomFxGrid.DataToRawCoord
 0001:00021488       TCustomFxGrid.DataToRawX
 0001:000214B8       TCustomFxGrid.DataToRawY
 0001:0002128C       TCustomFxGrid.Destroy
 0001:00022D5C       TCustomFxGrid.DrawCell
 0001:0002274C       TCustomFxGrid.DrawSpecialState
 0001:00022700       TCustomFxGrid.FontChanged
 0001:0002522C       TCustomFxGrid.GetCaption
 0001:0002539C       TCustomFxGrid.GetCells
 0001:000255F4       TCustomFxGrid.GetColCount
 0001:00025130       TCustomFxGrid.GetData
 0001:00022380       TCustomFxGrid.GetDataPoint
 0001:00024FEC       TCustomFxGrid.GeTDecisionSource
 0001:00023CC0       TCustomFxGrid.GetDimensionIndex
 0001:000255BC       TCustomFxGrid.GetFixedCols
 0001:000255A0       TCustomFxGrid.GetFixedRows
 0001:00021D58       TCustomFxGrid.GetHitTypes
 0001:000239A8       TCustomFxGrid.GetHorzButtonPlace
 0001:000252AC       TCustomFxGrid.GetLabel
 0001:000255D8       TCustomFxGrid.GetRowCount
 0001:000222D8       TCustomFxGrid.GetSpecialState
 0001:0002553C       TCustomFxGrid.GetTotals
 0001:00021A58       TCustomFxGrid.InitializeGridCells
 0001:00023958       TCustomFxGrid.InvalidateTargetCell
 0001:00023E64       TCustomFxGrid.MouseDown
 0001:00024F48       TCustomFxGrid.MouseMove
 0001:0002390C       TCustomFxGrid.MouseToDataCoord
 0001:00024F8C       TCustomFxGrid.MouseUp
 0001:000214E8       TCustomFxGrid.NewDataStructure
 0001:00021798       TCustomFxGrid.NewGridLayout
 0001:00021390       TCustomFxGrid.Notification
 0001:00022C3C       TCustomFxGrid.Paint
 0001:00023D30       TCustomFxGrid.PerformPivot
 0001:000213E8       TCustomFxGrid.RawToDataCoord
 0001:00024C84       TCustomFxGrid.RightMouse
 0001:00022B1C       TCustomFxGrid.RowHeightsChanged
 0001:000229E0       TCustomFxGrid.SelectCell
 0001:00024B5C       TCustomFxGrid.SelectDimOptions
 0001:00024A6C       TCustomFxGrid.SelectGridOptions
 0001:00022668       TCustomFxGrid.SetCaptionColor
 0001:0002263C       TCustomFxGrid.SetCaptionFont
 0001:00022510       TCustomFxGrid.SetColWidth
 0001:000226B8       TCustomFxGrid.SetDataColor
 0001:0002268C       TCustomFxGrid.SetDataFont
 0001:000226DC       TCustomFxGrid.SetDataSumColor
 0001:0002500C       TCustomFxGrid.SetDecisionSource
 0001:000225A4       TCustomFxGrid.SetGridLineColor
 0001:00022580       TCustomFxGrid.SetGridLineWidth
 0001:000225F4       TCustomFxGrid.SetLabelColor
 0001:000225C8       TCustomFxGrid.SetLabelFont
 0001:00022618       TCustomFxGrid.SetLabelSumColor
 0001:00025C14       TCustomFxGrid.SetLabelSumFont
 0001:00023A64       TCustomFxGrid.SetNearestTargetCell
 0001:00022718       TCustomFxGrid.SetOptions
 0001:00022540       TCustomFxGrid.SetRowHeight
 0001:00025610       TCustomFxGrid.SetTotals
 0001:000229FC       TCustomFxGrid.TopLeftChanged
 0001:0002369C       TCustomFxGrid.WhichCoord
 0001:00023850       TCustomFxGrid.WhichCoordExCap
 0001:0000A3AC       TDataCache.AggValue
 0001:0000AB08       TDataCache.BuildMetaData
 0001:0000A288       TDataCache.Create
 0001:0000AEE0       TDataCache.CreateSummaryIndex
 0001:0000A304       TDataCache.Destroy
 0001:0000AC64       TDataCache.FetchAndBinValues
 0001:0000A368       TDataCache.FreeCache
 0001:0000A668       TDataCache.GetDomain
 0001:0000AA1C       TDataCache.GetMemoryUsage
 0001:0000AA84       TDataCache.GetSparsing
 0001:0000A520       TDataCache.GetSummaryAsString
 0001:0000A4EC       TDataCache.GetSummaryAsVariant
 0001:0000A354       TDataCache.Init
 0001:0000A550       TDataCache.IsIndexSparse
 0001:0000B4B4       TDataCache.Restruct
 0001:0000AACC       TDataCache.SetActive
 0001:0000A95C       TDataCache.SetActiveSummary
 0001:0000AAA4       TDataCache.SetSparsing
 0001:0000AE28       TDataCache.SortLookups
 0001:0000B468       TDataCache.UnkCount
 0001:0000B3A8       TDataCache.UpdateCache
 0001:0000E858       TDateTimeBin.Aggregate
 0001:0000EACC       TDateTimeBin.Compare
 0001:0000EB50       TDateTimeBin.GetAsString
 0001:0000EBB0       TDateTimeBin.GetDataSize
 0001:0000EBC8       TDateTimeBin.GetVarValue
 0001:0000EBF4       TDateTimeBin.SetVarValue
 0001:0002AD50       TDecisionDataLink.Create
 0001:0002ADCC       TDecisionDataLink.DecisionDataEvent
 0001:0002AD90       TDecisionDataLink.Destroy
 0001:0002ADDC       TDecisionDataLink.SetDecisionSource
 0001:00009608       TDerivedSummary.AsString
 0001:00009890       TDerivedSummary.Create
 0001:000098E0       TDerivedSummary.Value
 0001:00014C48       TDictionary.Add
 0001:00014F60       TDictionary.Alloc
 0001:00014AA8       TDictionary.Create
 0001:00014B08       TDictionary.Destroy
 0001:00014FE4       TDictionary.GetItems
 0001:00014B68       TDictionary.Grow
 0001:00014CCC       TDictionary.IndexOf
 0001:00014D4C       TDictionary.KeyWord
 0001:00014E1C       TDictionary.RegIdent
 0001:00014E48       TDictionary.ReservedWords
 0001:00014EC4       TDictionary.SetSize
 0001:00014F14       TDictionary.StringHash
 0001:00031138       TDimEditor.Create
 0001:00009F9C       TDimension.AsString
 0001:00009E54       TDimension.Clear
 0001:00009A1C       TDimension.Create
 0001:00009A94       TDimension.Destroy
 0001:00009EE8       TDimension.GetCount
 0001:00009E9C       TDimension.GetItem
 0001:00009F08       TDimension.MemoryUsage
 0001:00009B14       TDimension.QuickSort
 0001:00009C4C       TDimension.SortLookup
 0001:000170C4       TDimensionItem.Assign
 0001:00016FF0       TDimensionItem.Create
 0001:00017F30       TDimensionItem.DataSetTransform
 0001:00017064       TDimensionItem.Destroy
 0001:00017E20       TDimensionItem.DoTransform
 0001:00017F08       TDimensionItem.Finalize
 0001:000176A4       TDimensionItem.FormatValue
 0001:00018580       TDimensionItem.GetActive
 0001:0001855C       TDimensionItem.GetCollection
 0001:00017BB8       TDimensionItem.GetDerived
 0001:00017988       TDimensionItem.GetDisplayName
 0001:00017654       TDimensionItem.GetField
 0001:00017450       TDimensionItem.IsDimension
 0001:0001746C       TDimensionItem.IsSummary
 0001:00018134       TDimensionItem.MonthTransform
 0001:0001831C       TDimensionItem.QuarterTransform
 0001:00017414       TDimensionItem.SetActiveFlag
 0001:00017488       TDimensionItem.SetAlignment
 0001:00017D78       TDimensionItem.SetBinType
 0001:00017264       TDimensionItem.SetCaption
 0001:0001731C       TDimensionItem.SetFieldName
 0001:0001737C       TDimensionItem.SetFormat
 0001:00017590       TDimensionItem.SetKeyFields
 0001:000174E8       TDimensionItem.SetKind
 0001:000175D4       TDimensionItem.SetLookupDataSet
 0001:00017610       TDimensionItem.SetLookupResultField
 0001:0001729C       TDimensionItem.SetName
 0001:00017BD4       TDimensionItem.SetStartDate
 0001:00017C60       TDimensionItem.SetStartValue
 0001:00017B14       TDimensionItem.SetSumExpr
 0001:000173B4       TDimensionItem.SetType
 0001:000174B8       TDimensionItem.SetWidth
 0001:00018394       TDimensionItem.TryLoad
 0001:0001821C       TDimensionItem.WeekTransform
 0001:00018048       TDimensionItem.YearTransform
 0001:00018678       TDimensionItems.Add
 0001:000188C0       TDimensionItems.Build
 0001:00019240       TDimensionItems.Compile
 0001:0001859C       TDimensionItems.Create
 0001:000185F0       TDimensionItems.Destroy
 0001:000191DC       TDimensionItems.Find
 0001:0001872C       TDimensionItems.GetActiveDimCount
 0001:0001878C       TDimensionItems.GetActiveSumCount
 0001:000190B8       TDimensionItems.GetDataSet
 0001:00019158       TDimensionItems.GetDataStore
 0001:00018694       TDimensionItems.GetDimCount
 0001:0001862C       TDimensionItems.GetDimensionItem
 0001:000186E0       TDimensionItems.GetSumCount
 0001:00018C8C       TDimensionItems.Load
 0001:000191B4       TDimensionItems.Notify
 0001:000187EC       TDimensionItems.SetActive
 0001:00018650       TDimensionItems.SetDimensionItem
 0001:00019100       TDimensionItems.Update
 0001:0000A08C       TDimensions.Find
 0001:0000A0F0       TDimensions.GetItems
 0001:0000A114       TDimensions.Notify
 0001:0000A138       TDimensions.SetItems
 0001:0002B2D8       TDimInfoArray.Assign
 0001:0002B1F8       TDimInfoArray.Create
 0001:0002B294       TDimInfoArray.Destroy
 0001:0002B3FC       TDimInfoArray.Find
 0001:0002B464       TDimInfoArray.GetCount
 0001:0002B300       TDimInfoArray.GetGroupSize
 0001:0002B368       TDimInfoArray.GetItem
 0001:0002BC84       TDimInfoList.Add
 0001:0002BCB8       TDimInfoList.Delete
 0001:0002BCF4       TDimInfoList.GetItems
 0001:0002BD18       TDimInfoList.IndexOfActive
 0001:0002BD70       TDimInfoList.Insert
 0001:0002BDB4       TDimInfoList.SetItems
 0001:0002F924       TDimPager.Create
 0001:0002FA10       TDimPager.Destroy
 0001:0002FA5C       TDimPager.GetActivePage
 0001:0002FA78       TDimPager.GetDecisionSource
 0001:0002FA98       TDimPager.GetPages
 0001:0002FABC       TDimPager.NewPanelSetup
 0001:0002FC68       TDimPager.Pivot
 0001:0002FC8C       TDimPager.SetActivePage
 0001:0002FCA8       TDimPager.SetDecisionSource
 0001:00014A2C       TDimSymbol.Eval
 0001:00014A54       TDimSymbol.GetActive
 0001:00014A74       TDimSymbol.TryLoad
 0001:0002FCCC       TDimTab.BinDim
 0001:0002FE58       TDimTab.Create
 0001:0002FF54       TDimTab.Destroy
 0001:0002FF88       TDimTab.DoShow
 0001:0002FFBC       TDimTab.DrillValue
 0001:0003006C       TDimTab.EditorChanged
 0001:00030160       TDimTab.EyeClick
 0001:00030198       TDimTab.GetDecisionSource
 0001:000301B8       TDimTab.GetPageControl
 0001:000301E0       TDimTab.LayClick
 0001:0003025C       TDimTab.MoveDim
 0001:00030360       TDimTab.Notification
 0001:000303E0       TDimTab.OnEditBtn
 0001:00030508       TDimTab.PinClick
 0001:00030578       TDimTab.SetDim
 0001:00030670       TDimTab.SetPageControl
 0001:0003068C       TDimTab.SetParent
 0001:00030858       TDimTab.ShowTab
 0001:00030C00       TDimTab.ToggleState
 0001:000310BC       TDimToolBar.Create
 0001:00025978       TDisplayDim.Assign
 0001:000258F0       TDisplayDim.Create
 0001:00025BB4       TDisplayDim.NotifyCollection
 0001:00025B24       TDisplayDim.SetAlignment
 0001:00025B48       TDisplayDim.SetColor
 0001:00025A48       TDisplayDim.SetFieldName
 0001:00025AC8       TDisplayDim.SetFormat
 0001:000259EC       TDisplayDim.SetName
 0001:00025B6C       TDisplayDim.SetSubs
 0001:00025B90       TDisplayDim.SetWidth
 0001:000257B8       TDisplayDims.Create
 0001:00025830       TDisplayDims.GetDisplayDim
 0001:00025814       TDisplayDims.GetOwner
 0001:00025854       TDisplayDims.NotifyOwner
 0001:000258C8       TDisplayDims.SetDisplayDim
 0001:00014164       TDivExpr.Create
 0001:000141C0       TDivExpr.Eval
 0001:00014260       TDivideExpr.Create
 0001:000142BC       TDivideExpr.Eval
 0001:000044E0       TDoubleArray.Add
 0001:00004590       TDoubleArray.Add
 0001:000045D4       TDoubleArray.Assign
 0001:00004358       TDoubleArray.Create
 0001:000047C8       TDoubleArray.Find
 0001:00004648       TDoubleArray.Find
 0001:000043D4       TDoubleArray.GetItem
 0001:00004400       TDoubleArray.GetValue
 0001:000048D0       TDoubleArray.IndexOf
 0001:00004948       TDoubleArray.Insert
 0001:000043AC       TDoubleArray.PutItem
 0001:000312DC       TDrillBox.Create
 0001:00014684       TEQExpr.Eval
 0001:00013460       TErrorExpr.Eval
 0001:0001544C       TErrorSymbol.Eval
 0001:000154E4       TErrorSymbol.GetActive
 0001:000154F8       TErrorSymbol.TryLoad
 0001:00030C2C       TExEditor.AddCombo
 0001:000133B0       TExprList.Create
 0001:00012ED8       TExprParser.Call
 0001:00012F94       TExprParser.Composition
 0001:00013034       TExprParser.Designator
 0001:00013074       TExprParser.Expr
 0001:000130D4       TExprParser.Factor
 0001:00013110       TExprParser.Primary
 0001:00013238       TExprParser.Relation
 0001:00013318       TExprParser.Term
 0001:0001B230       TExprs.GetItems
 0001:0001B254       TExprs.Notify
 0001:0001B278       TExprs.SetItems
 0001:00016304       TExternCallExpr.Create
 0001:00016368       TExternCallExpr.Eval
 0001:00027A84       TFDCubeEditor.ActiveEditChange
 0001:00027E34       TFDCubeEditor.AlignEditChange
 0001:00027AA0       TFDCubeEditor.CancelButtonClick
 0001:00026F8C       TFDCubeEditor.CommitEdit
 0001:0002645C       TFDCubeEditor.Create
 0001:000264CC       TFDCubeEditor.Destroy
 0001:00027DD4       TFDCubeEditor.FormKeyPress
 0001:00027DAC       TFDCubeEditor.GetCellCountsClick
 0001:00027B10       TFDCubeEditor.GetValueCounts
 0001:00027A64       TFDCubeEditor.HandleBeginEdit
 0001:00027790       TFDCubeEditor.HandleFieldEdit
 0001:00027E10       TFDCubeEditor.HelpButtonClick
 0001:00027394       TFDCubeEditor.InitCapacityPage
 0001:00026BC0       TFDCubeEditor.InitEdit
 0001:00026AF0       TFDCubeEditor.InitializePanel
 0001:00026B80       TFDCubeEditor.lbFieldsClick
 0001:00027718       TFDCubeEditor.OKButtonClick
 0001:00027AB8       TFDCubeEditor.PagerChange
 0001:00027E50       TFDCubeEditor.rgDsgnOptionsClick
 0001:000266CC       TFDCubeEditor.SFinalize
 0001:0002650C       TFDCubeEditor.SInitialize
 0001:000269C8       TFDCubeEditor.UpdateLists
 0001:0000E348       TFloatBin.Aggregate
 0001:0000E5BC       TFloatBin.Compare
 0001:0000E64C       TFloatBin.GetAsString
 0001:0000E6C8       TFloatBin.GetDataSize
 0001:0000E6E0       TFloatBin.GetVarValue
 0001:0000E70C       TFloatBin.SetVarValue
 0001:00010648       TFmtBCDBin.Aggregate
 0001:00010940       TFmtBCDBin.Compare
 0001:0001099C       TFmtBCDBin.GetAsString
 0001:00010A04       TFmtBCDBin.GetDataSize
 0001:00010A1C       TFmtBCDBin.GetVarValue
 0001:00010A50       TFmtBCDBin.SetVarValue
 0001:000149FC       TFooExpr.GetActive
 0001:00014A10       TFooExpr.TryLoad
 0001:0002E214       TFxChart.Destroy
 0001:0002E0C8       TFxChartDataLink.Create
 0001:0002E020       TFxChartDataLink.DecisionDataEvent
 0001:0002E10C       TFxChartDataLink.Destroy
 0001:00028B24       TFxCube.AddDataSource
 0001:000289A0       TFxCube.Create
 0001:00028A18       TFxCube.Destroy
 0001:00028C54       TFxCube.GetSparsing
 0001:00028B8C       TFxCube.NotifyDataSources
 0001:00028B58       TFxCube.RemoveDataSource
 0001:00028C74       TFxCube.SetSparsing
 0001:00028BDC       TFxCube.StateChanged
 0001:0002D51C       TFxCustomChart.Build1DChart
 0001:0002D73C       TFxCustomChart.Build2DChart
 0001:0002DA90       TFxCustomChart.BuildBlankChart
 0001:0002DFDC       TFxCustomChart.ChangeTemplateClass
 0001:0002D38C       TFxCustomChart.Create
 0001:0002D464       TFxCustomChart.Destroy
 0001:0002DD2C       TFxCustomChart.GetDecisionSource
 0001:0002DD4C       TFxCustomChart.GetLabel
 0001:0002DB4C       TFxCustomChart.MakeDerived
 0001:0002DBC4       TFxCustomChart.MakeTemplate
 0001:0002D4C4       TFxCustomChart.Notification
 0001:0002DD8C       TFxCustomChart.SelectLayout
 0001:0002DF24       TFxCustomChart.SetActive
 0001:0002DF6C       TFxCustomChart.SetActiveSeries
 0001:0002DFB8       TFxCustomChart.SetDecisionSource
 0001:0002D4B0       TFxCustomChart.Updated
 0001:00008508       TFxCustomStore.BinMapHasBinData
 0001:0000867C       TFxCustomStore.CheckDimensionMap
 0001:0000803C       TFxCustomStore.Create
 0001:000080D0       TFxCustomStore.Destroy
 0001:00008BC0       TFxCustomStore.DoActive
 0001:0000861C       TFxCustomStore.DoAfterClose
 0001:000085CC       TFxCustomStore.DoAfterOpen
 0001:000085F0       TFxCustomStore.DoBeforeClose
 0001:000085A0       TFxCustomStore.DoBeforeOpen
 0001:00008648       TFxCustomStore.DoOnRefresh
 0001:000081A8       TFxCustomStore.GetActive
 0001:00008588       TFxCustomStore.GetCapacity
 0001:00008144       TFxCustomStore.GetCubeState
 0001:00008488       TFxCustomStore.GetCurrentSummary
 0001:00008CC4       TFxCustomStore.GetDataSet
 0001:00008CE0       TFxCustomStore.GetDimensions
 0001:000083CC       TFxCustomStore.GetDomain
 0001:00008364       TFxCustomStore.GetMemberAsString
 0001:00008398       TFxCustomStore.GetMemberAsVariant
 0001:000084DC       TFxCustomStore.GetMemoryUsage
 0001:00008CFC       TFxCustomStore.GetSummaries
 0001:00008440       TFxCustomStore.GetSummaryAsString
 0001:00008464       TFxCustomStore.GetSummaryAsVariant
 0001:00008A78       TFxCustomStore.InternalOpenCache
 0001:0000834C       TFxCustomStore.LayoutChanged
 0001:00008B48       TFxCustomStore.Loaded
 0001:000082A8       TFxCustomStore.Notification
 0001:00008874       TFxCustomStore.Refresh
 0001:000088D8       TFxCustomStore.Refresh
 0001:000081C4       TFxCustomStore.SetActive
 0001:00008570       TFxCustomStore.SetCapacity
 0001:000084A4       TFxCustomStore.SetCurrentSummary
 0001:0000825C       TFxCustomStore.SetDataSet
 0001:00008118       TFxCustomStore.SetDesignState
 0001:0000817C       TFxCustomStore.SetState
 0001:00008358       TFxCustomStore.StateChanged
 0001:00025734       TFxGridDataLink.Create
 0001:0002566C       TFxGridDataLink.DecisionDataEvent
 0001:00025784       TFxGridDataLink.Destroy
 0001:0003213C       TFxHtml.Content
 0001:00031FAC       TFxHtml.Create
 0001:000320B0       TFxHtml.Destroy
 0001:000325F4       TFxHtml.GetHeader
 0001:00032A84       TFxHtml.GetRows
 0001:00032EE0       TFxHtml.HeaderTop
 0001:000331C8       TFxHtml.Notification
 0001:0003235C       TFxHtml.PageContent
 0001:00033108       TFxHtml.SetCellCaption
 0001:00033128       TFxHtml.SetCellData
 0001:00033168       TFxHtml.SetCellDataSum
 0001:00033188       TFxHtml.SetCellEmpty
 0001:00033148       TFxHtml.SetCellLabel
 0001:000331A8       TFxHtml.SetCellLabelSum
 0001:00033204       TFxHtml.SetDecisionSource
 0001:00032EA0       TFxHtml.SetFooter
 0001:00032EC0       TFxHtml.SetHeader
 0001:0001AE30       TFxLog.Clear
 0001:0001AE58       TFxLog.Create
 0001:0001AEAC       TFxLog.Destroy
 0001:0001AEE8       TFxLog.Error
 0001:0001AF70       TFxLog.ErrorFmt
 0001:0001AFF0       TFxLog.Warning
 0001:00019818       TFxMap.Add
 0001:0001977C       TFxMap.Create
 0001:00019834       TFxMap.GetDimList
 0001:000197CC       TFxMap.GetItems
 0001:000197F0       TFxMap.SetItems
 0001:000194F0       TFxMapItem.Create
 0001:0001954C       TFxMapItem.Destroy
 0001:00019594       TFxMapItem.GetBinValues
 0001:0001AC94       TFxNullProgress.FinishProgress
 0001:0001ACA0       TFxNullProgress.GetCancel
 0001:0001ACB4       TFxNullProgress.SetText
 0001:0001ACC4       TFxNullProgress.StartProgress
 0001:0001ACD4       TFxNullProgress.UpdateProgress
 0001:0001D220       TFxPivot.AdjustClientRect
 0001:0001BB24       TFxPivot.Create
 0001:0001BC18       TFxPivot.Destroy
 0001:0001CF40       TFxPivot.DimStateChange
 0001:0001D204       TFxPivot.GetBorderStyle
 0001:0001D1E8       TFxPivot.GetBorderWidth
 0001:0001CBE4       TFxPivot.GetButtonSizes
 0001:0001C2EC       TFxPivot.NewDimLayout
 0001:0001BD60       TFxPivot.NewPanelSetup
 0001:0001BCD4       TFxPivot.Notification
 0001:0001D134       TFxPivot.SetAutoSize
 0001:0001D2D0       TFxPivot.SetBorderStyle
 0001:0001D2AC       TFxPivot.SetBorderWidth
 0001:0001BD2C       TFxPivot.SetBounds
 0001:0001D110       TFxPivot.SetContents
 0001:0001D1A0       TFxPivot.SetControlHeight
 0001:0001D17C       TFxPivot.SetControlWidth
 0001:0001D0A8       TFxPivot.SeTDecisionSource
 0001:0001D1C4       TFxPivot.SetGroupSpacing
 0001:0001D158       TFxPivot.SetSpacing
 0001:0001D0EC       TFxPivot.SetStyle
 0001:0000C08C       TFxProgress.Create
 0001:0000C0E8       TFxProgress.Destroy
 0001:0000C124       TFxProgress.FinishProgress
 0001:0000C130       TFxProgress.GetCancel
 0001:0000C150       TFxProgress.SetText
 0001:0000C1B0       TFxProgress.StartProgress
 0001:0000C1E4       TFxProgress.UpdateProgress
 0001:0000BF48       TFxProgressDialog.CancelButtonClick
 0001:0000BFF8       TFxProgressDialog.FormActivate
 0001:0000C02C       TFxProgressDialog.FormCreate
 0001:0000BD88       TFxProgressDialog.GetMax
 0001:0000BFD8       TFxProgressDialog.Reset
 0001:0000BF90       TFxProgressDialog.SetInterval
 0001:0000BDA4       TFxProgressDialog.SetMax
 0001:0000BED8       TFxProgressDialog.ShowStatus
 0001:0000BC8C       TFxProgressDialog.StartBuild
 0001:0000C200       TFxProgressDialog.StartCounter
 0001:0000BE64       TFxProgressDialog.StepProgress
 0001:0000C27C       TFxProgressDialog.UpdateCounter
 0001:0000BD54       TFxProgressDialog.UpdateProgress
 0001:00029D18       TFxSource.AddDatalink
 0001:00029670       TFxSource.BeginChange
 0001:0002975C       TFxSource.BuildLookups
 0001:00029EE0       TFxSource.CloseDimIndexRight
 0001:00028C94       TFxSource.Create
 0001:0002AB30       TFxSource.DataEvent
 0001:00029088       TFxSource.DefineProperties
 0001:00028D24       TFxSource.Destroy
 0001:0002AB98       TFxSource.DimDef
 0001:0002AED4       TFxSource.DrillDimIndex
 0001:0002B0EC       TFxSource.DrillValue
 0001:00029680       TFxSource.EndChange
 0001:0002A5C4       TFxSource.Get2DDataAsVariant
 0001:0002AD34       TFxSource.GetActive
 0001:0002901C       TFxSource.GetColSparsing
 0001:00028F94       TFxSource.GetCurrentSum
 0001:0002A09C       TFxSource.GetDataAsString
 0001:0002A420       TFxSource.GetDataAsVariant
 0001:0002A3CC       TFxSource.GetDimensionMemberCount
 0001:0002A388       TFxSource.GetDimensionName
 0001:00028F5C       TFxSource.GetDims
 0001:0002AE34       TFxSource.GetExampleRepCount
 0001:00028E34       TFxSource.GetGroupCount
 0001:0002A8A8       TFxSource.GetGroupExtent
 0001:0002A23C       TFxSource.GetMemberAsString
 0001:0002A294       TFxSource.GetMemberAsVariant
 0001:0002A080       TFxSource.GetReady
 0001:00028FB0       TFxSource.GetRowSparsing
 0001:00028E64       TFxSource.GetRowState
 0001:0002A2F4       TFxSource.GetSummaryName
 0001:00028F78       TFxSource.GetSums
 0001:0002A968       TFxSource.GetValueArray
 0001:0002A720       TFxSource.GetValueIndex
 0001:0002AF54       TFxSource.MoveDimIndexes
 0001:00029D68       TFxSource.NotifyDataLinks
 0001:00029F70       TFxSource.OpenDimIndexLeft
 0001:00029E4C       TFxSource.OpenDimIndexRight
 0001:00029C80       TFxSource.ProcessPivotState
 0001:00029330       TFxSource.ReadColSparse
 0001:000292A0       TFxSource.ReadCurrentSum
 0001:000291F4       TFxSource.ReadDimCount
 0001:00029378       TFxSource.ReadDimInfo
 0001:000292E8       TFxSource.ReadRowSparse
 0001:00029258       TFxSource.ReadSumCount
 0001:000296FC       TFxSource.RebuildPivotState
 0001:00029D40       TFxSource.RemoveDatalink
 0001:00029038       TFxSource.SetColSparsing
 0001:0002A338       TFxSource.SetCurrentSummary
 0001:0002AAF8       TFxSource.SetDecisionCube
 0001:00028DB0       TFxSource.SetDimState
 0001:00028FCC       TFxSource.SetRowSparsing
 0001:0002ACA8       TFxSource.SetState
 0001:0002ABD8       TFxSource.SumDef
 0001:0002B024       TFxSource.SwapDimIndexes
 0001:0002AC18       TFxSource.ToggleDim
 0001:00029FF8       TFxSource.ToggleDimIndex
 0001:0002AC74       TFxSource.UpdateState
 0001:00029354       TFxSource.WriteColSparse
 0001:000292C4       TFxSource.WriteCurrentSum
 0001:00029218       TFxSource.WriteDimCount
 0001:00029538       TFxSource.WriteDimInfo
 0001:0002930C       TFxSource.WriteRowSparse
 0001:0002927C       TFxSource.WriteSumCount
 0001:00014968       TGEExpr.Eval
 0001:000148D4       TGTExpr.Eval
 0001:00033250       THtmlCell.Assign
 0001:000332F8       THtmlCell.Content
 0001:000336A8       THtmlCell.Create
 0001:00033720       THtmlCell.Destroy
 0001:0003375C       THtmlCell.SetFont
 0001:0003377C       THtmlCell.SetHeight
 0001:000337A8       THtmlCell.SetWidth
 0001:00031D20       THTMLFont.Assign
 0001:00031DC4       THTMLFont.Content
 0001:00031D78       THTMLFont.Create
 0001:000036A8       TInt64Array.Add
 0001:00003660       TInt64Array.Add
 0001:00003758       TInt64Array.Assign
 0001:000037D0       TInt64Array.Create
 0001:00003824       TInt64Array.Find
 0001:00003934       TInt64Array.Find
 0001:00003AD4       TInt64Array.GetItem
 0001:00003B00       TInt64Array.GetValue
 0001:00003BF0       TInt64Array.IndexOf
 0001:00003C70       TInt64Array.Insert
 0001:00003CF0       TInt64Array.PutItem
 0001:0000306C       TIntArray.Add
 0001:00003114       TIntArray.Add
 0001:00003154       TIntArray.Assign
 0001:00002EEC       TIntArray.Create
 0001:000031C8       TIntArray.Find
 0001:0000332C       TIntArray.Find
 0001:00002F64       TIntArray.GetItem
 0001:00002F88       TIntArray.GetValue
 0001:00003428       TIntArray.IndexOf
 0001:0000349C       TIntArray.Insert
 0001:00002F40       TIntArray.PutItem
 0001:00003514       TIntArray.QuickSort
 0001:0000DBC4       TIntegerBin.Aggregate
 0001:0000DDFC       TIntegerBin.Compare
 0001:0000DE44       TIntegerBin.GetAsString
 0001:0000DEB4       TIntegerBin.GetDataSize
 0001:0000DECC       TIntegerBin.GetVarValue
 0001:0000DEF8       TIntegerBin.SetVarValue
 0001:000137D8       TIntegerExpr.Create
 0001:00013844       TIntegerExpr.Eval
 0001:0001000C       TLargeIntBin.Aggregate
 0001:00010304       TLargeIntBin.Compare
 0001:0001028C       TLargeIntBin.GetAsString
 0001:0001039C       TLargeIntBin.GetDataSize
 0001:000103B4       TLargeIntBin.GetVarValue
 0001:000103E8       TLargeIntBin.SetVarValue
 0001:00014840       TLEExpr.Eval
 0001:000002C8       TlsAlloc
 0002:0000100C       tlsBuffer
 0001:000002D0       TlsFree
 0001:000002D8       TlsGetValue
 0002:00000000       TlsIndex
 0002:BF74B000       TlsLast
 0002:00000020       TlsProc
 0001:000002E0       TlsSetValue
 0001:000147AC       TLTExpr.Eval
 0001:00014350       TModExpr.Create
 0001:000143AC       TModExpr.Eval
 0001:00014074       TMultExpr.Create
 0001:000140D0       TMultExpr.Eval
 0001:000136A0       TNameExpr.Create
 0001:0001375C       TNameExpr.Eval
 0001:00013784       TNameExpr.GetActive
 0001:000137A4       TNameExpr.TryLoad
 0001:00014718       TNEExpr.Eval
 0001:00013A78       TNopExpr.Create
 0001:00013B00       TNopExpr.Eval
 0001:00013B28       TNotExpr.Create
 0001:00013B80       TNotExpr.Eval
 0002:000001AC       TokenText
 0001:00013F78       TOrExpr.Create
 0001:00013FD4       TOrExpr.Eval
 0002:0000104C       TotalAllocatedMemory
 0001:0001046C       TPagedMem.Alloc
 0001:000104BC       TPagedMem.AllocPage
 0001:0001050C       TPagedMem.Create
 0001:00010570       TPagedMem.Destroy
 0001:000105D4       TPagedMem.MemoryUsage
 0001:0002F794       TPagerDataLink.Create
 0001:0002F7E4       TPagerDataLink.DecisionDataEvent
 0001:0002F88C       TPagerDataLink.Destroy
 0001:000158C4       TParamList.GetItems
 0001:000123A0       TParser.CheckNext
 0001:00012444       TParser.Create
 0001:000124AC       TParser.Delimiter
 0001:00012544       TParser.Error
 0001:000125EC       TParser.ErrorFmt
 0001:0001266C       TParser.ErrorWith
 0001:00012714       TParser.GetLog
 0001:00012734       TParser.Identifier
 0001:000127F4       TParser.Next
 0001:00012B80       TParser.Number
 0001:00012D64       TParser.QString
 0001:00012E44       TParser.SetSource
 0001:00012E90       TParser.Skip
 0001:0001DD48       TPivotButton.Click
 0001:0001DCC4       TPivotButton.CMDesignHitTest
 0001:0001D9A8       TPivotButton.Create
 0001:0001DA78       TPivotButton.Destroy
 0001:0001DF10       TPivotButton.DragCanceled
 0001:0001F5FC       TPivotButton.DragDrop
 0001:0001F4B0       TPivotButton.DragOver
 0001:0001EA10       TPivotButton.EHOnProperty
 0001:0001E5A8       TPivotButton.EHOnValue
 0001:0001DE20       TPivotButton.MouseDown
 0001:0001DE6C       TPivotButton.MouseMove
 0001:0001DDB8       TPivotButton.MouseUp
 0001:0001DB30       TPivotButton.NewState
 0001:0001EB34       TPivotButton.Paint
 0001:0001DF40       TPivotButton.SelectButtonProperties
 0001:0001E0C0       TPivotButton.SelectButtonValue
 0001:0001DAC4       TPivotButton.SetDecisionSource
 0001:0001DAF0       TPivotButton.SetMyDim
 0001:0001DF24       TPivotButton.SetState
 0001:0001DB14       TPivotButton.SetType
 0001:0001D3A4       TPivotDataLink.Create
 0001:0001D2F4       TPivotDataLink.DecisionDataEvent
 0001:0001D3E8       TPivotDataLink.Destroy
 0001:0002BBC8       TPivotState.Assign
 0001:0002B484       TPivotState.Create
 0001:0002B528       TPivotState.Destroy
 0001:0002B5A0       TPivotState.FindByState
 0001:0002BB0C       TPivotState.GetActiveColCount
 0001:0002BB28       TPivotState.GetActiveRowCount
 0001:0002BB44       TPivotState.GetColCount
 0001:0002B57C       TPivotState.GetItems
 0001:0002BB60       TPivotState.GetRowCount
 0001:0002BB7C       TPivotState.IndexInfo
 0001:0002B9DC       TPivotState.RebuildList
 0001:0002B614       TPivotState.Update
 0001:00005834       TPointerArray.Add
 0001:000058E0       TPointerArray.Assign
 0001:00005688       TPointerArray.Create
 0001:000056DC       TPointerArray.Find
 0001:00005774       TPointerArray.GetItem
 0001:000057BC       TPointerArray.Insert
 0001:00005798       TPointerArray.PutItem
 0001:00015514       TProcSymbol.Assign
 0001:000155A8       TProcSymbol.Call
 0001:000157E4       TProcSymbol.Create
 0001:00015838       TProcSymbol.Destroy
 0001:00015874       TProcSymbol.Eval
 0001:00015894       TProcSymbol.GetActive
 0001:000158A8       TProcSymbol.TryLoad
 0001:000159F8       TProcVariant.Cast
 0001:00015A14       TProcVariant.CastTo
 0001:00015AC4       TProcVariant.Clear
 0001:00015AEC       TProcVariant.Copy
 0001:0001F778       TQuickMenu.AddLine
 0001:0001F704       TQuickMenu.Clear
 0001:0001F888       TQuickMenu.EHOnItemClick
 0001:0001F72C       TQuickMenu.PopUpAtMe
 0001:0001F810       TQuickMenu.SetTitle
 0001:00013868       TRealExpr.Create
 0001:000138D4       TRealExpr.Eval
 0001:000151E0       TScope.AddUses
 0001:0001521C       TScope.Create
 0001:00015264       TScope.Lookup
 0001:0002E140       TSeriesList.ChangeClass
 0001:0002E198       TSeriesList.GetItems
 0001:0002E1BC       TSeriesList.Notify
 0001:0002E1F0       TSeriesList.SetItems
 0001:00003E94       TSingleArray.Add
 0001:00003F3C       TSingleArray.Add
 0001:00003F80       TSingleArray.Assign
 0001:00003D18       TSingleArray.Create
 0001:00004160       TSingleArray.Find
 0001:00003FF4       TSingleArray.Find
 0001:00003D90       TSingleArray.GetItem
 0001:00003DB4       TSingleArray.GetValue
 0001:00004268       TSingleArray.IndexOf
 0001:000042E0       TSingleArray.Insert
 0001:00003D6C       TSingleArray.PutItem
 0001:00004C44       TSmallIntArray.Add
 0001:00005210       TSmallIntArray.Add
 0001:000052BC       TSmallIntArray.Assign
 0001:00005084       TSmallIntArray.Create
 0001:00005510       TSmallIntArray.Find
 0001:000053A0       TSmallIntArray.Find
 0001:00005100       TSmallIntArray.GetItem
 0001:00005128       TSmallIntArray.GetValue
 0001:00005328       TSmallIntArray.IndexOf
 0001:0000560C       TSmallIntArray.Insert
 0001:000050D8       TSmallIntArray.PutItem
 0001:0000EFB4       TSmallIntBin.Aggregate
 0001:0000F1F8       TSmallIntBin.Compare
 0001:0000F244       TSmallIntBin.GetAsString
 0001:0000F2B4       TSmallIntBin.GetDataSize
 0001:0000F2CC       TSmallIntBin.GetVarValue
 0001:0000F2FC       TSmallIntBin.SetVarValue
 0001:00010418       TSQLTimeStampBin.Create
 0001:00006024       TStringArray.Add
 0001:000060CC       TStringArray.Add
 0001:00006880       TStringArray.AddStrings
 0001:000068FC       TStringArray.Assign
 0001:00005FC0       TStringArray.Create
 0001:00006144       TStringArray.Exchange
 0001:000062FC       TStringArray.Find
 0001:00006190       TStringArray.Find
 0001:000065C8       TStringArray.GetItems
 0001:000065F0       TStringArray.GetValue
 0001:0000640C       TStringArray.IndexOf
 0001:000064B8       TStringArray.Insert
 0001:00006940       TStringArray.Notify
 0001:00006544       TStringArray.PutItems
 0001:000066D0       TStringArray.QuickSort
 0001:000067C4       TStringArray.Sort
 0001:0000F424       TStringBin.Clear
 0001:0000F450       TStringBin.Compare
 0001:0000F4EC       TStringBin.GetAsString
 0001:0000F518       TStringBin.GetDataSize
 0001:0000F530       TStringBin.GetVarValue
 0001:0000F55C       TStringBin.SetVarValue
 0001:000138F8       TStringExpr.Create
 0001:00013968       TStringExpr.Eval
 0001:00014538       TSubExpr.Create
 0001:00014594       TSubExpr.Eval
 0001:00030DE4       TSumCombo.Change
 0001:00030E3C       TSumCombo.ChangeSummary
 0001:00030E70       TSumCombo.Create
 0001:00030ED0       TSumCombo.DataEvent
 0001:00031038       TSumCombo.Destroy
 0001:00031078       TSumCombo.GetDecisionSource
 0001:00031098       TSumCombo.SetDecisionSource
 0001:0000A15C       TSummaries.Add
 0001:0000A1A4       TSummaries.Clear
 0001:0000A1C0       TSummaries.Create
 0001:0000A21C       TSummaries.GetItems
 0001:0000A240       TSummaries.Notify
 0001:0000A264       TSummaries.SetItems
 0001:00009510       TSummary.AsString
 0001:00009384       TSummary.Create
 0001:000094D8       TSummary.OffValue
 0001:000093E0       TSummary.Value
 0001:0001B07C       TSymbol.Assign
 0001:0001B114       TSymbol.Create
 0001:0001B16C       TSymbols.Create
 0001:0001B1BC       TSymbols.GetItems
 0001:0001B1E0       TSymbols.Notify
 0001:0001B20C       TSymbols.SetItems
 0001:00015008       TSymbolTable.Create
 0001:00015058       TSymbolTable.Declare
 0001:000150E8       TSymbolTable.Find
 0001:00015174       TSymbolTable.Insert
 0001:00016458       TSystemUnit.Create
 0001:00016530       TSystemUnit.Destroy
 0001:0001398C       TUnaryExpr.Create
 0001:000139E8       TUnaryExpr.Destroy
 0001:00013A24       TUnaryExpr.GetActive
 0001:00013A44       TUnaryExpr.TryLoad
 0001:00015380       TUndefSymbol.Create
 0001:00013C74       TUnMinus.Create
 0001:00013CCC       TUnMinus.Eval
 0001:00013BF4       TUnPlus.Create
 0001:00013C4C       TUnPlus.Eval
 0001:00015198       TUseList.GetItems
 0001:000151BC       TUseList.SetItems
 0001:000158E8       TVarSymbol.Assign
 0001:00015908       TVarSymbol.Destroy
 0001:00015944       TVarSymbol.Eval
 0001:00015968       TVarSymbol.Initialize
 0001:000076A8       TVectorArray.Add
 0001:000075D8       TVectorArray.Create
 0001:0000762C       TVectorArray.Destroy
 0001:000077B4       TVectorArray.GetItem
 0001:000078E0       TVectorArray.GetMemoryUsage
 0001:00007888       TVectorArray.Grow
 0001:000076FC       TVectorArray.SetCapacity
 0001:000077E4       TVectorArray.SetItem
 0001:000105F4       TWideStrBin.Create
 0001:00005B08       TWordArray.Add
 0001:00005BB4       TWordArray.Add
 0001:00005BF4       TWordArray.Assign
 0001:00005954       TWordArray.Create
 0001:00005DD0       TWordArray.Find
 0001:00005C60       TWordArray.Find
 0001:000059F8       TWordArray.GetItem
 0001:00005A20       TWordArray.GetValue
 0001:00005ECC       TWordArray.IndexOf
 0001:00005F44       TWordArray.Insert
 0001:000059A8       TWordArray.PutItem
 0001:0000EC20       TWordBin.Aggregate
 0001:0000EE74       TWordBin.Compare
 0001:0000EEC0       TWordBin.GetAsString
 0001:0000EF40       TWordBin.GetDataSize
 0001:0000EF58       TWordBin.GetVarValue
 0001:0000EF88       TWordBin.SetVarValue
 0001:000003C4       UninitializeModule
 0001:0000BC14       UpdateCounter
 0001:0001A15C       UpdateDesigner
 0001:0000BB88       UpdateProgress
 0001:00000BA4       UrlMon
 0002:0000109C       UserCount
 0001:00020D10       UsesBitmap
 0001:00009AD8       Val
 0002:00000370       VAlignValue
 0001:0000696C       VariantTypeToName
 0001:00015BA0       VarIsProc
 0001:00015C04       VarProc
 0001:00015BC8       VarProcCreate
 0001:00000534       Windows
 0001:00000BDC       WinInet
 0001:000018AC       WinSpool
 0001:00020D50       WriteText


  Address         Publics by Value

 0002:BF74B000       TlsLast
 0001:000002B0       FreeLibrary
 0001:000002B8       LocalAlloc
 0001:000002C0       LocalFree
 0001:000002C8       TlsAlloc
 0001:000002D0       TlsFree
 0001:000002D8       TlsGetValue
 0001:000002E0       TlsSetValue
 0001:000002E8       AllocTlsBuffer
 0001:000002F4       GetTlsSize
 0001:000002FC       InitThreadTLS
 0001:00000340       InitProcessTLS
 0001:0000036C       ExitThreadTLS
 0001:00000394       ExitProcessTLS
 0001:000003B8       InitializeModule
 0001:000003C4       UninitializeModule
 0001:000003E8       @InitPkg
 0001:0000044C       @PackageLoad
 0001:00000458       @PackageUnload
 0001:00000464       Finalization
 0001:00000494       SysInit
 0001:0000049C       GlobalMemoryStatus
 0001:000004A4       ExtTextOut
 0001:000004AC       GetNearestColor
 0001:000004B4       SetBkMode
 0001:000004BC       DrawEdge
 0001:000004C4       DrawText
 0001:000004CC       GetCursor
 0001:000004D4       GetSystemMetrics
 0001:000004DC       InflateRect
 0001:000004E4       LoadBitmap
 0001:000004EC       LoadCursor
 0001:000004F4       PostMessage
 0001:000004FC       SetCursor
 0001:00000504       Finalization
 0001:00000534       Windows
 0001:000008EC       Finalization
 0001:0000091C       Messages
 0001:00000B3C       Finalization
 0001:00000B6C       ShlObj
 0001:00000B74       Finalization
 0001:00000BA4       UrlMon
 0001:00000BAC       Finalization
 0001:00000BDC       WinInet
 0001:00000BE4       Finalization
 0001:00000C14       RegStr
 0001:00000C1C       Finalization
 0001:00000C4C       ShellAPI
 0001:00000C54       Finalization
 0001:00000C84       CommCtrl
 0001:000014CC       Finalization
 0001:000014FC       Imm
 0001:0000187C       Finalization
 0001:000018AC       WinSpool
 0001:000018B4       Finalization
 0001:000018E4       CommDlg
 0001:000018EC       Finalization
 0001:0000191C       Dlgs
 0001:00001974       Finalization
 0001:000019A4       RichEdit
 0001:00002894       GetAvailableMem
 0001:000028B8       SetMemoryCapacity
 0001:000028CC       GetMemoryCapacity
 0001:000028E0       CheckLowCapacity
 0001:00002920       TBaseArray.Create
 0001:000029A8       TBaseArray.Destroy
 0001:000029E4       TBaseArray.Clear
 0001:00002A0C       TBaseArray.AddNull
 0001:00002AF0       TBaseArray.GetCount
 0001:00002B10       TBaseArray.FindNull
 0001:00002BB0       TBaseArray.Delete
 0001:00002C14       TBaseArray.Grow
 0001:00002C6C       TBaseArray.Notify
 0001:00002C80       TBaseArray.SetCapacity
 0001:00002DA8       TBaseArray.SetCount
 0001:00002EA8       TBaseArray.Exchange
 0001:00002EBC       TBaseArray.Sort
 0001:00002ECC       TBaseArray.MemoryUsage
 0001:00002EEC       TIntArray.Create
 0001:00002F40       TIntArray.PutItem
 0001:00002F64       TIntArray.GetItem
 0001:00002F88       TIntArray.GetValue
 0001:0000306C       TIntArray.Add
 0001:00003114       TIntArray.Add
 0001:00003154       TIntArray.Assign
 0001:000031C8       TIntArray.Find
 0001:0000332C       TIntArray.Find
 0001:00003428       TIntArray.IndexOf
 0001:0000349C       TIntArray.Insert
 0001:00003514       TIntArray.QuickSort
 0001:00003660       TInt64Array.Add
 0001:000036A8       TInt64Array.Add
 0001:00003758       TInt64Array.Assign
 0001:000037D0       TInt64Array.Create
 0001:00003824       TInt64Array.Find
 0001:00003934       TInt64Array.Find
 0001:00003AD4       TInt64Array.GetItem
 0001:00003B00       TInt64Array.GetValue
 0001:00003BF0       TInt64Array.IndexOf
 0001:00003C70       TInt64Array.Insert
 0001:00003CF0       TInt64Array.PutItem
 0001:00003D18       TSingleArray.Create
 0001:00003D6C       TSingleArray.PutItem
 0001:00003D90       TSingleArray.GetItem
 0001:00003DB4       TSingleArray.GetValue
 0001:00003E94       TSingleArray.Add
 0001:00003F3C       TSingleArray.Add
 0001:00003F80       TSingleArray.Assign
 0001:00003FF4       TSingleArray.Find
 0001:00004160       TSingleArray.Find
 0001:00004268       TSingleArray.IndexOf
 0001:000042E0       TSingleArray.Insert
 0001:00004358       TDoubleArray.Create
 0001:000043AC       TDoubleArray.PutItem
 0001:000043D4       TDoubleArray.GetItem
 0001:00004400       TDoubleArray.GetValue
 0001:000044E0       TDoubleArray.Add
 0001:00004590       TDoubleArray.Add
 0001:000045D4       TDoubleArray.Assign
 0001:00004648       TDoubleArray.Find
 0001:000047C8       TDoubleArray.Find
 0001:000048D0       TDoubleArray.IndexOf
 0001:00004948       TDoubleArray.Insert
 0001:000049C8       TCurrencyArray.Create
 0001:00004A1C       TCurrencyArray.Add
 0001:00004ACC       TCurrencyArray.Add
 0001:00004B10       TCurrencyArray.PutItem
 0001:00004B38       TCurrencyArray.GetItem
 0001:00004B64       TCurrencyArray.GetValue
 0001:00004C44       TSmallIntArray.Add
 0001:00004C84       TCurrencyArray.Assign
 0001:00004CF8       TCurrencyArray.Find
 0001:00004E80       TCurrencyArray.Find
 0001:00004F88       TCurrencyArray.IndexOf
 0001:00005004       TCurrencyArray.Insert
 0001:00005084       TSmallIntArray.Create
 0001:000050D8       TSmallIntArray.PutItem
 0001:00005100       TSmallIntArray.GetItem
 0001:00005128       TSmallIntArray.GetValue
 0001:00005210       TSmallIntArray.Add
 0001:000052BC       TSmallIntArray.Assign
 0001:00005328       TSmallIntArray.IndexOf
 0001:000053A0       TSmallIntArray.Find
 0001:00005510       TSmallIntArray.Find
 0001:0000560C       TSmallIntArray.Insert
 0001:00005688       TPointerArray.Create
 0001:000056DC       TPointerArray.Find
 0001:00005774       TPointerArray.GetItem
 0001:00005798       TPointerArray.PutItem
 0001:000057BC       TPointerArray.Insert
 0001:00005834       TPointerArray.Add
 0001:000058E0       TPointerArray.Assign
 0001:00005954       TWordArray.Create
 0001:000059A8       TWordArray.PutItem
 0001:000059F8       TWordArray.GetItem
 0001:00005A20       TWordArray.GetValue
 0001:00005B08       TWordArray.Add
 0001:00005BB4       TWordArray.Add
 0001:00005BF4       TWordArray.Assign
 0001:00005C60       TWordArray.Find
 0001:00005DD0       TWordArray.Find
 0001:00005ECC       TWordArray.IndexOf
 0001:00005F44       TWordArray.Insert
 0001:00005FC0       TStringArray.Create
 0001:00006024       TStringArray.Add
 0001:000060CC       TStringArray.Add
 0001:00006144       TStringArray.Exchange
 0001:00006190       TStringArray.Find
 0001:000062FC       TStringArray.Find
 0001:0000640C       TStringArray.IndexOf
 0001:000064B8       TStringArray.Insert
 0001:00006544       TStringArray.PutItems
 0001:000065C8       TStringArray.GetItems
 0001:000065F0       TStringArray.GetValue
 0001:000066D0       TStringArray.QuickSort
 0001:000067C4       TStringArray.Sort
 0001:00006880       TStringArray.AddStrings
 0001:000068FC       TStringArray.Assign
 0001:00006940       TStringArray.Notify
 0001:0000696C       VariantTypeToName
 0001:00006B58       TCustomArray.Create
 0001:00006C98       TCustomArray.Destroy
 0001:00006CDC       TCustomArray.UnsupportedTypeError
 0001:00006D64       TCustomArray.GetCount
 0001:00006DC8       TCustomArray.GetItem
 0001:00007028       TCustomArray.Assign
 0001:0000712C       TCustomArray.Add
 0001:000072C0       TCustomArray.MemoryUsage
 0001:000072E8       TCustomArray.GetSort
 0001:00007308       TCustomArray.SetSort
 0001:00007334       TCustomArray.GetDups
 0001:00007350       TCustomArray.SetDups
 0001:0000736C       TCustomArray.GetCapacity
 0001:00007388       TCustomArray.SetCapacity
 0001:000073A8       TCustomArray.Clear
 0001:000073C8       TCustomArray.Find
 0001:000075D8       TVectorArray.Create
 0001:0000762C       TVectorArray.Destroy
 0001:000076A8       TVectorArray.Add
 0001:000076FC       TVectorArray.SetCapacity
 0001:000077B4       TVectorArray.GetItem
 0001:000077E4       TVectorArray.SetItem
 0001:00007888       TVectorArray.Grow
 0001:000078E0       TVectorArray.GetMemoryUsage
 0001:00007948       Finalization
 0001:00007978       FxArrays
 0001:00007BDC       Finalization
 0001:00007C0C       FxConsts
 0001:0000803C       TFxCustomStore.Create
 0001:000080D0       TFxCustomStore.Destroy
 0001:00008118       TFxCustomStore.SetDesignState
 0001:00008144       TFxCustomStore.GetCubeState
 0001:0000817C       TFxCustomStore.SetState
 0001:000081A8       TFxCustomStore.GetActive
 0001:000081C4       TFxCustomStore.SetActive
 0001:0000825C       TFxCustomStore.SetDataSet
 0001:000082A8       TFxCustomStore.Notification
 0001:0000834C       TFxCustomStore.LayoutChanged
 0001:00008358       TFxCustomStore.StateChanged
 0001:00008364       TFxCustomStore.GetMemberAsString
 0001:00008398       TFxCustomStore.GetMemberAsVariant
 0001:000083CC       TFxCustomStore.GetDomain
 0001:00008440       TFxCustomStore.GetSummaryAsString
 0001:00008464       TFxCustomStore.GetSummaryAsVariant
 0001:00008488       TFxCustomStore.GetCurrentSummary
 0001:000084A4       TFxCustomStore.SetCurrentSummary
 0001:000084DC       TFxCustomStore.GetMemoryUsage
 0001:00008508       TFxCustomStore.BinMapHasBinData
 0001:00008570       TFxCustomStore.SetCapacity
 0001:00008588       TFxCustomStore.GetCapacity
 0001:000085A0       TFxCustomStore.DoBeforeOpen
 0001:000085CC       TFxCustomStore.DoAfterOpen
 0001:000085F0       TFxCustomStore.DoBeforeClose
 0001:0000861C       TFxCustomStore.DoAfterClose
 0001:00008648       TFxCustomStore.DoOnRefresh
 0001:0000867C       TFxCustomStore.CheckDimensionMap
 0001:00008874       TFxCustomStore.Refresh
 0001:000088D8       TFxCustomStore.Refresh
 0001:00008A78       TFxCustomStore.InternalOpenCache
 0001:00008B48       TFxCustomStore.Loaded
 0001:00008BC0       TFxCustomStore.DoActive
 0001:00008CC4       TFxCustomStore.GetDataSet
 0001:00008CE0       TFxCustomStore.GetDimensions
 0001:00008CFC       TFxCustomStore.GetSummaries
 0001:00008D18       Finalization
 0001:00008D48       FxStore
 0001:00009384       TSummary.Create
 0001:000093E0       TSummary.Value
 0001:000094D8       TSummary.OffValue
 0001:00009510       TSummary.AsString
 0001:00009608       TDerivedSummary.AsString
 0001:00009890       TDerivedSummary.Create
 0001:000098E0       TDerivedSummary.Value
 0001:00009A1C       TDimension.Create
 0001:00009A94       TDimension.Destroy
 0001:00009AD8       Val
 0001:00009B14       TDimension.QuickSort
 0001:00009C4C       TDimension.SortLookup
 0001:00009E54       TDimension.Clear
 0001:00009E9C       TDimension.GetItem
 0001:00009EE8       TDimension.GetCount
 0001:00009F08       TDimension.MemoryUsage
 0001:00009F9C       TDimension.AsString
 0001:0000A08C       TDimensions.Find
 0001:0000A0F0       TDimensions.GetItems
 0001:0000A114       TDimensions.Notify
 0001:0000A138       TDimensions.SetItems
 0001:0000A15C       TSummaries.Add
 0001:0000A1A4       TSummaries.Clear
 0001:0000A1C0       TSummaries.Create
 0001:0000A21C       TSummaries.GetItems
 0001:0000A240       TSummaries.Notify
 0001:0000A264       TSummaries.SetItems
 0001:0000A288       TDataCache.Create
 0001:0000A304       TDataCache.Destroy
 0001:0000A354       TDataCache.Init
 0001:0000A368       TDataCache.FreeCache
 0001:0000A3AC       TDataCache.AggValue
 0001:0000A4EC       TDataCache.GetSummaryAsVariant
 0001:0000A520       TDataCache.GetSummaryAsString
 0001:0000A550       TDataCache.IsIndexSparse
 0001:0000A610       GetRange
 0001:0000A668       TDataCache.GetDomain
 0001:0000A95C       TDataCache.SetActiveSummary
 0001:0000AA1C       TDataCache.GetMemoryUsage
 0001:0000AA84       TDataCache.GetSparsing
 0001:0000AAA4       TDataCache.SetSparsing
 0001:0000AACC       TDataCache.SetActive
 0001:0000AB08       TDataCache.BuildMetaData
 0001:0000AC64       TDataCache.FetchAndBinValues
 0001:0000AE28       TDataCache.SortLookups
 0001:0000AEE0       TDataCache.CreateSummaryIndex
 0001:0000B3A8       TDataCache.UpdateCache
 0001:0000B468       TDataCache.UnkCount
 0001:0000B4B4       TDataCache.Restruct
 0001:0000B5B8       TCommonDimItem.Destroy
 0001:0000B5F4       TCommonDimItem.GetName
 0001:0000B618       TCommonDimItem.SetDef
 0001:0000B660       Finalization
 0001:0000B690       FxCache
 0001:0000BA44       ExecuteProgressDialog
 0001:0000BB30       StartProgress
 0001:0000BB88       UpdateProgress
 0001:0000BBF4       StartCounter
 0001:0000BC14       UpdateCounter
 0001:0000BC8C       TFxProgressDialog.StartBuild
 0001:0000BD54       TFxProgressDialog.UpdateProgress
 0001:0000BD88       TFxProgressDialog.GetMax
 0001:0000BDA4       TFxProgressDialog.SetMax
 0001:0000BE64       TFxProgressDialog.StepProgress
 0001:0000BED8       TFxProgressDialog.ShowStatus
 0001:0000BF48       TFxProgressDialog.CancelButtonClick
 0001:0000BF90       TFxProgressDialog.SetInterval
 0001:0000BFD8       TFxProgressDialog.Reset
 0001:0000BFF8       TFxProgressDialog.FormActivate
 0001:0000C02C       TFxProgressDialog.FormCreate
 0001:0000C08C       TFxProgress.Create
 0001:0000C0E8       TFxProgress.Destroy
 0001:0000C124       TFxProgress.FinishProgress
 0001:0000C130       TFxProgress.GetCancel
 0001:0000C150       TFxProgress.SetText
 0001:0000C1B0       TFxProgress.StartProgress
 0001:0000C1E4       TFxProgress.UpdateProgress
 0001:0000C200       TFxProgressDialog.StartCounter
 0001:0000C27C       TFxProgressDialog.UpdateCounter
 0001:0000C2F8       Finalization
 0001:0000C328       FxPBar
 0001:0000CF10       TBinFields.Add
 0001:0000CF44       AddField
 0001:0000D040       TBinFields.Create
 0001:0000D16C       TBinFields.Destroy
 0001:0000D1A8       TBinFields.GetItems
 0001:0000D1CC       TBinFields.Layout
 0001:0000D410       TBinFields.Notify
 0001:0000D434       TBinTable.Aggregate
 0001:0000D4CC       TBinTable.Clone
 0001:0000D504       TBinTable.Compare
 0001:0000D57C       TBinTable.Create
 0001:0000D634       TBinTable.Destroy
 0001:0000D690       TBinTable.Insert
 0001:0000D6F0       TBinTable.MakeBin
 0001:0000D8E4       TBinTable.InternalFetch
 0001:0000DA38       TBinTable.Fetch
 0001:0000DB00       TBinTable.GetRecordCount
 0001:0000DB20       TBinTable.SetRecNo
 0001:0000DB44       TBinTable.Clear
 0001:0000DB94       TBinTable.MemoryUsage
 0001:0000DBC4       TIntegerBin.Aggregate
 0001:0000DDFC       TIntegerBin.Compare
 0001:0000DE44       TIntegerBin.GetAsString
 0001:0000DEB4       TIntegerBin.GetDataSize
 0001:0000DECC       TIntegerBin.GetVarValue
 0001:0000DEF8       TIntegerBin.SetVarValue
 0001:0000DF24       TBinField.Aggregate
 0001:0000DFB0       TBinField.AsString
 0001:0000E004       TBinField.Clear
 0001:0000E028       TBinField.Create
 0001:0000E0C8       TBinField.GetAsString
 0001:0000E14C       TBinField.GetAsVariant
 0001:0000E18C       TBinField.GetDataTypeName
 0001:0000E1BC       TBinField.IsNull
 0001:0000E1EC       TBinField.NullCompare
 0001:0000E270       TBinField.SetAsVariant
 0001:0000E348       TFloatBin.Aggregate
 0001:0000E5BC       TFloatBin.Compare
 0001:0000E64C       TFloatBin.GetAsString
 0001:0000E6C8       TFloatBin.GetDataSize
 0001:0000E6E0       TFloatBin.GetVarValue
 0001:0000E70C       TFloatBin.SetVarValue
 0001:0000E738       TBinIndex.Create
 0001:0000E788       TBinIndex.Find
 0001:0000E824       TBinIndex.Notify
 0001:0000E858       TDateTimeBin.Aggregate
 0001:0000EACC       TDateTimeBin.Compare
 0001:0000EB50       TDateTimeBin.GetAsString
 0001:0000EBB0       TDateTimeBin.GetDataSize
 0001:0000EBC8       TDateTimeBin.GetVarValue
 0001:0000EBF4       TDateTimeBin.SetVarValue
 0001:0000EC20       TWordBin.Aggregate
 0001:0000EE74       TWordBin.Compare
 0001:0000EEC0       TWordBin.GetAsString
 0001:0000EF40       TWordBin.GetDataSize
 0001:0000EF58       TWordBin.GetVarValue
 0001:0000EF88       TWordBin.SetVarValue
 0001:0000EFB4       TSmallIntBin.Aggregate
 0001:0000F1F8       TSmallIntBin.Compare
 0001:0000F244       TSmallIntBin.GetAsString
 0001:0000F2B4       TSmallIntBin.GetDataSize
 0001:0000F2CC       TSmallIntBin.GetVarValue
 0001:0000F2FC       TSmallIntBin.SetVarValue
 0001:0000F328       TBooleanBin.Compare
 0001:0000F374       TBooleanBin.GetAsString
 0001:0000F3AC       TBooleanBin.GetDataSize
 0001:0000F3C4       TBooleanBin.GetVarValue
 0001:0000F3F4       TBooleanBin.SetVarValue
 0001:0000F424       TStringBin.Clear
 0001:0000F450       TStringBin.Compare
 0001:0000F4EC       TStringBin.GetAsString
 0001:0000F518       TStringBin.GetDataSize
 0001:0000F530       TStringBin.GetVarValue
 0001:0000F55C       TStringBin.SetVarValue
 0001:0000F588       TCountBin.Aggregate
 0001:0000F7C4       TCountBin.Compare
 0001:0000F80C       TCountBin.Count
 0001:0000F890       TCountBin.Create
 0001:0000F900       TCountBin.GetAsString
 0001:0000F970       TCountBin.GetDataSize
 0001:0000F988       TCountBin.GetVarValue
 0001:0000F9B4       TCountBin.SetVarValue
 0001:0000F9DC       TAvgBin.Create
 0001:0000FA3C       TAvgBin.GetAsString
 0001:0000FB30       TAvgBin.GetVarValue
 0001:0000FBC8       TAvgBin.SetVarValue
 0001:0000FBFC       TCurrencyBin.Aggregate
 0001:0000FEA8       TCurrencyBin.GetAsString
 0001:0000FF1C       TCurrencyBin.Compare
 0001:0000FF9C       TCurrencyBin.GetDataSize
 0001:0000FFB4       TCurrencyBin.GetVarValue
 0001:0000FFE0       TCurrencyBin.SetVarValue
 0001:0001000C       TLargeIntBin.Aggregate
 0001:0001028C       TLargeIntBin.GetAsString
 0001:00010304       TLargeIntBin.Compare
 0001:0001039C       TLargeIntBin.GetDataSize
 0001:000103B4       TLargeIntBin.GetVarValue
 0001:000103E8       TLargeIntBin.SetVarValue
 0001:00010418       TSQLTimeStampBin.Create
 0001:0001046C       TPagedMem.Alloc
 0001:000104BC       TPagedMem.AllocPage
 0001:0001050C       TPagedMem.Create
 0001:00010570       TPagedMem.Destroy
 0001:000105D4       TPagedMem.MemoryUsage
 0001:000105F4       TWideStrBin.Create
 0001:00010648       TFmtBCDBin.Aggregate
 0001:00010940       TFmtBCDBin.Compare
 0001:0001099C       TFmtBCDBin.GetAsString
 0001:00010A04       TFmtBCDBin.GetDataSize
 0001:00010A1C       TFmtBCDBin.GetVarValue
 0001:00010A50       TFmtBCDBin.SetVarValue
 0001:00010A94       Finalization
 0001:00010AC4       FxBin
 0001:00012368       RegisterName
 0001:000123A0       TParser.CheckNext
 0001:00012444       TParser.Create
 0001:000124AC       TParser.Delimiter
 0001:00012544       TParser.Error
 0001:000125EC       TParser.ErrorFmt
 0001:0001266C       TParser.ErrorWith
 0001:00012714       TParser.GetLog
 0001:00012734       TParser.Identifier
 0001:000127F4       TParser.Next
 0001:00012B80       TParser.Number
 0001:00012D64       TParser.QString
 0001:00012E44       TParser.SetSource
 0001:00012E90       TParser.Skip
 0001:00012ED8       TExprParser.Call
 0001:00012F94       TExprParser.Composition
 0001:00013034       TExprParser.Designator
 0001:00013074       TExprParser.Expr
 0001:000130D4       TExprParser.Factor
 0001:00013110       TExprParser.Primary
 0001:00013238       TExprParser.Relation
 0001:00013318       TExprParser.Term
 0001:000133B0       TExprList.Create
 0001:00013460       TErrorExpr.Eval
 0001:0001347C       TCallExpr.Create
 0001:000134D0       TCallExpr.Destroy
 0001:0001350C       TCallExpr.Eval
 0001:00013618       TCallExpr.GetActive
 0001:0001364C       TCallExpr.TryLoad
 0001:000136A0       TNameExpr.Create
 0001:0001375C       TNameExpr.Eval
 0001:00013784       TNameExpr.GetActive
 0001:000137A4       TNameExpr.TryLoad
 0001:000137D8       TIntegerExpr.Create
 0001:00013844       TIntegerExpr.Eval
 0001:00013868       TRealExpr.Create
 0001:000138D4       TRealExpr.Eval
 0001:000138F8       TStringExpr.Create
 0001:00013968       TStringExpr.Eval
 0001:0001398C       TUnaryExpr.Create
 0001:000139E8       TUnaryExpr.Destroy
 0001:00013A24       TUnaryExpr.GetActive
 0001:00013A44       TUnaryExpr.TryLoad
 0001:00013A78       TNopExpr.Create
 0001:00013B00       TNopExpr.Eval
 0001:00013B28       TNotExpr.Create
 0001:00013B80       TNotExpr.Eval
 0001:00013BF4       TUnPlus.Create
 0001:00013C4C       TUnPlus.Eval
 0001:00013C74       TUnMinus.Create
 0001:00013CCC       TUnMinus.Eval
 0001:00013D3C       TBiExpr.Create
 0001:00013DA4       TBiExpr.Destroy
 0001:00013DEC       TBiExpr.GetActive
 0001:00013E24       TBiExpr.TryLoad
 0001:00013E7C       TAndExpr.Create
 0001:00013ED8       TAndExpr.Eval
 0001:00013F78       TOrExpr.Create
 0001:00013FD4       TOrExpr.Eval
 0001:00014074       TMultExpr.Create
 0001:000140D0       TMultExpr.Eval
 0001:00014164       TDivExpr.Create
 0001:000141C0       TDivExpr.Eval
 0001:00014260       TDivideExpr.Create
 0001:000142BC       TDivideExpr.Eval
 0001:00014350       TModExpr.Create
 0001:000143AC       TModExpr.Eval
 0001:00014448       TAddExpr.Create
 0001:000144A4       TAddExpr.Eval
 0001:00014538       TSubExpr.Create
 0001:00014594       TSubExpr.Eval
 0001:00014628       TCmpExpr.Create
 0001:00014684       TEQExpr.Eval
 0001:00014718       TNEExpr.Eval
 0001:000147AC       TLTExpr.Eval
 0001:00014840       TLEExpr.Eval
 0001:000148D4       TGTExpr.Eval
 0001:00014968       TGEExpr.Eval
 0001:000149FC       TFooExpr.GetActive
 0001:00014A10       TFooExpr.TryLoad
 0001:00014A2C       TDimSymbol.Eval
 0001:00014A54       TDimSymbol.GetActive
 0001:00014A74       TDimSymbol.TryLoad
 0001:00014AA8       TDictionary.Create
 0001:00014B08       TDictionary.Destroy
 0001:00014B68       TDictionary.Grow
 0001:00014C48       TDictionary.Add
 0001:00014CCC       TDictionary.IndexOf
 0001:00014D4C       TDictionary.KeyWord
 0001:00014E1C       TDictionary.RegIdent
 0001:00014E48       TDictionary.ReservedWords
 0001:00014EC4       TDictionary.SetSize
 0001:00014F14       TDictionary.StringHash
 0001:00014F60       TDictionary.Alloc
 0001:00014FE4       TDictionary.GetItems
 0001:00015008       TSymbolTable.Create
 0001:00015058       TSymbolTable.Declare
 0001:000150E8       TSymbolTable.Find
 0001:00015174       TSymbolTable.Insert
 0001:00015198       TUseList.GetItems
 0001:000151BC       TUseList.SetItems
 0001:000151E0       TScope.AddUses
 0001:0001521C       TScope.Create
 0001:00015264       TScope.Lookup
 0001:00015380       TUndefSymbol.Create
 0001:0001544C       TErrorSymbol.Eval
 0001:000154E4       TErrorSymbol.GetActive
 0001:000154F8       TErrorSymbol.TryLoad
 0001:00015514       TProcSymbol.Assign
 0001:000155A8       TProcSymbol.Call
[...]
  1575 0001:0002BB02  1584 0001:0002BB07  1587 0001:0002BB0C  1588 0001:0002BB15
  1589 0001:0002BB24  1592 0001:0002BB28  1593 0001:0002BB31  1594 0001:0002BB40
  1597 0001:0002BB44  1598 0001:0002BB4D  1599 0001:0002BB5C  1602 0001:0002BB60
  1603 0001:0002BB69  1604 0001:0002BB78  1609 0001:0002BB7C  1610 0001:0002BB8B
  1611 0001:0002BB9A  1612 0001:0002BBAE  1613 0001:0002BBBF  1616 0001:0002BBC8
  1617 0001:0002BBD4  1618 0001:0002BBEA  1619 0001:0002BBF6  1620 0001:0002BC02
  1621 0001:0002BC0B  1622 0001:0002BC23  1623 0001:0002BC34  1624 0001:0002BC40
  1625 0001:0002BC4C  1626 0001:0002BC58  1627 0001:0002BC64  1629 0001:0002BC72
  1630 0001:0002BC7D  1635 0001:0002BC84  1636 0001:0002BC90  1637 0001:0002BC9E
  1638 0001:0002BCB2  1641 0001:0002BCB8  1642 0001:0002BCC4  1644 0001:0002BCD1
  1645 0001:0002BCE2  1643 0001:0002BCE5  1647 0001:0002BCF0  1650 0001:0002BCF4
  1651 0001:0002BD00  1652 0001:0002BD11  1657 0001:0002BD18  1658 0001:0002BD24
  1659 0001:0002BD29  1660 0001:0002BD3F  1661 0001:0002BD4F  1662 0001:0002BD57
  1663 0001:0002BD5A  1659 0001:0002BD5D  1664 0001:0002BD62  1665 0001:0002BD6C
  1668 0001:0002BD70  1669 0001:0002BD7F  1671 0001:0002BD8F  1672 0001:0002BDA0
  1670 0001:0002BDA3  1674 0001:0002BDAE  1677 0001:0002BDB4  1678 0001:0002BDC3
  1679 0001:0002BDD1  1681 0001:0002BE08  1682 0001:0002BE11  1683 0001:0002BE1B
  1684 0001:0002BE2B  1685 0001:0002BE3B

Line numbers for FxGraph(Src\FxGraph.pas) segment .text

   191 0001:0002D38C   192 0001:0002D3A7   193 0001:0002D3B4   194 0001:0002D3D6
   195 0001:0002D3E0   196 0001:0002D3F8   197 0001:0002D40D   198 0001:0002D41A
   199 0001:0002D41F   198 0001:0002D437   200 0001:0002D43D   201 0001:0002D45D
   204 0001:0002D464   205 0001:0002D475   206 0001:0002D482   207 0001:0002D48F
   208 0001:0002D4AB   211 0001:0002D4B0   212 0001:0002D4B7   214 0001:0002D4BF
   217 0001:0002D4C4   218 0001:0002D4D3   219 0001:0002D4E1   221 0001:0002D4F9
   222 0001:0002D505   224 0001:0002D517   230 0001:0002D51C   231 0001:0002D53F
   232 0001:0002D549   233 0001:0002D55E   234 0001:0002D569   235 0001:0002D587
   236 0001:0002D592   237 0001:0002D59C   238 0001:0002D5A7   239 0001:0002D5D0
   240 0001:0002D5EB   241 0001:0002D606   242 0001:0002D64F   243 0001:0002D65D
   244 0001:0002D66F   240 0001:0002D672   245 0001:0002D677   246 0001:0002D681
   248 0001:0002D68F   249 0001:0002D6B1   251 0001:0002D715   257 0001:0002D73C
   258 0001:0002D767   259 0001:0002D771   260 0001:0002D786   261 0001:0002D791
   262 0001:0002D7CA   263 0001:0002D7D8   264 0001:0002D7FA   265 0001:0002D811
   264 0001:0002D837   266 0001:0002D83C   267 0001:0002D84D   268 0001:0002D861
   269 0001:0002D88A   270 0001:0002D89B   271 0001:0002D8B2   272 0001:0002D8BD
   273 0001:0002D8DA   274 0001:0002D8FE   275 0001:0002D919   274 0001:0002D95B
   277 0001:0002D960   278 0001:0002D96E   279 0001:0002D980   270 0001:0002D983
   280 0001:0002D98C   281 0001:0002D9A8   280 0001:0002D9C3   282 0001:0002D9C8
   284 0001:0002D9D6   285 0001:0002D9FD   287 0001:0002DA7E   292 0001:0002DA90
   293 0001:0002DA99   294 0001:0002DAA7   295 0001:0002DAB1   296 0001:0002DABB
   297 0001:0002DAC8   298 0001:0002DAE0   297 0001:0002DAF5   299 0001:0002DAFA
   300 0001:0002DB0D   301 0001:0002DB20   302 0001:0002DB33   303 0001:0002DB46
   306 0001:0002DB4C   307 0001:0002DB55   309 0001:0002DB78   310 0001:0002DB89
   311 0001:0002DB96   312 0001:0002DBA5   313 0001:0002DBB9   319 0001:0002DBC4
   320 0001:0002DBE3   321 0001:0002DBF6   322 0001:0002DC09   323 0001:0002DC1B
   325 0001:0002DC2B   326 0001:0002DC43   327 0001:0002DC5E   328 0001:0002DC6C
   330 0001:0002DC6E   325 0001:0002DC71   331 0001:0002DC76   332 0001:0002DC8F
   333 0001:0002DC99   334 0001:0002DCA3   335 0001:0002DCB3   336 0001:0002DCC0
   337 0001:0002DCCB   338 0001:0002DCDA   339 0001:0002DD04   342 0001:0002DD2C
   343 0001:0002DD35   344 0001:0002DD47   347 0001:0002DD4C   348 0001:0002DD5B
   349 0001:0002DD63   350 0001:0002DD6F   351 0001:0002DD86   354 0001:0002DD8C
   355 0001:0002DDAB   356 0001:0002DDB9   357 0001:0002DDCD   358 0001:0002DDE5
   359 0001:0002DDEF   360 0001:0002DDFB   361 0001:0002DE16   362 0001:0002DE22
   364 0001:0002DE3D   366 0001:0002DE69   367 0001:0002DE81   368 0001:0002DEAA
   370 0001:0002DED5   371 0001:0002DEE8   374 0001:0002DF1D   377 0001:0002DF24
   378 0001:0002DF30   379 0001:0002DF3E   380 0001:0002DF4A   381 0001:0002DF56
   383 0001:0002DF60   385 0001:0002DF68   388 0001:0002DF6C   389 0001:0002DF79
   390 0001:0002DF87   391 0001:0002DF93   392 0001:0002DFA0   394 0001:0002DFB2
   397 0001:0002DFB8   398 0001:0002DFC4   399 0001:0002DFD5   404 0001:0002DFDC
   405 0001:0002DFE8   406 0001:0002DFF4   407 0001:0002DFFF   408 0001:0002E010
   409 0001:0002E01B   414 0001:0002E020   415 0001:0002E02C   416 0001:0002E039
   417 0001:0002E040   418 0001:0002E04E   419 0001:0002E062   420 0001:0002E06F
   423 0001:0002E07C   426 0001:0002E0B2   428 0001:0002E0C1   431 0001:0002E0C8
   432 0001:0002E0E3   433 0001:0002E107   436 0001:0002E10C   437 0001:0002E11D
   438 0001:0002E139   446 0001:0002E140   447 0001:0002E14C   448 0001:0002E162
   449 0001:0002E171   450 0001:0002E17C   451 0001:0002E18B   447 0001:0002E18E
   452 0001:0002E193   455 0001:0002E198   456 0001:0002E1A4   457 0001:0002E1B5
   462 0001:0002E1BC   463 0001:0002E1CB   464 0001:0002E1D1   465 0001:0002E1D7
   466 0001:0002E1E1   468 0001:0002E1E9   471 0001:0002E1F0   472 0001:0002E1FF
   473 0001:0002E20D   478 0001:0002E214   479 0001:0002E225   481 0001:0002E233
   482 0001:0002E24F   484 0001:0002E284   485 0001:0002E28D   486 0001:0002E297
   487 0001:0002E2A7   488 0001:0002E2B1

Line numbers for FxDimPager(Src\FxDimPager.pas) segment .text

   204 0001:0002F794   205 0001:0002F7AF   206 0001:0002F7B9   207 0001:0002F7DD
   210 0001:0002F7E4   211 0001:0002F7F0   212 0001:0002F7FD   213 0001:0002F804
   214 0001:0002F812   216 0001:0002F837   218 0001:0002F844   221 0001:0002F851
   223 0001:0002F85E   226 0001:0002F876   228 0001:0002F885   231 0001:0002F88C
   232 0001:0002F89D   233 0001:0002F8B9   245 0001:0002F924   246 0001:0002F93F
   247 0001:0002F94C   248 0001:0002F964   249 0001:0002F973   250 0001:0002F98B
   251 0001:0002F99E   253 0001:0002F9B1   254 0001:0002F9B6   253 0001:0002F9E7
   256 0001:0002FA08   259 0001:0002FA10   260 0001:0002FA21   261 0001:0002FA2E
   262 0001:0002FA3C   263 0001:0002FA58   266 0001:0002FA5C   267 0001:0002FA65
   268 0001:0002FA74   271 0001:0002FA78   272 0001:0002FA81   273 0001:0002FA93
   276 0001:0002FA98   277 0001:0002FAA4   278 0001:0002FAB5   284 0001:0002FABC
   285 0001:0002FAD8   286 0001:0002FAE5   287 0001:0002FB04   288 0001:0002FB1F
   290 0001:0002FB24   291 0001:0002FB35   292 0001:0002FB52   293 0001:0002FB5F
   294 0001:0002FB72   296 0001:0002FB93   298 0001:0002FBA5   299 0001:0002FBC6
   300 0001:0002FBD1   301 0001:0002FBE8   303 0001:0002FBF3   291 0001:0002FBF6
   305 0001:0002FC01   304 0001:0002FC19   307 0001:0002FC2C   308 0001:0002FC62
   311 0001:0002FC68   312 0001:0002FC6F   313 0001:0002FC88   316 0001:0002FC8C
   317 0001:0002FC98   318 0001:0002FCA3   321 0001:0002FCA8   322 0001:0002FCB4
   323 0001:0002FCC5   330 0001:0002FCCC   331 0001:0002FCD9   332 0001:0002FCE4
   333 0001:0002FCF0   334 0001:0002FD02   335 0001:0002FD10   336 0001:0002FD46
   337 0001:0002FD60   338 0001:0002FD7A   339 0001:0002FD94   340 0001:0002FDAE
   343 0001:0002FDD3   344 0001:0002FDE5   345 0001:0002FDF7   348 0001:0002FE18
   355 0001:0002FE58   356 0001:0002FE73   357 0001:0002FE80   358 0001:0002FE8C
   359 0001:0002FEA4   361 0001:0002FEB5   362 0001:0002FEC1   363 0001:0002FED9
   364 0001:0002FEEA   366 0001:0002FF01   367 0001:0002FF0D   368 0001:0002FF25
   370 0001:0002FF50   373 0001:0002FF54   376 0001:0002FF65   377 0001:0002FF81
   380 0001:0002FF88   381 0001:0002FF8F   382 0001:0002FF97   383 0001:0002FFAF
   384 0001:0002FFB7   387 0001:0002FFBC   388 0001:0002FFC8   389 0001:0002FFE4
   390 0001:0002FFF6   391 0001:00030024   393 0001:00030036   400 0001:0003006C
   401 0001:00030094   402 0001:000300B1   403 0001:000300C5   404 0001:000300E3
   405 0001:000300FE   406 0001:00030119   409 0001:0003015C   412 0001:00030160
   413 0001:0003016C   414 0001:0003017D   416 0001:00030193   419 0001:00030198
   420 0001:000301A1   421 0001:000301B4   424 0001:000301B8   425 0001:000301C1
   426 0001:000301DB   429 0001:000301E0   430 0001:000301EC   431 0001:0003020E
   432 0001:00030217   433 0001:00030234   434 0001:0003023D   436 0001:00030258
   441 0001:0003025C   442 0001:00030268   443 0001:0003028A   444 0001:000302A5
   445 0001:000302AB   447 0001:000302B1   448 0001:000302B5   450 0001:000302C9
   452 0001:000302E5   456 0001:00030360   457 0001:0003036F   458 0001:0003037D
   459 0001:00030391   460 0001:0003039C   461 0001:000303B0   462 0001:000303BB
   463 0001:000303CF   464 0001:000303DA   470 0001:000303E0   471 0001:00030403
   472 0001:00030419   473 0001:0003043B   474 0001:00030447   475 0001:0003045B
   477 0001:00030469   478 0001:00030481   479 0001:0003048F   480 0001:000304AA
   482 0001:000304D1   485 0001:00030503   488 0001:00030508   489 0001:00030514
   490 0001:00030525   491 0001:00030543   493 0001:0003055B   495 0001:00030574
   502 0001:00030578   503 0001:00030584   504 0001:00030590   505 0001:000305A7
   506 0001:000305BB   507 0001:000305C9   508 0001:000305E3   509 0001:000305F6
   510 0001:00030602   511 0001:0003061A   512 0001:00030624   513 0001:00030632
   515 0001:00030659   518 0001:00030670   519 0001:0003067C   520 0001:00030687
   529 0001:0003068C   530 0001:00030698   531 0001:000306A3   532 0001:000306B3
   533 0001:000306C4   534 0001:000306DA   535 0001:000306DF   536 0001:000306F7
   537 0001:00030708   538 0001:00030724   539 0001:00030734   534 0001:00030737
   540 0001:0003073D   541 0001:00030760   542 0001:00030786   545 0001:000307AC
   546 0001:000307B8   547 0001:000307D2   548 0001:000307E3   549 0001:000307F3
   550 0001:000307FF   552 0001:00030826   553 0001:00030832   554 0001:00030843
   556 0001:00030853   561 0001:00030858   562 0001:00030878   563 0001:000308A6
   564 0001:000308B2   565 0001:000308C0   566 0001:000308D5   568 0001:000308EA
   570 0001:000308F9   571 0001:00030902   573 0001:00030921   574 0001:0003093E
   575 0001:00030951   576 0001:00030962   578 0001:00030976   579 0001:00030998
   580 0001:000309AE   581 0001:000309BF   583 0001:000309D5   584 0001:000309F5
   585 0001:00030A29   586 0001:00030A50   588 0001:00030A61   589 0001:00030A8F
   590 0001:00030AA0   591 0001:00030AB1   592 0001:00030ABF   593 0001:00030ACD
   594 0001:00030AD8   595 0001:00030AE1   596 0001:00030B0D   595 0001:00030B39
   598 0001:00030B3E   599 0001:00030B47   602 0001:00030B75   603 0001:00030B83
   606 0001:00030BA1   607 0001:00030BCB   610 0001:00030C00   611 0001:00030C0C
   612 0001:00030C17   614 0001:00030C28   622 0001:00030C2C   623 0001:00030C58
   624 0001:00030C69   625 0001:00030C82   626 0001:00030C8C   627 0001:00030C96
   628 0001:00030CA8   627 0001:00030CC1   630 0001:00030CE3   635 0001:00030CEC
   636 0001:00030D07   637 0001:00030D11   638 0001:00030D35   641 0001:00030D3C
   642 0001:00030D48   643 0001:00030D51   644 0001:00030D58   645 0001:00030D66
   646 0001:00030D77   650 0001:00030D84   653 0001:00030D9C   655 0001:00030DAB
   658 0001:00030DB0   660 0001:00030DC1   661 0001:00030DDD   668 0001:00030DE4
   669 0001:00030DED   670 0001:00030DF5   671 0001:00030DFA   672 0001:00030E26
   673 0001:00030E36   676 0001:00030E3C   677 0001:00030E43   678 0001:00030E6D
   681 0001:00030E70   682 0001:00030E8B   683 0001:00030E98   684 0001:00030ECB
   690 0001:00030ED0   691 0001:00030EED   692 0001:00030EFA   693 0001:00030F08
   694 0001:00030F16   695 0001:00030F21   696 0001:00030F2B   697 0001:00030F50
   698 0001:00030F5B   699 0001:00030F79   700 0001:00030F8F   701 0001:00030F9B
   702 0001:00030FBA   698 0001:00030FBD   703 0001:00030FC2   704 0001:00030FE7
   707 0001:00030FFE   709 0001:00031031   712 0001:00031038   713 0001:00031049
   714 0001:00031057   715 0001:00031073   718 0001:00031078   719 0001:00031081
   720 0001:00031093   723 0001:00031098   724 0001:000310A4   725 0001:000310B5
   730 0001:000310BC   731 0001:000310D7   732 0001:000310E4   733 0001:000310F1
   734 0001:000310FB   735 0001:00031120   740 0001:00031138   741 0001:00031154
   742 0001:00031161   743 0001:0003116E   744 0001:00031178   745 0001:00031186
   746 0001:00031190   747 0001:0003119A   748 0001:000311A7   749 0001:000311B1
   750 0001:000311BE   751 0001:000311CB   752 0001:000311D8   753 0001:000311E5
   754 0001:00031201   755 0001:00031216   756 0001:0003122E   757 0001:00031244
   758 0001:00031275   763 0001:000312DC   764 0001:000312F7   765 0001:00031304
   766 0001:00031311   767 0001:0003131B   768 0001:00031340   770 0001:00031420
   771 0001:00031429   772 0001:00031433   773 0001:00031443   774 0001:00031453
   775 0001:0003145D   776 0001:00031467   777 0001:00031471

Line numbers for FxHtml(Src\FxHtml.pas) segment .text

   132 0001:00031B58   133 0001:00031B67   134 0001:00031B73   136 0001:00031B8D
   137 0001:00031B9B   143 0001:00031BAC   144 0001:00031BB8   145 0001:00031BC3
   146 0001:00031BCB   147 0001:00031BD9   148 0001:00031BE7   149 0001:00031C21
   152 0001:00031C40   153 0001:00031C5F   154 0001:00031C97   157 0001:00031CB0
   158 0001:00031CCF   159 0001:00031D07   164 0001:00031D20   165 0001:00031D2C
   166 0001:00031D3E   167 0001:00031D4F   168 0001:00031D5B   170 0001:00031D67
   171 0001:00031D72   174 0001:00031D78   175 0001:00031D90   176 0001:00031D9A
   177 0001:00031DBF   180 0001:00031DC4   181 0001:00031DF0   182 0001:00031DFD
   183 0001:00031E05   184 0001:00031E0E   185 0001:00031E3C   186 0001:00031E48
   187 0001:00031E81   188 0001:00031E8A   189 0001:00031ECE   190 0001:00031ED6
   192 0001:00031F0F   193 0001:00031F3C   198 0001:00031FAC   199 0001:00031FC7
   200 0001:00031FD4   201 0001:00031FDE   202 0001:00031FF0   203 0001:00032002
   204 0001:0003200A   205 0001:00032012   206 0001:0003201C   207 0001:0003202E
   208 0001:00032040   209 0001:00032052   210 0001:00032064   211 0001:00032076
   212 0001:00032088   213 0001:000320AA   216 0001:000320B0   217 0001:000320C1
   218 0001:000320CC   219 0001:000320D7   220 0001:000320E2   221 0001:000320ED
   222 0001:000320F8   223 0001:00032103   224 0001:0003210E   225 0001:00032119
   226 0001:00032135   229 0001:0003213C   230 0001:00032160   231 0001:00032168
   233 0001:00032175   234 0001:000321A3   235 0001:000321DC   236 0001:00032215
   237 0001:00032221   238 0001:0003225A   239 0001:0003226A   240 0001:00032283
   241 0001:0003229C   243 0001:000322CE   246 0001:0003235C   247 0001:0003237A
   248 0001:00032382   250 0001:0003238F   251 0001:0003239F   252 0001:000323AF
   253 0001:000323BF   254 0001:000323CF   255 0001:000323F1   256 0001:00032401
   257 0001:00032411   258 0001:0003242D   259 0001:00032457   260 0001:00032473
   261 0001:00032483   263 0001:000324B5   277 0001:000325F4   278 0001:00032618
   279 0001:00032625   280 0001:0003262E   282 0001:00032641   283 0001:0003266B
   285 0001:0003268A   286 0001:0003269A   288 0001:000326AD   289 0001:000326BE
   291 0001:000326DD   292 0001:000326F5   294 0001:00032732   289 0001:00032735
   295 0001:0003273C   297 0001:00032771   300 0001:0003277B   301 0001:00032782
   302 0001:0003279E   304 0001:000327A6   305 0001:000327B3   307 0001:000327E7
   309 0001:000327ED   310 0001:000327FA   312 0001:00032820   314 0001:0003282A
   315 0001:0003283F   316 0001:00032849   317 0001:00032861   318 0001:00032866
   319 0001:0003286F   321 0001:00032880   322 0001:000328A4   323 0001:000328AA
   324 0001:000328AD   319 0001:000328B0   326 0001:000328B5   328 0001:000328FA
   298 0001:00032900   330 0001:0003290F   331 0001:0003291F   283 0001:00032922
   333 0001:0003292B   335 0001:00032951   336 0001:00032961   338 0001:0003297C
   339 0001:00032994   340 0001:000329A2   336 0001:000329A5   341 0001:000329AA
   342 0001:000329CC   343 0001:00032A0B   346 0001:00032A45   360 0001:00032A84
   361 0001:00032AA7   362 0001:00032AAF   364 0001:00032ACC   365 0001:00032ADE
   367 0001:00032B0A   368 0001:00032B0E   370 0001:00032B21   371 0001:00032B31
   372 0001:00032B35   374 0001:00032B4B   376 0001:00032B6D   377 0001:00032B8C
   378 0001:00032B94   379 0001:00032BC8   380 0001:00032BCE   381 0001:00032BF4
   382 0001:00032BFE   383 0001:00032C16   384 0001:00032C31   385 0001:00032C3A
   387 0001:00032C88   388 0001:00032C8D   390 0001:00032C9E   391 0001:00032CC8
   392 0001:00032CCE   393 0001:00032CD1   388 0001:00032CD4   394 0001:00032CD9
   395 0001:00032CE7   398 0001:00032D33   374 0001:00032D36   400 0001:00032D3F
   401 0001:00032D5C   402 0001:00032D60   403 0001:00032D72   404 0001:00032D9C
   405 0001:00032DA4   406 0001:00032DAD   408 0001:00032DEA   409 0001:00032E25
   400 0001:00032E28   410 0001:00032E31   412 0001:00032E41   362 0001:00032E44
   413 0001:00032E6F   416 0001:00032EA0   417 0001:00032EAC   418 0001:00032EBA
   421 0001:00032EC0   422 0001:00032ECC   423 0001:00032EDA   429 0001:00032EE0
   430 0001:00032F14   431 0001:00032F1D   432 0001:00032F2C   433 0001:00032F61
   435 0001:00032F7C   436 0001:00032F94   437 0001:00032FD1   433 0001:00032FD4
   438 0001:00032FD9   439 0001:00032FE2   441 0001:00033026   442 0001:0003302B
   443 0001:0003303A   444 0001:00033050   445 0001:00033074   446 0001:0003307A
   447 0001:0003307D   443 0001:00033080   449 0001:00033085   450 0001:0003309F
   453 0001:00033103   456 0001:00033108   457 0001:00033114   458 0001:00033122
   461 0001:00033128   462 0001:00033134   463 0001:00033142   466 0001:00033148
   467 0001:00033154   468 0001:00033162   471 0001:00033168   472 0001:00033174
   473 0001:00033182   476 0001:00033188   477 0001:00033194   478 0001:000331A2
   481 0001:000331A8   482 0001:000331B4   483 0001:000331C2   486 0001:000331C8
   487 0001:000331D7   488 0001:000331E5   489 0001:000331F6   490 0001:00033200
   493 0001:00033204   494 0001:00033210   495 0001:0003321B   496 0001:00033221
   497 0001:0003322C   498 0001:00033235   499 0001:00033243   501 0001:0003324C
   506 0001:00033250   507 0001:0003325C   508 0001:0003326E   509 0001:0003327A
   510 0001:00033286   511 0001:00033297   512 0001:000332A3   513 0001:000332AF
   514 0001:000332BB   515 0001:000332CC   516 0001:000332D8   518 0001:000332E9
   519 0001:000332F4   524 0001:000332F8   525 0001:00033323   526 0001:00033334
   527 0001:00033349   528 0001:00033357   529 0001:00033369   531 0001:00033379
   532 0001:00033385   533 0001:000333BC   534 0001:000333C8   535 0001:000333FF
   536 0001:00033408   537 0001:0003343C   538 0001:00033445   539 0001:00033479
   540 0001:00033482   541 0001:0003349D   542 0001:000334A6   543 0001:000334DC
   544 0001:000334E5   545 0001:0003351B   546 0001:00033529   547 0001:00033562
   549 0001:000335C3   552 0001:000336A8   553 0001:000336C0   554 0001:000336CA
   555 0001:000336DC   556 0001:000336E6   557 0001:000336F0   558 0001:000336F7
   559 0001:00033719   562 0001:00033720   563 0001:00033731   564 0001:0003373C
   565 0001:00033758   568 0001:0003375C   569 0001:00033768   570 0001:00033776
   573 0001:0003377C   574 0001:00033788   575 0001:00033796   576 0001:000337A4
   579 0001:000337A8   580 0001:000337B4   581 0001:000337C2   582 0001:000337D0
   584 0001:00033830   585 0001:00033839   586 0001:00033843   587 0001:00033853
   588 0001:0003385D

Line numbers for fds70(fds70.dpk) segment .text

    54 0001:00033B78

Bound resource files

Lib70\FxConsts.res
Lib70\FxPBar.dfm
Lib70\FxDCube.dfm
fds70.res
C:\DOCUME~1\john07\LOCALS~1\Temp\dtf39A.tmp


Program entry point at 0001:00033B78
