dOCIFiles.lst
../changelog/changelog.eng
../changelog/changelog.rus

../src/ADataSet.pas
../src/AMemoryDataSet.pas
../src/AOraSQL.pas
../src/AOraUpdateSQL.pas
../src/AOraUpdateSQLEd.dfm
../src/AOraUpdateSQLEd.pas
../src/DataSetQuery.pas
../src/dOCI.inc
../src/dOCIMessages.pas
../src/dOCIMessages_English.lang
../src/dOCIMessages_Russian.lang
../src/DynamicArrays.pas
../src/GoodDate.pas
../src/MemoryDataSet.pas
../src/OraDB.pas
../src/OraDefines.pas
../src/OraError.pas
../src/OraSQL.pas
../src/OraUtils.pas
../src/VirtualDataSet.pas

../dOCI_README.rus
../dOCI_README.eng
../!README_Delphi6-7.rus
../!README_Delphi6-7.eng
../dOCI5.dpk
../dOCI6.dpk
../dOCI7.dpk
../dOCIIcons.res

../doc/dOCI_FAQ.txt
../doc/DynamicArrays.html
../doc/DynamicHashes.html
../doc/intro.html
../doc/style.css
../doc/TADatabase.html
../doc/TADataSet.html
../doc/TOraDB.html

..\Examples\readme
..\Examples\EditableDataSet\MainForm.pas
..\Examples\EditableDataSet\MainForm.dfm
..\Examples\EditableDataSet\tables.sql
..\Examples\EditableDataSet\EditableDataSet.cfg
..\Examples\EditableDataSet\EditableDataSet.dpr
..\Examples\EditableDataSet\EditableDataSet.dof
..\Examples\EditableDataSet\EditableDataSet.res
..\Examples\EditableDataSet\Delphi5_README.txt

..\Examples\Dberrors\Dm1.dfm
..\Examples\Dberrors\Dm1.pas
..\Examples\Dberrors\Main.dfm
..\Examples\Dberrors\Main.pas
..\Examples\Dberrors\Delphi5_README.txt
..\Examples\Dberrors\dberrors.cfg
..\Examples\Dberrors\dberrors.dof
..\Examples\Dberrors\dberrors.dpr
..\Examples\Dberrors\dberrors.res
                 