ZipOverbyteIcsV7.bat
7-ZipOverbyteIcsV7.bat
ZipOverbyteIcsV7.lst
IcsMidwareCodingStyle.doc
ReadMe7.txt
ReadMeOverbyteIcsV6beta.txt
Clean.bat
IcsSslHowTo.txt
Default.dof

Delphi\Vc32\OverbyteIcsD7Run.dpk
Delphi\Vc32\OverbyteIcsD7Run.res
Delphi\Vc32\OverbyteIcsD7Design.dpk
Delphi\Vc32\OverbyteIcsD7Design.res

Delphi\Vc32\OverbyteIcsD2006Run.bdsproj
Delphi\Vc32\OverbyteIcsD2006Run.dpk
Delphi\Vc32\OverbyteIcsD2006Run.res
Delphi\Vc32\OverbyteIcsD2006Design.bdsproj
Delphi\Vc32\OverbyteIcsD2006Design.dpk
Delphi\Vc32\OverbyteIcsD2006Design.res

Delphi\Vc32\OverbyteIcsD2007Run.dproj
Delphi\Vc32\OverbyteIcsD2007Run.dpk
Delphi\Vc32\OverbyteIcsD2007Run.res
Delphi\Vc32\OverbyteIcsD2007Design.dproj
Delphi\Vc32\OverbyteIcsD2007Design.dpk
Delphi\Vc32\OverbyteIcsD2007Design.res

Delphi\Vc32\OverbyteIcsD2009Run.dproj
Delphi\Vc32\OverbyteIcsD2009Run.dpk
Delphi\Vc32\OverbyteIcsD2009Run.res
Delphi\Vc32\OverbyteIcsD2009Design.dproj
Delphi\Vc32\OverbyteIcsD2009Design.dpk
Delphi\Vc32\OverbyteIcsD2009Design.res

Delphi\Vc32\OverbyteIcsCB2006Run.bdsproj
Delphi\Vc32\OverbyteIcsCB2006Run.cpp
Delphi\Vc32\OverbyteIcsCB2006Run.res
Delphi\Vc32\OverbyteIcsCB2006Design.bdsproj
Delphi\Vc32\OverbyteIcsCB2006Design.cpp
Delphi\Vc32\OverbyteIcsCB2006Design.res

Delphi\Vc32\OverbyteIcsCB2007Run.cbproj
Delphi\Vc32\OverbyteIcsCB2007Run.cpp
Delphi\Vc32\OverbyteIcsCB2007Run.res
Delphi\Vc32\OverbyteIcsCB2007Design.cbproj
Delphi\Vc32\OverbyteIcsCB2007Design.cpp
Delphi\Vc32\OverbyteIcsCB2007Design.res

Delphi\Vc32\OverbyteIcsCB2009Run.cbproj
Delphi\Vc32\OverbyteIcsCB2009Run.cpp
Delphi\Vc32\OverbyteIcsCB2009Run.res
Delphi\Vc32\OverbyteIcsCB2009Design.cbproj
Delphi\Vc32\OverbyteIcsCB2009Design.cpp
Delphi\Vc32\OverbyteIcsCB2009Design.res

Delphi\Vc32\OverbyteIcsCharsetUtils.pas
Delphi\Vc32\OverbyteIcsMultiProgressBar.pas
Delphi\Vc32\OverbyteIcsMultiProgressBar.dcr
Delphi\Vc32\OverbyteIcsMultipartHttpDownloader.pas
Delphi\Vc32\OverbyteIcsMultipartHttpDownloader.dcr
Delphi\Vc32\OverbyteIcsMultipartFtpDownloader.pas
Delphi\Vc32\OverbyteIcsMultipartFtpDownloader.dcr
Delphi\Vc32\OverbyteIcsAvlTrees.pas
Delphi\Vc32\OverbyteIcsCRC.pas
Delphi\Vc32\OverbyteIcsUtils.pas
Delphi\Vc32\OverbyteIcsDefs.inc
Delphi\Vc32\OverbyteIcsDES.pas
Delphi\Vc32\OverbyteIcsDnsQuery.dcr
Delphi\Vc32\OverbyteIcsDnsQuery.pas
Delphi\Vc32\OverbyteIcsEmulVT.dcr
Delphi\Vc32\OverbyteIcsEmulVT.pas
Delphi\Vc32\OverbyteIcsFingCli.dcr
Delphi\Vc32\OverbyteIcsFingCli.pas
Delphi\Vc32\OverbyteIcsFtpCli.dcr
Delphi\Vc32\OverbyteIcsFtpCli.pas
Delphi\Vc32\OverbyteIcsFtpSrv.dcr
Delphi\Vc32\OverbyteIcsFtpSrv.pas
Delphi\Vc32\OverbyteIcsFtpSrvT.pas
Delphi\Vc32\OverbyteIcsHttpCCodZLib.pas
Delphi\Vc32\OverbyteIcsHttpContCod.pas
Delphi\Vc32\OverbyteIcsHttpProt.dcr
Delphi\Vc32\OverbyteIcsHttpProt.pas
Delphi\Vc32\OverbyteIcsHttpSrv.dcr
Delphi\Vc32\OverbyteIcsHttpSrv.pas
Delphi\Vc32\OverbyteIcsIcmp.pas
Delphi\Vc32\OverbyteIcsURL.pas
Delphi\Vc32\OverbyteIcsLibrary.pas
Delphi\Vc32\OverbyteIcsLogger.dcr
Delphi\Vc32\OverbyteIcsLogger.pas
Delphi\Vc32\OverbyteIcsMD4.pas
Delphi\Vc32\OverbyteIcsMD5.pas
Delphi\Vc32\OverbyteIcsMimeUtils.pas
Delphi\Vc32\OverbyteIcsMimeDec.pas
Delphi\Vc32\OverbyteIcsMimeDec.dcr
Delphi\Vc32\OverbyteIcsNntpCli.dcr
Delphi\Vc32\OverbyteIcsNntpCli.pas
Delphi\Vc32\OverbyteIcsNtlmMsgs.pas
Delphi\Vc32\OverbyteIcsNtlmSsp.pas
Delphi\Vc32\OverbyteIcsOneTimePw.pas
Delphi\Vc32\OverbyteIcsSspi.pas
Delphi\Vc32\OverbyteIcsPing.dcr
Delphi\Vc32\OverbyteIcsPing.pas
Delphi\Vc32\OverbyteIcsPop3Prot.dcr
Delphi\Vc32\OverbyteIcsPop3Prot.pas
Delphi\Vc32\OverbyteIcsSHA1.pas
Delphi\Vc32\OverbyteIcsSmtpProt.dcr
Delphi\Vc32\OverbyteIcsSmtpProt.pas
Delphi\Vc32\OverbyteIcsStreams.pas
Delphi\Vc32\OverbyteIcsTnCnx.dcr
Delphi\Vc32\OverbyteIcsTnCnx.pas
Delphi\Vc32\OverbyteIcsTnEmulVT.dcr
Delphi\Vc32\OverbyteIcsTnEmulVT.pas
Delphi\Vc32\OverbyteIcsTnOptFrm.dfm
Delphi\Vc32\OverbyteIcsTnOptFrm.pas
Delphi\Vc32\OverbyteIcsTnScript.dcr
Delphi\Vc32\OverbyteIcsTnScript.pas
Delphi\Vc32\OverbyteIcsTypes.pas
Delphi\Vc32\OverbyteIcsWinSock.pas
Delphi\Vc32\OverbyteIcsWinSock2.pas
Delphi\Vc32\OverbyteIcsWndControl.pas
Delphi\Vc32\OverbyteIcsWSockBuf.pas
Delphi\Vc32\OverbyteIcsWSocket.dcr
Delphi\Vc32\OverbyteIcsWSocket.pas
Delphi\Vc32\OverbyteIcsWSocket.TWSocket.bmp
Delphi\Vc32\OverbyteIcsWSocketE.pas
Delphi\Vc32\OverbyteIcsWSocketS.dcr
Delphi\Vc32\OverbyteIcsWSocketS.pas
Delphi\Vc32\OverbyteIcsIniFiles.pas
Delphi\Vc32\OverbyteIcsZlib.inc
Delphi\Vc32\OverbyteIcsZLibDll.pas
Delphi\Vc32\OverbyteIcsZlibHigh.pas
Delphi\Vc32\OverbyteIcsZLibObj.pas
Delphi\Vc32\OverbyteIcsReg.pas
Delphi\vc32\OverbyteIcsLIBEAY.pas
Delphi\vc32\OverbyteIcsLibeayEx.pas
Delphi\vc32\OverbyteIcsSSLEAY.pas
Delphi\vc32\OverbyteIcsSslSessionCache.pas
Delphi\vc32\OverbyteIcsSslSessionCache.dcr
Delphi\vc32\OverbyteIcsSslThrdLock.pas
Delphi\vc32\OverbyteIcsSslThrdLock.dcr
Delphi\vc32\OverbyteIcsSslDefs.inc
Delphi\vc32\OverbyteIcsDigestAuth.pas
Delphi\vc32\OverbyteIcsWebSession.pas
Delphi\vc32\OverbyteIcsTimeList.pas
Delphi\vc32\OverbyteIcsTimeList.dcr
Delphi\vc32\OverbyteIcsFormDataDecoder.pas
Delphi\vc32\OverbyteIcsHttpAppServer.pas
Delphi\vc32\OverbyteIcsHttpAppServer.dcr
Delphi\vc32\OverbyteIcsXpManifest.rc
Delphi\vc32\OverbyteIcsXp.manifest
Delphi\vc32\OverbyteIcsCharsetComboBox.pas
Delphi\vc32\OverbyteIcsCharsetComboBox.dcr

Delphi\vc32\ZOBJ123\adler32.obj
Delphi\vc32\ZOBJ123\compress.obj
Delphi\vc32\ZOBJ123\crc32.obj
Delphi\vc32\ZOBJ123\deflate.obj
Delphi\vc32\ZOBJ123\example.obj
Delphi\vc32\ZOBJ123\gzio.obj
Delphi\vc32\ZOBJ123\infback.obj
Delphi\vc32\ZOBJ123\inffast.obj
Delphi\vc32\ZOBJ123\inflate.obj
Delphi\vc32\ZOBJ123\inftrees.obj
Delphi\vc32\ZOBJ123\minigzip.obj
Delphi\vc32\ZOBJ123\trees.obj
Delphi\vc32\ZOBJ123\uncompr.obj
Delphi\vc32\ZOBJ123\zutil.obj


Install\D7Install.bpg
Install\D2006Install.bdsgroup
Install\D2007Install.groupproj
Install\D2009Install.groupproj
Install\CB2006Install.bdsgroup
Install\CB2007Install.groupproj
Install\CB2009Install.groupproj

cpp\Internet\OverbyteIcsHttpTst1.cpp
cpp\Internet\OverbyteIcsHttpTst1.dfm
cpp\Internet\OverbyteIcsHttpTst1.h
cpp\Internet\OverbyteIcsHttpsTst1.cpp
cpp\Internet\OverbyteIcsHttpsTst1.dfm
cpp\Internet\OverbyteIcsHttpsTst1.h
cpp\Internet\OverbyteIcsCliCertDlg.cpp
cpp\Internet\OverbyteIcsCliCertDlg.dfm
cpp\Internet\OverbyteIcsCliCertDlg.h

cpp\Internet\CB2006\OverbyteIcsCB2006Sam.bdsgroup
cpp\Internet\CB2006\OverbyteIcsHttpTst.bdsproj
cpp\Internet\CB2006\OverbyteIcsHttpTst.cpp
cpp\Internet\CB2006\OverbyteIcsHttpTst.res
cpp\Internet\CB2006\OverbyteIcsHttpsTst.bdsproj
cpp\Internet\CB2006\OverbyteIcsHttpsTst.cpp
cpp\Internet\CB2006\OverbyteIcsHttpsTst.res

cpp\Internet\CB2007\OverbyteIcsCB2007Sam.groupproj
cpp\Internet\CB2007\OverbyteIcsHttpTst.cbproj
cpp\Internet\CB2007\OverbyteIcsHttpTst.cpp
cpp\Internet\CB2007\OverbyteIcsHttpTst.res
cpp\Internet\CB2007\OverbyteIcsHttpsTst.cbproj
cpp\Internet\CB2007\OverbyteIcsHttpsTst.cpp
cpp\Internet\CB2007\OverbyteIcsHttpsTst.res

cpp\Internet\CB2009\OverbyteIcsCB2009Sam.groupproj
cpp\Internet\CB2009\OverbyteIcsHttpTst.cbproj
cpp\Internet\CB2009\OverbyteIcsHttpTst.cpp
cpp\Internet\CB2009\OverbyteIcsHttpTst.res
cpp\Internet\CB2009\OverbyteIcsHttpsTst.cbproj
cpp\Internet\CB2009\OverbyteIcsHttpsTst.cpp
cpp\Internet\CB2009\OverbyteIcsHttpsTst.res

Delphi\Internet\fp_small.gif
Delphi\Internet\ics_logo.gif

Delphi\Internet\OverbyteIcsCliDemo.bdsproj
Delphi\Internet\OverbyteIcsCliDemo.dproj
Delphi\Internet\OverbyteIcsCliDemo.dpr
Delphi\Internet\OverbyteIcsCliDemo.res
Delphi\Internet\OverbyteIcsCliDemo1.pas
Delphi\Internet\OverbyteIcsCliDemo1.dfm

Delphi\Internet\OverbyteIcsBinCliDemo.bdsproj
Delphi\Internet\OverbyteIcsBinCliDemo.dproj
Delphi\Internet\OverbyteIcsBinCliDemo.dpr
Delphi\Internet\OverbyteIcsBinCliDemo.res
Delphi\Internet\OverbyteIcsBinCliDemo1.pas
Delphi\Internet\OverbyteIcsBinCliDemo1.dfm

Delphi\Internet\OverbyteIcsConFtp.bdsproj
Delphi\Internet\OverbyteIcsConFtp.dpr
Delphi\Internet\OverbyteIcsConFtp.dproj

Delphi\Internet\OverbyteIcsD2006Sam.bdsgroup
Delphi\Internet\OverbyteIcsD2007Sam.groupproj
Delphi\Internet\OverbyteIcsD2009Sam.groupproj
Delphi\Internet\OverbyteIcsD7Sam.bpg

Delphi\Internet\OverbyteIcsConHttp.bdsproj
Delphi\Internet\OverbyteIcsConHttp.dproj
Delphi\Internet\OverbyteIcsConHttp.dpr

Delphi\Internet\OverbyteIcsHttpAsy.bdsproj
Delphi\Internet\OverbyteIcsHttpAsy.dproj
Delphi\Internet\OverbyteIcsHttpAsy.dpr
Delphi\Internet\OverbyteIcsHttpAsy.res
Delphi\Internet\OverbyteIcsHttpAsy1.pas
Delphi\Internet\OverbyteIcsHttpAsy1.dfm

Delphi\Internet\OverbyteIcsHttpAsp.bdsproj
Delphi\Internet\OverbyteIcsHttpAsp.dproj
Delphi\Internet\OverbyteIcsHttpAsp.dpr
Delphi\Internet\OverbyteIcsHttpAsp.res
Delphi\Internet\OverbyteIcsHttpAsp1.pas
Delphi\Internet\OverbyteIcsHttpAsp1.dfm

Delphi\Internet\OverbyteIcsDnsLook.bdsproj
Delphi\Internet\OverbyteIcsDnsLook.dproj
Delphi\Internet\OverbyteIcsDnsLook.dpr
Delphi\Internet\OverbyteIcsDnsLook.res
Delphi\Internet\OverbyteIcsDnsLook1.pas
Delphi\Internet\OverbyteIcsDnsLook1.dfm

Delphi\Internet\OverbyteIcsDnsResolver.bdsproj
Delphi\Internet\OverbyteIcsDnsResolver.dproj
Delphi\Internet\OverbyteIcsDnsResolver.dpr
Delphi\Internet\OverbyteIcsDnsResolver.res
Delphi\Internet\OverbyteIcsDnsResolver1.pas
Delphi\Internet\OverbyteIcsDnsResolver1.dfm

Delphi\Internet\OverbyteIcsHttpMultipartDownload.bdsproj
Delphi\Internet\OverbyteIcsHttpMultipartDownload.dpr
Delphi\Internet\OverbyteIcsHttpMultipartDownload.dproj
Delphi\Internet\OverbyteIcsHttpMultipartDownload.res
Delphi\Internet\OverbyteIcsHttpMultipartDownload1.dfm
Delphi\Internet\OverbyteIcsHttpMultipartDownload1.pas

Delphi\Internet\OverbyteIcsFtpMultipartDownload.bdsproj
Delphi\Internet\OverbyteIcsFtpMultipartDownload.dpr
Delphi\Internet\OverbyteIcsFtpMultipartDownload.dproj
Delphi\Internet\OverbyteIcsFtpMultipartDownload.res
Delphi\Internet\OverbyteIcsFtpMultipartDownload1.dfm
Delphi\Internet\OverbyteIcsFtpMultipartDownload1.pas

Delphi\Internet\OverbyteIcsFtpServ.bdsproj
Delphi\Internet\OverbyteIcsFtpServ.dpr
Delphi\Internet\OverbyteIcsFtpServ.dproj
Delphi\Internet\OverbyteIcsFtpServ.res
Delphi\Internet\OverbyteIcsFtpServ1.dfm
Delphi\Internet\OverbyteIcsFtpServ1.pas
Delphi\Internet\OverbyteIcsFtpTst.bdsproj
Delphi\Internet\OverbyteIcsFtpTst.dpr
Delphi\Internet\OverbyteIcsFtpTst.dproj
Delphi\Internet\OverbyteIcsFtpTst.res
Delphi\Internet\OverbyteIcsFtpTst1.dfm
Delphi\Internet\OverbyteIcsFtpTst1.pas
Delphi\Internet\OverbyteIcsFtpTst2.dfm
Delphi\Internet\OverbyteIcsFtpTst2.pas
Delphi\Internet\ftpaccounts-default.ini
Delphi\Internet\ftpaccounts-[127.0.0.1].ini

Delphi\Internet\OverbyteIcsHttpPost.bdsproj
Delphi\Internet\OverbyteIcsHttpPost.dpr
Delphi\Internet\OverbyteIcsHttpPost.dproj
Delphi\Internet\OverbyteIcsHttpPost.res
Delphi\Internet\OverbyteIcsHttpPost1.dfm
Delphi\Internet\OverbyteIcsHttpPost1.pas
Delphi\Internet\OverbyteIcsHttpTst.bdsproj
Delphi\Internet\OverbyteIcsHttpTst.dpr
Delphi\Internet\OverbyteIcsHttpTst.dproj
Delphi\Internet\OverbyteIcsHttpTst.res
Delphi\Internet\OverbyteIcsHttpTst1.dfm
Delphi\Internet\OverbyteIcsHttpTst1.pas
Delphi\Internet\OverbyteIcsMailRcv.bdsproj
Delphi\Internet\OverbyteIcsMailRcv.dpr
Delphi\Internet\OverbyteIcsMailRcv.dproj
Delphi\Internet\OverbyteIcsMailRcv.res
Delphi\Internet\OverbyteIcsMailRcv1.dfm
Delphi\Internet\OverbyteIcsMailRcv1.pas
Delphi\Internet\OverbyteIcsMailRcv2.dfm
Delphi\Internet\OverbyteIcsMailRcv2.pas
Delphi\Internet\OverbyteIcsMailHtml.dproj
Delphi\Internet\OverbyteIcsMailHtml.dpr
Delphi\Internet\OverbyteIcsMailHtml.res
Delphi\Internet\OverbyteIcsMailHtm1.dfm
Delphi\Internet\OverbyteIcsMailHtm1.pas
Delphi\Internet\OverbyteIcsMailSnd.bdsproj
Delphi\Internet\OverbyteIcsMailSnd.dpr
Delphi\Internet\OverbyteIcsMailSnd.dproj
Delphi\Internet\OverbyteIcsMailSnd.res
Delphi\Internet\OverbyteIcsMailSnd1.dfm
Delphi\Internet\OverbyteIcsMailSnd1.pas

Delphi\Internet\OverbyteIcsMimeDemo.bdsproj
Delphi\Internet\OverbyteIcsMimeDemo.dpr
Delphi\Internet\OverbyteIcsMimeDemo.dproj
Delphi\Internet\OverbyteIcsMimeDemo.res
Delphi\Internet\OverbyteIcsMimeDemo1.dfm
Delphi\Internet\OverbyteIcsMimeDemo1.pas
Delphi\Internet\mime-demo1.txt
Delphi\Internet\mime-demo2.txt
Delphi\Internet\mime-demo3.txt
Delphi\Internet\mime-demo4.txt
Delphi\Internet\mime-demo5.txt

Delphi\Internet\OverbyteIcsNewsReader.bdsproj
Delphi\Internet\OverbyteIcsNewsReader.dpr
Delphi\Internet\OverbyteIcsNewsReader.dproj
Delphi\Internet\OverbyteIcsNewsReader.res
Delphi\Internet\OverbyteIcsNewsReader1.dfm
Delphi\Internet\OverbyteIcsNewsReader1.pas

Delphi\Internet\OverbyteIcsNsLookup.bdsproj
Delphi\Internet\OverbyteIcsNsLookup.dpr
Delphi\Internet\OverbyteIcsNsLookup.dproj
Delphi\Internet\OverbyteIcsNsLookup.res
Delphi\Internet\OverbyteIcsNsLookup1.dfm
Delphi\Internet\OverbyteIcsNsLookup1.pas

Delphi\Internet\OverbyteIcsPingTst.bdsproj
Delphi\Internet\OverbyteIcsPingTst.dpr
Delphi\Internet\OverbyteIcsPingTst.dproj
Delphi\Internet\OverbyteIcsPingTst.res
Delphi\Internet\OverbyteIcsPingTst1.dfm
Delphi\Internet\OverbyteIcsPingTst1.pas

Delphi\Internet\OverbyteIcsTcpSrv.bdsproj
Delphi\Internet\OverbyteIcsTcpSrv.dpr
Delphi\Internet\OverbyteIcsTcpSrv.dproj
Delphi\Internet\OverbyteIcsTcpSrv.res
Delphi\Internet\OverbyteIcsTcpSrv1.dfm
Delphi\Internet\OverbyteIcsTcpSrv1.pas

Delphi\Internet\OverbyteIcsTelnetClient.bdsproj
Delphi\Internet\OverbyteIcsTelnetClient.dpr
Delphi\Internet\OverbyteIcsTelnetClient.dproj
Delphi\Internet\OverbyteIcsTelnetClient.res
Delphi\Internet\OverbyteIcsTelnetClient1.dfm
Delphi\Internet\OverbyteIcsTelnetClient1.pas

Delphi\Internet\OverbyteIcsWebServ.bdsproj
Delphi\Internet\OverbyteIcsWebServ.dpr
Delphi\Internet\OverbyteIcsWebServ.dproj
Delphi\Internet\OverbyteIcsWebServ.res
Delphi\Internet\OverbyteIcsWebServ1.dfm
Delphi\Internet\OverbyteIcsWebServ1.pas

Delphi\Internet\WebServData\wwwRoot\Applet.html
Delphi\Internet\WebServData\wwwRoot\Form.html
Delphi\Internet\WebServData\wwwRoot\HelloWorld.class
Delphi\Internet\WebServData\wwwRoot\HelloWorld.java
Delphi\Internet\WebServData\wwwRoot\Index.html
Delphi\Internet\WebServData\wwwRoot\Styles\Styles.css
Delphi\Internet\WebServData\Template\FormData.html
Delphi\Internet\WebServData\Template\FormData1.html
Delphi\Internet\WebServData\Template\TemplateDemo.html

Delphi\Internet\OverbyteIcsWebAppServer.dpr
Delphi\Internet\OverbyteIcsWebAppServer.res
Delphi\Internet\OverbyteIcsWebAppServer.dproj
Delphi\Internet\OverbyteIcsWebAppServerMain.pas
Delphi\Internet\OverbyteIcsWebAppServerMain.dfm
Delphi\Internet\OverbyteIcsWebAppServerLogin.pas
Delphi\Internet\OverbyteIcsWebAppServerHomePage.pas
Delphi\Internet\OverbyteIcsWebAppServerHelloWorld.pas
Delphi\Internet\OverbyteIcsWebAppServerCounter.pas
Delphi\Internet\OverbyteIcsWebAppServerCounterView.pas
Delphi\Internet\OverbyteIcsWebAppServerConfig.pas
Delphi\Internet\OverbyteIcsWebAppServerHttpHandlerBase.pas
Delphi\Internet\OverbyteIcsWebAppServerSessionData.pas
Delphi\Internet\OverbyteIcsWebAppServerUrlDefs.pas
Delphi\Internet\OverbyteIcsWebAppServerDataModule.pas
Delphi\Internet\OverbyteIcsWebAppServerDataModule.dfm
Delphi\Internet\WebAppServerData\Templates\Config.html
Delphi\Internet\WebAppServerData\Templates\ConfigConfirm.html
Delphi\Internet\WebAppServerData\Templates\CounterView.html
Delphi\Internet\WebAppServerData\Templates\HomePage.html
Delphi\Internet\WebAppServerData\Templates\JavascriptError.html
Delphi\Internet\WebAppServerData\Templates\LoginForm.html
Delphi\Internet\WebAppServerData\Templates\Moved.html
Delphi\Internet\WebAppServerData\Templates\NotLogged.html
Delphi\Internet\WebAppServerData\wwwRoot\Images\Logo.png
Delphi\Internet\WebAppServerData\wwwRoot\Js\md5.js

Delphi\SslInternet\SslCerts\IcsSslBuildCerts.bat
Delphi\SslInternet\SslCerts\openssl.conf

Delphi\SslInternet\Server.pem
Delphi\SslInternet\01key.pem
Delphi\SslInternet\cacert.pem
Delphi\SslInternet\client.pem
Delphi\SslInternet\root.pem
Delphi\SslInternet\01cert.pem
Delphi\SslInternet\TrustedCABundle.pem
Delphi\SslInternet\TrustedCaStore\6F6359FC.0

Delphi\SslInternet\OverbyteIcsSslD2006Sam.bdsgroup
Delphi\SslInternet\OverbyteIcsSslD2007Sam.groupproj
Delphi\SslInternet\OverbyteIcsSslD2009Sam.groupproj
Delphi\SslInternet\OverbyteIcsSslD7Sam.bpg

Delphi\SslInternet\OverbyteIcsHttpsTst.bdsproj
Delphi\SslInternet\OverbyteIcsHttpsTst.dproj
Delphi\SslInternet\OverbyteIcsHttpsTst.dpr
Delphi\SslInternet\OverbyteIcsHttpsTst.dof
Delphi\SslInternet\OverbyteIcsHttpsTst1.dfm
Delphi\SslInternet\OverbyteIcsHttpsTst1.pas
Delphi\SslInternet\OverbyteIcsCliCertDlg.dfm
Delphi\SslInternet\OverbyteIcsCliCertDlg.pas

Delphi\SslInternet\OverbyteIcsHttpsServer.bdsproj
Delphi\SslInternet\OverbyteIcsHttpsServer.dproj
Delphi\SslInternet\OverbyteIcsHttpsServer.dpr
Delphi\SslInternet\OverbyteIcsHttpsServer.dof
Delphi\SslInternet\OverbyteIcsHttpsServer1.dfm
Delphi\SslInternet\OverbyteIcsHttpsServer1.pas

Delphi\SslInternet\OverbyteIcsSslWebServ.bdsproj
Delphi\SslInternet\OverbyteIcsSslWebServ.dproj
Delphi\SslInternet\OverbyteIcsSslWebServ.dpr
Delphi\SslInternet\OverbyteIcsSslWebServ.dof
Delphi\SslInternet\OverbyteIcsSslWebServ1.dfm
Delphi\SslInternet\OverbyteIcsSslWebServ1.pas

Delphi\SslInternet\OverbyteIcsSimpleSslCli.bdsproj
Delphi\SslInternet\OverbyteIcsSimpleSslCli.dproj
Delphi\SslInternet\OverbyteIcsSimpleSslCli.dpr
Delphi\SslInternet\OverbyteIcsSimpleSslCli.dof
Delphi\SslInternet\OverbyteIcsSimpleSslCli1.dfm
Delphi\SslInternet\OverbyteIcsSimpleSslCli1.pas

Delphi\SslInternet\OverbyteIcsSslFtpTst.bdsproj
Delphi\SslInternet\OverbyteIcsSslFtpTst.dproj
Delphi\SslInternet\OverbyteIcsSslFtpTst.dpr
Delphi\SslInternet\OverbyteIcsSslFtpTst.dof
Delphi\SslInternet\OverbyteIcsSslFtpTst1.dfm
Delphi\SslInternet\OverbyteIcsSslFtpTst1.pas
Delphi\SslInternet\OverbyteIcsSslFtpTst2.dfm
Delphi\SslInternet\OverbyteIcsSslFtpTst2.pas

Delphi\SslInternet\OverbyteIcsSslFtpServ.bdsproj
Delphi\SslInternet\OverbyteIcsSslFtpServ.dproj
Delphi\SslInternet\OverbyteIcsSslFtpServ.dpr
Delphi\SslInternet\OverbyteIcsSslFtpServ.dof
Delphi\SslInternet\OverbyteIcsSslFtpServ1.dfm
Delphi\SslInternet\OverbyteIcsSslFtpServ1.pas
Delphi\SslInternet\OverbyteIcsSslFtpServ.res
Delphi\SslInternet\ftpaccounts-default.ini
Delphi\SslInternet\ftpaccounts-[127.0.0.1].ini

Delphi\SslInternet\OverbyteIcsSslMailSnd.bdsproj
Delphi\SslInternet\OverbyteIcsSslMailSnd.dproj
Delphi\SslInternet\OverbyteIcsSslMailSnd.dpr
Delphi\SslInternet\OverbyteIcsSslMailSnd.dof
Delphi\SslInternet\OverbyteIcsSslMailSnd1.dfm
Delphi\SslInternet\OverbyteIcsSslMailSnd1.pas

Delphi\SslInternet\OverbyteIcsSslMailRcv.dpr
Delphi\SslInternet\OverbyteIcsSslMailRcv.res
Delphi\SslInternet\OverbyteIcsSslMailRcv1.dfm
Delphi\SslInternet\OverbyteIcsSslMailRcv1.pas
Delphi\SslInternet\OverbyteIcsSslMailRcv2.dfm
Delphi\SslInternet\OverbyteIcsSslMailRcv2.pas

Delphi\SslInternet\OverbyteIcsSslNewsRdr.bdsproj
Delphi\SslInternet\OverbyteIcsSslNewsRdr.dproj
Delphi\SslInternet\OverbyteIcsSslNewsRdr.dpr
Delphi\SslInternet\OverbyteIcsSslNewsRdr.dof
Delphi\SslInternet\OverbyteIcsSslNewsRdr1.dfm
Delphi\SslInternet\OverbyteIcsSslNewsRdr1.pas

Delphi\SslInternet\OverbyteIcsSimpleSslServer.bdsproj
Delphi\SslInternet\OverbyteIcsSimpleSslServer.dproj
Delphi\SslInternet\OverbyteIcsSimpleSslServer.dpr
Delphi\SslInternet\OverbyteIcsSimpleSslServer.dof
Delphi\SslInternet\OverbyteIcsSimpleSslServer1.dfm
Delphi\SslInternet\OverbyteIcsSimpleSslServer1.pas

Delphi\SslInternet\OverbyteIcsPemTool.dproj
Delphi\SslInternet\OverbyteIcsPemTool.dpr
Delphi\SslInternet\OverbyteIcsPemTool.dof
Delphi\SslInternet\OverbyteIcsPemTool1.dfm
Delphi\SslInternet\OverbyteIcsPemTool1.pas
Delphi\SslInternet\OverbyteIcsPemTool2.pas
Delphi\SslInternet\OverbyteIcsPemTool2.dfm
Delphi\SslInternet\OverbyteIcsPemTool3.pas
Delphi\SslInternet\OverbyteIcsPemTool3.dfm
Delphi\SslInternet\Wcrypt2.pas
Delphi\SslInternet\OverbyteIcsSslX509Utils.pas

Delphi\MiscDemos\OverbyteIcsD7MiscDemos.bpg
Delphi\MiscDemos\OverbyteIcsD2006MiscDemos.bdsgroup
Delphi\MiscDemos\OverbyteIcsD2007MiscDemos.groupproj
Delphi\MiscDemos\OverbyteIcsD2009MiscDemos.groupproj

Delphi\MiscDemos\OverbyteIcsCacheTest.bdsproj
Delphi\MiscDemos\OverbyteIcsCacheTest.dpr
Delphi\MiscDemos\OverbyteIcsCacheTest.dproj
Delphi\MiscDemos\OverbyteIcsCacheTest.dof
Delphi\MiscDemos\OverbyteIcsCacheTest1.pas
Delphi\MiscDemos\OverbyteIcsCacheTest1.dfm
Delphi\MiscDemos\OverbyteIcsCacheTest.res
Delphi\MiscDemos\Dictionary.txt

Delphi\MiscDemos\OverbyteIcsMD4Test.bdsproj
Delphi\MiscDemos\OverbyteIcsMD4Test.dpr
Delphi\MiscDemos\OverbyteIcsMD4Test.dproj

Delphi\MiscDemos\OverbyteIcsMD5Test.bdsproj
Delphi\MiscDemos\OverbyteIcsMD5Test.dpr
Delphi\MiscDemos\OverbyteIcsMD5Test.dproj
Delphi\MiscDemos\OverbyteIcsMD5Test.res
Delphi\MiscDemos\OverbyteIcsMD5Test1.dfm
Delphi\MiscDemos\OverbyteIcsMD5Test1.pas

Delphi\MiscDemos\OverbyteIcsSHA1Test.bdsproj
Delphi\MiscDemos\OverbyteIcsSHA1Test.dpr
Delphi\MiscDemos\OverbyteIcsSHA1Test.res
Delphi\MiscDemos\OverbyteIcsSHA1Test.dproj
Delphi\MiscDemos\OverbyteIcsSHA1Test1.dfm
Delphi\MiscDemos\OverbyteIcsSHA1Test1.pas

Delphi\MiscDemos\OverbyteIcsOneTimePassword.bdsproj
Delphi\MiscDemos\OverbyteIcsOneTimePassword.dpr
Delphi\MiscDemos\OverbyteIcsOneTimePassword.res
Delphi\MiscDemos\OverbyteIcsOneTimePassword.dproj
Delphi\MiscDemos\OverbyteIcsOneTimePassword1.pas
Delphi\MiscDemos\OverbyteIcsOneTimePassword1.dfm

Delphi\MiscDemos\OverbyteIcsTimerDemo.bdsproj
Delphi\MiscDemos\OverbyteIcsTimerDemo.dpr
Delphi\MiscDemos\OverbyteIcsTimerDemo.res
Delphi\MiscDemos\OverbyteIcsTimerDemo.dproj
Delphi\MiscDemos\OverbyteIcsTimerDemo1.dfm
Delphi\MiscDemos\OverbyteIcsTimerDemo1.pas

Delphi\MiscDemos\OverbyteIcsWndControlTest.bdsproj
Delphi\MiscDemos\OverbyteIcsWndControlTest.dpr
Delphi\MiscDemos\OverbyteIcsWndControlTest.dproj
Delphi\MiscDemos\OverbyteIcsWndControlTest.res
Delphi\MiscDemos\OverbyteIcsWndControlTest1.dfm
Delphi\MiscDemos\OverbyteIcsWndControlTest1.pas

Delphi\MiscDemos\OverbyteIcsRtlTest.dpr

Delphi\MiscDemos\OverbyteIcsBufStrmTst.bdsproj
Delphi\MiscDemos\OverbyteIcsBufStrmTst.dpr
Delphi\MiscDemos\OverbyteIcsBufStrmTst.dproj
Delphi\MiscDemos\OverbyteIcsBufStrmTst.res
Delphi\MiscDemos\OverbyteIcsBufStrmTst1.dfm
Delphi\MiscDemos\OverbyteIcsBufStrmTst1.pas