ZipDDService.bat
ZipDDService.lst
readme.txt
license.txt
CopyAndPatchSvcMgr.bat

Diffs\patch.exe
Diffs\patch.exe.manifest
Diffs\CreateSetEnvBat.exe

Diffs\DDSvcMgrD5.diff
Diffs\DDSvcMgrD7.diff
Diffs\DDSvcMgrD10.diff
Diffs\DDSvcMgrD11.diff
Diffs\DDSvcMgrD12.diff
Diffs\DDSvcMgrD14.diff
Diffs\DDSvcMgrD15.diff
Diffs\DDSvcMgrD16.diff
Diffs\DDSvcMgrD17.diff
Diffs\DDSvcMgrD18.diff
Diffs\DDSvcMgrD19.diff
Diffs\DDSvcMgrD20.diff

Source\DDCompilers.inc
Source\DDDbt.pas
Source\DDSvcConsts.pas
Source\DDWinSvc.pas
Source\DDWindows.pas
Source\DDWtsApi.pas
Source\DDSvcUtils.pas
Source\DDSvcWizards.pas
Source\DDSvcWizards.res
Source\DDSvcEventlog.res
Source\CreateSetEnvBat.dpr
Source\DDSvcPatches.pas

Packages\Delphi 5\DDServiceRun5.dpk
Packages\Delphi 5\DDServiceRun5.dof
Packages\Delphi 5\DDServiceDesign5.dpk
Packages\Delphi 5\DDServiceDesign5.dof
Lib\D5\dir.txt

Packages\Delphi 7\InstallDDServiceDelphi7.bpg
Packages\Delphi 7\DDServiceRun.dpk
Packages\Delphi 7\DDServiceRun.dof
Packages\Delphi 7\DDServiceDesign.dpk
Packages\Delphi 7\DDServiceDesign.dof
Lib\D7\dir.txt

Packages\Delphi 2006\InstallDDServiceDelphi2006.bdsgroup
Packages\Delphi 2006\DDServiceRun.dpk
Packages\Delphi 2006\DDServiceRun.bdsproj
Packages\Delphi 2006\DDServiceDesign.dpk
Packages\Delphi 2006\DDServiceDesign.bdsproj

Packages\C++ Builder 2006\InstallDDServiceBcb2006.bdsgroup
Packages\C++ Builder 2006\DDServiceRun.cpp
Packages\C++ Builder 2006\DDServiceRun.bdsproj
Packages\C++ Builder 2006\DDServiceDesign.cpp
Packages\C++ Builder 2006\DDServiceDesign.bdsproj
Lib\2006\dir.txt

Packages\Delphi 2007\InstallDDServiceDelphi2007.groupproj
Packages\Delphi 2007\DDServiceRun.dpk
Packages\Delphi 2007\DDServiceRun.dproj
Packages\Delphi 2007\DDServiceDesign.dpk
Packages\Delphi 2007\DDServiceDesign.dproj

Packages\C++ Builder 2007\InstallDDServiceBcb2007.groupproj
Packages\C++ Builder 2007\DDServiceRun.cpp
Packages\C++ Builder 2007\DDServiceRun.cbproj
Packages\C++ Builder 2007\DDServiceDesign.cpp
Packages\C++ Builder 2007\DDServiceDesign.cbproj
Lib\2007\dir.txt

Packages\Delphi 2009\InstallDDServiceDelphi2009.groupproj
Packages\Delphi 2009\DDServiceRun.dpk
Packages\Delphi 2009\DDServiceRun.dproj
Packages\Delphi 2009\DDServiceDesign.dpk
Packages\Delphi 2009\DDServiceDesign.dproj

Packages\C++ Builder 2009\InstallDDServiceBcb2009.groupproj
Packages\C++ Builder 2009\DDServiceRun.cpp
Packages\C++ Builder 2009\DDServiceRun.cbproj
Packages\C++ Builder 2009\DDServiceDesign.cpp
Packages\C++ Builder 2009\DDServiceDesign.cbproj
Lib\2009\dir.txt

Packages\Delphi 2010\InstallDDServiceDelphi2010.groupproj
Packages\Delphi 2010\DDServiceRun.dpk
Packages\Delphi 2010\DDServiceRun.dproj
Packages\Delphi 2010\DDServiceDesign.dpk
Packages\Delphi 2010\DDServiceDesign.dproj

Packages\C++ Builder 2010\InstallDDServiceBcb2010.groupproj
Packages\C++ Builder 2010\DDServiceRun.cpp
Packages\C++ Builder 2010\DDServiceRun.cbproj
Packages\C++ Builder 2010\DDServiceDesign.cpp
Packages\C++ Builder 2010\DDServiceDesign.cbproj
Lib\2010\dir.txt

Packages\Delphi XE\InstallDDServiceDelphiXE.groupproj
Packages\Delphi XE\DDServiceRun.dpk
Packages\Delphi XE\DDServiceRun.dproj
Packages\Delphi XE\DDServiceDesign.dpk
Packages\Delphi XE\DDServiceDesign.dproj

Packages\C++ Builder XE\InstallDDServiceBcbXE.groupproj
Packages\C++ Builder XE\DDServiceRun.cpp
Packages\C++ Builder XE\DDServiceRun.cbproj
Packages\C++ Builder XE\DDServiceDesign.cpp
Packages\C++ Builder XE\DDServiceDesign.cbproj
Lib\XE\dir.txt

Packages\Delphi XE2\InstallDDServiceDelphiXE2.groupproj
Packages\Delphi XE2\DDServiceRun.dpk
Packages\Delphi XE2\DDServiceRun.dproj
Packages\Delphi XE2\DDServiceDesign.dpk
Packages\Delphi XE2\DDServiceDesign.dproj

Packages\C++ Builder XE2\InstallDDServiceBcbXE2.groupproj
Packages\C++ Builder XE2\DDServiceRun.cpp
Packages\C++ Builder XE2\DDServiceRun.cbproj
Packages\C++ Builder XE2\DDServiceDesign.cpp
Packages\C++ Builder XE2\DDServiceDesign.cbproj
Lib\XE2\dir.txt
Lib\XE2\Win64\dir.txt

Packages\Delphi XE3\InstallDDServiceDelphiXE3.groupproj
Packages\Delphi XE3\DDServiceRun.dpk
Packages\Delphi XE3\DDServiceRun.dproj
Packages\Delphi XE3\DDServiceDesign.dpk
Packages\Delphi XE3\DDServiceDesign.dproj

Packages\C++ Builder XE3\InstallDDServiceBcbXE3.groupproj
Packages\C++ Builder XE3\DDServiceRun.cpp
Packages\C++ Builder XE3\DDServiceRun.cbproj
Packages\C++ Builder XE3\DDServiceDesign.cpp
Packages\C++ Builder XE3\DDServiceDesign.cbproj
Lib\XE3\dir.txt
Lib\XE3\Win64\dir.txt

Packages\Delphi XE4\InstallDDServiceDelphiXE4.groupproj
Packages\Delphi XE4\DDServiceRun.dpk
Packages\Delphi XE4\DDServiceRun.dproj
Packages\Delphi XE4\DDServiceDesign.dpk
Packages\Delphi XE4\DDServiceDesign.dproj


Packages\C++ Builder XE4\InstallDDServiceBcbXE4.groupproj
Packages\C++ Builder XE4\DDServiceRun.cpp
Packages\C++ Builder XE4\DDServiceRun.cbproj
Packages\C++ Builder XE4\DDServiceDesign.cpp
Packages\C++ Builder XE4\DDServiceDesign.cbproj
Lib\XE4\dir.txt
Lib\XE4\Win64\dir.txt

Packages\Delphi XE5\InstallDDServiceDelphiXE5.groupproj
Packages\Delphi XE5\DDServiceRun.dpk
Packages\Delphi XE5\DDServiceRun.dproj
Packages\Delphi XE5\DDServiceDesign.dpk
Packages\Delphi XE5\DDServiceDesign.dproj


Packages\C++ Builder XE5\InstallDDServiceBcbXE5.groupproj
Packages\C++ Builder XE5\DDServiceRun.cpp
Packages\C++ Builder XE5\DDServiceRun.cbproj
Packages\C++ Builder XE5\DDServiceDesign.cpp
Packages\C++ Builder XE5\DDServiceDesign.cbproj
Lib\XE5\dir.txt
Lib\XE5\Win64\dir.txt

Packages\Delphi XE6\InstallDDServiceDelphiXE6.groupproj
Packages\Delphi XE6\DDServiceRun.dpk
Packages\Delphi XE6\DDServiceRun.dproj
Packages\Delphi XE6\DDServiceDesign.dpk
Packages\Delphi XE6\DDServiceDesign.dproj


Packages\C++ Builder XE6\InstallDDServiceBcbXE6.groupproj
Packages\C++ Builder XE6\DDServiceRun.cpp
Packages\C++ Builder XE6\DDServiceRun.cbproj
Packages\C++ Builder XE6\DDServiceDesign.cpp
Packages\C++ Builder XE6\DDServiceDesign.cbproj
Lib\XE6\dir.txt
Lib\XE6\Win64\dir.txt

Demos\Basic\DDTestService.dpr
Demos\Basic\uMain.dfm
Demos\Basic\uMain.pas
Demos\Basic\SvcVistaAdminManifest.rc
Demos\Basic\SvcVistaAdmin.manifest

Demos\StartProcInUserSession\StartProcSvc.dpr
Demos\StartProcInUserSession\StartProcMain.pas
Demos\StartProcInUserSession\StartProcMain.dfm
Demos\StartProcInUserSession\readme.txt
Demos\StartProcInUserSession\SvcVistaAdminManifest.rc
Demos\StartProcInUserSession\SvcVistaAdmin.manifest

Demos\C++ Builder\DDTestService2006.bdsproj
Demos\C++ Builder\DDTestService2006.cpp
Demos\C++ Builder\DDTestService2007.cbproj
Demos\C++ Builder\DDTestService2007.cpp
Demos\C++ Builder\DDTestServiceXE.cbproj
Demos\C++ Builder\DDTestServiceXE.cpp
Demos\C++ Builder\DDTestServiceXE2.cbproj
Demos\C++ Builder\DDTestServiceXE2.cpp
Demos\C++ Builder\SvcVistaAdminManifest.res
Demos\C++ Builder\uMain.cpp
Demos\C++ Builder\uMain.dfm
Demos\C++ Builder\uMain.h

