
 Start         Length     Name                   Class
 0001:00401000 00084E0CH .text                   CODE
 0002:00486000 00000724H .itext                  ICODE
 0003:00487000 000022B8H .data                   DATA
 0004:0048A000 00007018H .bss                    BSS
 0005:00000000 00000000H .tls                    TLS


Detailed map of segments

 0001:00000000 00005B81 C=CODE     S=.text    G=(none)   M=System   ACBP=A9
 0001:00005B84 000001A2 C=CODE     S=.text    G=(none)   M=SysInit  ACBP=A9
 0001:00005D28 000002C4 C=CODE     S=.text    G=(none)   M=Windows  ACBP=A9
 0001:00005FEC 000043C1 C=CODE     S=.text    G=(none)   M=FastMM4  ACBP=A9
 0001:0000A3B0 00000318 C=CODE     S=.text    G=(none)   M=SysConst ACBP=A9
 0001:0000A6C8 00007781 C=CODE     S=.text    G=(none)   M=SysUtils ACBP=A9
 0001:00011E4C 000000B0 C=CODE     S=.text    G=(none)   M=StrUtils ACBP=A9
 0001:00011EFC 0000089A C=CODE     S=.text    G=(none)   M=VarUtils ACBP=A9
 0001:00012798 00007538 C=CODE     S=.text    G=(none)   M=Variants ACBP=A9
 0001:00019CD0 00000052 C=CODE     S=.text    G=(none)   M=ActiveX  ACBP=A9
 0001:00019D24 00000098 C=CODE     S=.text    G=(none)   M=RTLConsts ACBP=A9
 0001:00019DBC 00001E13 C=CODE     S=.text    G=(none)   M=TypInfo  ACBP=A9
 0001:0001BBD0 0000425D C=CODE     S=.text    G=(none)   M=Classes  ACBP=A9
 0001:0001FE30 00000020 C=CODE     S=.text    G=(none)   M=DBConsts ACBP=A9
 0001:0001FE50 00000370 C=CODE     S=.text    G=(none)   M=DateUtils ACBP=A9
 0001:000201C0 000011F6 C=CODE     S=.text    G=(none)   M=SqlTimSt ACBP=A9
 0001:000213B8 0000008A C=CODE     S=.text    G=(none)   M=WideStrUtils ACBP=A9
 0001:00021444 00000066 C=CODE     S=.text    G=(none)   M=WideStrings ACBP=A9
 0001:000214AC 00004C56 C=CODE     S=.text    G=(none)   M=FMTBcd   ACBP=A9
 0001:00026104 00000020 C=CODE     S=.text    G=(none)   M=ComConst ACBP=A9
 0001:00026124 00000F83 C=CODE     S=.text    G=(none)   M=ComObj   ACBP=A9
 0001:000270A8 000004F5 C=CODE     S=.text    G=(none)   M=DB       ACBP=A9
 0001:000275A0 0000004E C=CODE     S=.text    G=(none)   M=DSIntf   ACBP=A9
 0001:000275F0 000008FB C=CODE     S=.text    G=(none)   M=DbxOpenOdbcInterface ACBP=A9
 0001:00027EEC 000001A2 C=CODE     S=.text    G=(none)   M=SyncObjs ACBP=A9
 0001:00028090 0000005D C=CODE     S=.text    G=(none)   M=IniFiles ACBP=A9
 0001:000280F0 0000069D C=CODE     S=.text    G=(none)   M=Registry ACBP=A9
 0001:00028790 0000A7C8 C=CODE     S=.text    G=(none)   M=OdbcApi  ACBP=A9
 0001:00032F58 000001AE C=CODE     S=.text    G=(none)   M=DBXpress ACBP=A9
 0001:00033108 0000487A C=CODE     S=.text    G=(none)   M=RegExpr  ACBP=A9
 0001:00037984 000003B5 C=CODE     S=.text    G=(none)   M=DbxOpenOdbcFuncs ACBP=A9
 0001:00037D3C 0000178E C=CODE     S=.text    G=(none)   M=DbxObjectParser ACBP=A9
 0001:000394CC 000020D8 C=CODE     S=.text    G=(none)   M=DbxOpenOdbcTrace ACBP=A9
 0001:0003B5A4 000000E8 C=CODE     S=.text    G=(none)   M=SqlConst ACBP=A9
 0001:0003B68C 00002518 C=CODE     S=.text    G=(none)   M=SqlExpr  ACBP=A9
 0001:0003DBA4 00000300 C=CODE     S=.text    G=(none)   M=DbxOpenOdbcCallback ACBP=A9
 0001:0003DEA4 000000EA C=CODE     S=.text    G=(none)   M=DbxOpenOdbcASA ACBP=A9
 0001:0003DF90 000080D6 C=CODE     S=.text    G=(none)   M=DbxOpenOdbc3 ACBP=A9
 0001:00046068 0003EBE2 C=CODE     S=.text    G=(none)   M=DbxOpenOdbc ACBP=A9
 0001:00084C4C 000001C0 C=CODE     S=.text    G=(none)   M=dbxoodbc ACBP=A9
 0002:00000000 00000095 C=ICODE    S=.itext   G=(none)   M=System   ACBP=A9
 0002:00000098 00000015 C=ICODE    S=.itext   G=(none)   M=Windows  ACBP=A9
 0002:000000B0 00000026 C=ICODE    S=.itext   G=(none)   M=FastMM4  ACBP=A9
 0002:000000D8 00000088 C=ICODE    S=.itext   G=(none)   M=SysUtils ACBP=A9
 0002:00000160 00000013 C=ICODE    S=.itext   G=(none)   M=VarUtils ACBP=A9
 0002:00000174 000000AA C=ICODE    S=.itext   G=(none)   M=Variants ACBP=A9
 0002:00000220 00000008 C=ICODE    S=.itext   G=(none)   M=TypInfo  ACBP=A9
 0002:00000228 00000092 C=ICODE    S=.itext   G=(none)   M=Classes  ACBP=A9
 0002:000002BC 0000001F C=ICODE    S=.itext   G=(none)   M=SqlTimSt ACBP=A9
 0002:000002DC 00000013 C=ICODE    S=.itext   G=(none)   M=WideStrings ACBP=A9
 0002:000002F0 0000001F C=ICODE    S=.itext   G=(none)   M=FMTBcd   ACBP=A9
 0002:00000310 00000059 C=ICODE    S=.itext   G=(none)   M=ComObj   ACBP=A9
 0002:0000036C 0000008C C=ICODE    S=.itext   G=(none)   M=DB       ACBP=A9
 0002:000003F8 00000018 C=ICODE    S=.itext   G=(none)   M=DSIntf   ACBP=A9
 0002:00000410 00000008 C=ICODE    S=.itext   G=(none)   M=DbxOpenOdbcInterface ACBP=A9
 0002:00000418 00000008 C=ICODE    S=.itext   G=(none)   M=IniFiles ACBP=A9
 0002:00000420 00000008 C=ICODE    S=.itext   G=(none)   M=Registry ACBP=A9
 0002:00000428 00000020 C=ICODE    S=.itext   G=(none)   M=OdbcApi  ACBP=A9
 0002:00000448 00000008 C=ICODE    S=.itext   G=(none)   M=RegExpr  ACBP=A9
 0002:00000450 00000008 C=ICODE    S=.itext   G=(none)   M=DbxObjectParser ACBP=A9
 0002:00000458 00000084 C=ICODE    S=.itext   G=(none)   M=DbxOpenOdbcTrace ACBP=A9
 0002:000004DC 00000014 C=ICODE    S=.itext   G=(none)   M=SqlExpr  ACBP=A9
 0002:000004F0 00000020 C=ICODE    S=.itext   G=(none)   M=DbxOpenOdbcASA ACBP=A9
 0002:00000510 00000043 C=ICODE    S=.itext   G=(none)   M=DbxOpenOdbc3 ACBP=A9
 0002:00000554 000001B8 C=ICODE    S=.itext   G=(none)   M=DbxOpenOdbc ACBP=A9
 0002:0000070C 00000015 C=ICODE    S=.itext   G=(none)   M=dbxoodbc ACBP=A9
 0003:00000000 00000788 C=DATA     S=.data    G=DGROUP   M=System   ACBP=A9
 0003:00000788 00000030 C=DATA     S=.data    G=DGROUP   M=SysInit  ACBP=A9
 0003:000007B8 00000728 C=DATA     S=.data    G=DGROUP   M=FastMM4  ACBP=A9
 0003:00000EE0 0000024C C=DATA     S=.data    G=DGROUP   M=SysUtils ACBP=A9
 0003:0000112C 00000110 C=DATA     S=.data    G=DGROUP   M=VarUtils ACBP=A9
 0003:0000123C 00000092 C=DATA     S=.data    G=DGROUP   M=Variants ACBP=A9
 0003:000012D0 00000010 C=DATA     S=.data    G=DGROUP   M=ActiveX  ACBP=A9
 0003:000012E0 0000000C C=DATA     S=.data    G=DGROUP   M=TypInfo  ACBP=A9
 0003:000012EC 00000004 C=DATA     S=.data    G=DGROUP   M=Classes  ACBP=A9
 0003:000012F0 0000003C C=DATA     S=.data    G=DGROUP   M=SqlTimSt ACBP=A9
 0003:0000132C 00000120 C=DATA     S=.data    G=DGROUP   M=FMTBcd   ACBP=A9
 0003:0000144C 00000030 C=DATA     S=.data    G=DGROUP   M=ComObj   ACBP=A9
 0003:0000147C 000000A8 C=DATA     S=.data    G=DGROUP   M=DB       ACBP=A9
 0003:00001524 00000004 C=DATA     S=.data    G=DGROUP   M=DSIntf   ACBP=A9
 0003:00001528 00000158 C=DATA     S=.data    G=DGROUP   M=DbxOpenOdbcInterface ACBP=A9
 0003:00001680 00000008 C=DATA     S=.data    G=DGROUP   M=IniFiles ACBP=A9
 0003:00001688 00000008 C=DATA     S=.data    G=DGROUP   M=Registry ACBP=A9
 0003:00001690 0000000C C=DATA     S=.data    G=DGROUP   M=OdbcApi  ACBP=A9
 0003:0000169C 0000003D C=DATA     S=.data    G=DGROUP   M=RegExpr  ACBP=A9
 0003:000016DC 00000010 C=DATA     S=.data    G=DGROUP   M=DbxOpenOdbcFuncs ACBP=A9
 0003:000016EC 0000022C C=DATA     S=.data    G=DGROUP   M=DbxObjectParser ACBP=A9
 0003:00001918 00000274 C=DATA     S=.data    G=DGROUP   M=DbxOpenOdbcTrace ACBP=A9
 0003:00001B8C 00000080 C=DATA     S=.data    G=DGROUP   M=SqlExpr  ACBP=A9
 0003:00001C0C 00000008 C=DATA     S=.data    G=DGROUP   M=DbxOpenOdbcASA ACBP=A9
 0003:00001C14 00000004 C=DATA     S=.data    G=DGROUP   M=DbxOpenOdbc3 ACBP=A9
 0003:00001C18 00000334 C=DATA     S=.data    G=DGROUP   M=DbxOpenOdbc ACBP=A9
 0004:00000000 000027F4 C=BSS      S=.bss     G=DGROUP   M=System   ACBP=A9
 0004:000027F4 00000010 C=BSS      S=.bss     G=DGROUP   M=SysInit  ACBP=A9
 0004:00002804 00000008 C=BSS      S=.bss     G=DGROUP   M=Windows  ACBP=A9
 0004:0000280C 00003C64 C=BSS      S=.bss     G=DGROUP   M=FastMM4  ACBP=A9
 0004:00006470 00000A20 C=BSS      S=.bss     G=DGROUP   M=SysUtils ACBP=A9
 0004:00006E90 0000005C C=BSS      S=.bss     G=DGROUP   M=VarUtils ACBP=A9
 0004:00006EEC 00000040 C=BSS      S=.bss     G=DGROUP   M=Variants ACBP=A9
 0004:00006F2C 00000004 C=BSS      S=.bss     G=DGROUP   M=TypInfo  ACBP=A9
 0004:00006F30 00000034 C=BSS      S=.bss     G=DGROUP   M=Classes  ACBP=A9
 0004:00006F64 00000004 C=BSS      S=.bss     G=DGROUP   M=SqlTimSt ACBP=A9
 0004:00006F68 00000008 C=BSS      S=.bss     G=DGROUP   M=WideStrings ACBP=A9
 0004:00006F70 00000004 C=BSS      S=.bss     G=DGROUP   M=FMTBcd   ACBP=A9
 0004:00006F74 00000011 C=BSS      S=.bss     G=DGROUP   M=ComObj   ACBP=A9
 0004:00006F88 0000000C C=BSS      S=.bss     G=DGROUP   M=DB       ACBP=A9
 0004:00006F94 0000001C C=BSS      S=.bss     G=DGROUP   M=DSIntf   ACBP=A9
 0004:00006FB0 00000014 C=BSS      S=.bss     G=DGROUP   M=DbxOpenOdbcInterface ACBP=A9
 0004:00006FC4 00000004 C=BSS      S=.bss     G=DGROUP   M=IniFiles ACBP=A9
 0004:00006FC8 00000004 C=BSS      S=.bss     G=DGROUP   M=Registry ACBP=A9
 0004:00006FCC 00000008 C=BSS      S=.bss     G=DGROUP   M=OdbcApi  ACBP=A9
 0004:00006FD4 00000004 C=BSS      S=.bss     G=DGROUP   M=RegExpr  ACBP=A9
 0004:00006FD8 00000004 C=BSS      S=.bss     G=DGROUP   M=DbxObjectParser ACBP=A9
 0004:00006FDC 00000004 C=BSS      S=.bss     G=DGROUP   M=DbxOpenOdbcTrace ACBP=A9
 0004:00006FE0 00000004 C=BSS      S=.bss     G=DGROUP   M=SqlExpr  ACBP=A9
 0004:00006FE4 00000008 C=BSS      S=.bss     G=DGROUP   M=DbxOpenOdbcASA ACBP=A9
 0004:00006FEC 00000028 C=BSS      S=.bss     G=DGROUP   M=DbxOpenOdbc3 ACBP=A9
 0004:00007014 00000004 C=BSS      S=.bss     G=DGROUP   M=DbxOpenOdbc ACBP=A9
 0005:00000000 00000008 C=TLS      S=.tls     G=(none)   M=System   ACBP=A9
 0005:00000008 00000004 C=TLS      S=.tls     G=(none)   M=Classes  ACBP=A9
 0005:0000000C 00000004 C=TLS      S=.tls     G=(none)   M=DbxOpenOdbcTrace ACBP=A9
 0005:00000010 00000008 C=TLS      S=.tls     G=(none)   M=SqlExpr  ACBP=A9


  Address             Publics by Name

 0001:00019D04       ActiveX.CoInitialize
 0001:00019D0C       ActiveX.CoUninitialize
 0001:00019D1C       ActiveX.GetErrorInfo
 0003:000012D0       ActiveX.GUID_NULL
 0001:00019D14       ActiveX.SysFreeString
 0004:00006F38       Classes..95
 0001:0001BC8C       Classes..EFCreateError
 0001:0001BD40       Classes..EFilerError
 0001:0001BC2C       Classes..EFileStreamError
 0001:0001BCE8       Classes..EFOpenError
 0001:0001BE48       Classes..EListError
 0001:0001BD98       Classes..EReadError
 0001:0001BBD0       Classes..EStreamError
 0001:0001BEA0       Classes..EStringListError
 0001:0001BDF0       Classes..EWriteError
 0001:0001C3C8       Classes..TFileStream
 0001:0001C350       Classes..THandleStream
 0001:0001BF00       Classes..TList
 0001:0001BFBC       Classes..TPersistent
 0001:0001C450       Classes..TRegGroup
 0001:0001C4A8       Classes..TRegGroups
 0001:0001C2E0       Classes..TStream
 0001:0001C1C8       Classes..TStringList
 0001:0001C090       Classes..TStrings
 0001:0001BF64       Classes..TThreadList
 0002:00000228       Classes.Classes
 0001:0001FCD4       Classes.DoneThreadSynchronization
 0001:0001D328       Classes.DoWrite
 0001:0001FD80       Classes.Finalization
 0004:00006F44       Classes.FindGlobalComponentProcs
 0001:0001FCF0       Classes.FreeIntConstList
 0004:00006F48       Classes.GlobalFixupList
 0005:00000008       Classes.GlobalLists
 0004:00006F30       Classes.GlobalNameSpace
 0001:0001FC9C       Classes.InitThreadSynchronization
 0004:00006F3C       Classes.IntConstList
 0001:0001FD6C       Classes.ModuleUnload
 0001:0001C5B8       Classes.PointerInModule
 0001:0001F3B8       Classes.PropValueError
 0001:0001ED58       Classes.RaiseException
 0001:0001F398       Classes.ReadError
 0004:00006F40       Classes.RegGroups
 0001:0001F248       Classes.RemoveFixupReferences
 0001:0001F304       Classes.RemoveFixups
 0001:0001CA10       Classes.ReturnAddr
 0001:0001D4AC       Classes.ReturnAddr
 0001:0001F7A8       Classes.SkipBinary
 0001:0001F7DC       Classes.SkipCollection
 0001:0001F77C       Classes.SkipList
 0001:0001EAF0       Classes.StringListCompareStrings
 0004:00006F34       Classes.SyncEvent
 0003:000012EC       Classes.SyncList
 0001:0001F02C       Classes.TFileStream.Create
 0001:0001F07C       Classes.TFileStream.Create
 0001:0001F200       Classes.TFileStream.Destroy
 0001:0001EEE8       Classes.THandleStream.Create
 0001:0001EF38       Classes.THandleStream.Read
 0001:0001EFA8       Classes.THandleStream.Seek
 0001:0001EFDC       Classes.THandleStream.SetSize
 0001:0001EFFC       Classes.THandleStream.SetSize
 0001:0001EF70       Classes.THandleStream.Write
 0004:00006F4C       Classes.ThreadLock
 0001:0001C904       Classes.TList.Add
 0001:0001C95C       Classes.TList.Clear
 0001:0001C97C       Classes.TList.Delete
 0001:0001C8D8       Classes.TList.Destroy
 0001:0001CA58       Classes.TList.Error
 0001:0001CA18       Classes.TList.Error
 0001:0001CAB8       Classes.TList.Get
 0001:0001CB00       Classes.TList.Grow
 0001:0001CB58       Classes.TList.IndexOf
 0001:0001CD6C       Classes.TList.Notify
 0001:0001CBA4       Classes.TList.Put
 0001:0001CC34       Classes.TList.Remove
 0001:0001CC68       Classes.TList.SetCapacity
 0001:0001CCC4       Classes.TList.SetCount
 0001:0001CEE0       Classes.TPersistent.Assign
 0001:0001CF0C       Classes.TPersistent.AssignError
 0001:0001CFE4       Classes.TPersistent.AssignTo
 0001:0001D000       Classes.TPersistent.DefineProperties
 0001:0001CEA4       Classes.TPersistent.Destroy
 0001:0001D010       Classes.TPersistent.GetNamePath
 0001:0001D0C8       Classes.TPersistent.GetOwner
 0001:0001F3C8       Classes.TReader.CheckValue
 0001:0001F3F8       Classes.TReader.EndOfList
 0001:0001F41C       Classes.TReader.NextValue
 0001:0001F440       Classes.TReader.Read
 0001:0001F48C       Classes.TReader.ReadBuffer
 0001:0001F4E0       Classes.TReader.ReadListBegin
 0001:0001F4F4       Classes.TReader.ReadListEnd
 0001:0001F508       Classes.TReader.ReadStr
 0001:0001F550       Classes.TReader.ReadString
 0001:0001F70C       Classes.TReader.ReadValue
 0001:0001F614       Classes.TReader.ReadWideString
 0001:0001FA50       Classes.TReader.SkipBytes
 0001:0001FA00       Classes.TReader.SkipProperty
 0001:0001F72C       Classes.TReader.SkipSetBody
 0001:0001F850       Classes.TReader.SkipValue
 0001:0001C500       Classes.TRegGroup.Create
 0001:0001C564       Classes.TRegGroup.Destroy
 0001:0001C5E8       Classes.TRegGroup.UnregisterModuleClasses
 0001:0001C6D8       Classes.TRegGroups.Create
 0001:0001C764       Classes.TRegGroups.Destroy
 0001:0001C7EC       Classes.TRegGroups.Lock
 0001:0001C804       Classes.TRegGroups.Unlock
 0001:0001C81C       Classes.TRegGroups.UnregisterModuleClasses
 0001:0001EC7C       Classes.TStream.GetPosition
 0001:0001ECA4       Classes.TStream.GetSize
 0001:0001EDA4       Classes.TStream.Seek
 0001:0001EE30       Classes.TStream.Seek
 0001:0001ECF0       Classes.TStream.SetSize
 0001:0001ED00       Classes.TStream.SetSize
 0001:0001EEA0       Classes.TStream.WriteBuffer
 0001:0001E2E8       Classes.TStringList.Add
 0001:0001E310       Classes.TStringList.AddObject
 0001:0001E388       Classes.TStringList.Changed
 0001:0001E3B4       Classes.TStringList.Changing
 0001:0001E3E0       Classes.TStringList.Clear
 0001:0001EB98       Classes.TStringList.CompareStrings
 0001:0001EB48       Classes.TStringList.CustomSort
 0001:0001E434       Classes.TStringList.Delete
 0001:0001E26C       Classes.TStringList.Destroy
 0001:0001E4D4       Classes.TStringList.Exchange
 0001:0001E550       Classes.TStringList.ExchangeItems
 0001:0001E5BC       Classes.TStringList.Find
 0001:0001E654       Classes.TStringList.Get
 0001:0001E6A0       Classes.TStringList.GetCapacity
 0001:0001E6BC       Classes.TStringList.GetCount
 0001:0001E6D8       Classes.TStringList.GetObject
 0001:0001E720       Classes.TStringList.Grow
 0001:0001E778       Classes.TStringList.IndexOf
 0001:0001E7C4       Classes.TStringList.Insert
 0001:0001E854       Classes.TStringList.InsertItem
 0001:0001E7EC       Classes.TStringList.InsertObject
 0001:0001E8FC       Classes.TStringList.Put
 0001:0001E974       Classes.TStringList.PutObject
 0001:0001E9D0       Classes.TStringList.QuickSort
 0001:0001EA94       Classes.TStringList.SetCapacity
 0001:0001EAC0       Classes.TStringList.SetUpdateState
 0001:0001EB2C       Classes.TStringList.Sort
 0001:0001D11C       Classes.TStrings.Add
 0001:0001D14C       Classes.TStrings.AddObject
 0001:0001D180       Classes.TStrings.AddStrings
 0001:0001D240       Classes.TStrings.Assign
 0001:0001D304       Classes.TStrings.BeginUpdate
 0001:0001E194       Classes.TStrings.CompareStrings
 0001:0001D388       Classes.TStrings.DefineProperties
 0001:0001D0E0       Classes.TStrings.Destroy
 0001:0001D3D4       Classes.TStrings.EndUpdate
 0001:0001D3F8       Classes.TStrings.Equals
 0001:0001D4B4       Classes.TStrings.Error
 0001:0001D4F4       Classes.TStrings.Error
 0001:0001D554       Classes.TStrings.Exchange
 0001:0001D640       Classes.TStrings.GetCapacity
 0001:0001E114       Classes.TStrings.GetLineBreak
 0001:0001E20C       Classes.TStrings.GetNameValueSeparator
 0001:0001D65C       Classes.TStrings.GetObject
 0001:0001D674       Classes.TStrings.GetText
 0001:0001D6D0       Classes.TStrings.GetTextStr
 0001:0001D85C       Classes.TStrings.IndexOf
 0001:0001D8E8       Classes.TStrings.IndexOfName
 0001:0001D9C4       Classes.TStrings.IndexOfObject
 0001:0001DA10       Classes.TStrings.InsertObject
 0001:0001DA44       Classes.TStrings.LoadFromFile
 0001:0001DAA0       Classes.TStrings.LoadFromStream
 0001:0001DB54       Classes.TStrings.Move
 0001:0001DC10       Classes.TStrings.Put
 0001:0001DC50       Classes.TStrings.PutObject
 0001:0001DC64       Classes.TStrings.ReadData
 0001:0001DD14       Classes.TStrings.SaveToFile
 0001:0001DD74       Classes.TStrings.SaveToStream
 0001:0001DDE4       Classes.TStrings.SetCapacity
 0001:0001E154       Classes.TStrings.SetLineBreak
 0001:0001E238       Classes.TStrings.SetNameValueSeparator
 0001:0001DDF4       Classes.TStrings.SetStringsAdapter
 0001:0001DE40       Classes.TStrings.SetText
 0001:0001DE98       Classes.TStrings.SetTextStr
 0001:0001E078       Classes.TStrings.SetUpdateState
 0001:0001E088       Classes.TStrings.WriteData
 0001:0001CD80       Classes.TThreadList.Create
 0001:0001CDE8       Classes.TThreadList.Destroy
 0001:0001CE64       Classes.TThreadList.LockList
 0001:0001CE8C       Classes.TThreadList.UnlockList
 0001:0001FAAC       Classes.TWriter.Write
 0001:0001FAF8       Classes.TWriter.WriteBuffer
 0001:0001FB24       Classes.TWriter.WriteListBegin
 0001:0001FB38       Classes.TWriter.WriteListEnd
 0001:0001FB4C       Classes.TWriter.WriteMinStr
 0001:0001FC20       Classes.TWriter.WriteString
 0001:0001FC7C       Classes.TWriter.WriteValue
 0001:0001C888       Classes.UnRegisterModuleClasses
 0004:00006F74       ComObj..41
 0001:00026124       ComObj..EOleError
 0001:000261D8       ComObj..EOleException
 0001:0002617C       ComObj..EOleSysError
 0001:00026DB8       ComObj.ClearExcepInfo
 0003:00001454       ComObj.CoAddRefServerProcess
 0003:0000144C       ComObj.CoCreateInstanceEx
 0003:00001464       ComObj.CoInitFlags
 0003:00001450       ComObj.CoInitializeEx
 0004:00006F7C       ComObj.ComClassManagerVar
 0002:00000310       ComObj.ComObj
 0003:00001458       ComObj.CoReleaseServerProcess
 0003:0000145C       ComObj.CoResumeClassObjects
 0003:00001460       ComObj.CoSuspendClassObjects
 0001:000266E0       ComObj.DispatchInvoke
 0001:00026D94       ComObj.DispatchInvokeError
 0001:00026DD4       ComObj.DispCall
 0001:00026EB8       ComObj.DispCallByID
 0001:00026C9C       ComObj.DispCallError
 0001:000263D8       ComObj.EOleException.Create
 0001:000262FC       ComObj.EOleSysError.Create
 0001:00027028       ComObj.Finalization
 0001:00026AD0       ComObj.GetIDsOfNames
 0001:00026F94       ComObj.InitComObj
 0001:000264C0       ComObj.LoadComExProcs
 0004:00006F84       ComObj.NeedToUninitialize
 0001:000264A8       ComObj.OleCheck
 0001:00026484       ComObj.OleError
 0004:00006F78       ComObj.OleUninitializing
 0001:00026BD4       ComObj.RaiseException
 0001:00026A9C       ComObj.RaiseNameException
 0001:000265DC       ComObj.SafeCallError
 0004:00006F80       ComObj.SaveInitProc
 0003:00001468       ComObj.ThreadStrs
 0001:00026290       ComObj.TrimPunctuation
 0001:00026BF0       ComObj.VarDispInvoke
 0001:0001FE50       DateUtils.DaysInAMonth
 0001:0001FE9C       DateUtils.EncodeDateTime
 0001:0001FFFC       DateUtils.InvalidDateTimeError
 0001:0001FFA0       DateUtils.Translate
 0001:0001FF10       DateUtils.TryEncodeDateTime
 0004:00006F90       DB..66
 0001:00027444       DB..TDefaultDBScreenApplication
 0002:0000036C       DB.DB
 0004:00006F8C       DB.DBApplication
 0004:00006F88       DB.DBScreen
 0003:0000147C       DB.FieldTypeNames
 0001:00027544       DB.Finalization
 0001:000274C0       DB.TDefaultDBScreenApplication.GetCursor
 0001:000274DC       DB.TDefaultDBScreenApplication.GetTitle
 0001:000274FC       DB.TDefaultDBScreenApplication.ProcessMessages
 0001:00027508       DB.TDefaultDBScreenApplication.SetCursor
 0001:00027524       DB.TDefaultDBScreenApplication.SetTitle
 0004:00006FD8       DbxObjectParser..2
 0001:00037E34       DbxObjectParser..TObjectNameParser
 0003:00001914       DbxObjectParser.cRegExprSpesialSymbols
 0003:0000189C       DbxObjectParser.DbmsObjectNameTemplateInfo
 0002:00000450       DbxObjectParser.DbxObjectParser
 0003:000016EC       DbxObjectParser.DefaultMathesIndexes
 0003:00001714       DbxObjectParser.DefaultObjectNameTemplateInfo
 0001:00039440       DbxObjectParser.Finalization
 0001:000381E0       DbxObjectParser.GetDbmsObjectNameTemplateInfo
 0003:00001800       DbxObjectParser.InformixMathesIndexes
 0003:0000181C       DbxObjectParser.InformixObjectNameTemplateInfo
 0001:00039068       DbxObjectParser.LDoCalculateTemplate
 0003:000017B0       DbxObjectParser.OracleMathesIndexes
 0003:000017CC       DbxObjectParser.OracleObjectNameTemplateInfo
 0003:00001748       DbxObjectParser.SQLServerMathesIndexes
 0003:0000177C       DbxObjectParser.SQLServerObjectNameTemplateInfo
 0003:00001850       DbxObjectParser.TextMathesIndexes
 0003:00001868       DbxObjectParser.TextObjectNameTemplateInfo
 0001:0003822C       DbxObjectParser.TObjectNameParser.Create
 0001:000388C0       DbxObjectParser.TObjectNameParser.DecodeObjectFullName
 0001:0003884C       DbxObjectParser.TObjectNameParser.Destroy
 0001:0003907C       DbxObjectParser.TObjectNameParser.EncodeObjectFullName
 0002:0000070C       dbxoodbc.dbxoodbc
 0001:00084C4C       dbxoodbc.Finalization
 0004:00007014       DbxOpenOdbc..13
 0001:00046120       DbxOpenOdbc..EDbxError
 0001:00046068       DbxOpenOdbc..EDbxErrorCustom
 0001:00046290       DbxOpenOdbc..EDbxInternalError
 0001:00046234       DbxOpenOdbc..EDbxInvalidCall
 0001:000462F0       DbxOpenOdbc..EDbxInvalidParam
 0001:000461D4       DbxOpenOdbc..EDbxNotSupported
 0001:00046178       DbxOpenOdbc..EDbxOdbcError
 0001:000460C4       DbxOpenOdbc..EDbxOdbcWarning
 0001:00047DBC       DbxOpenOdbc..TBlobChunkCollection
 0001:00046E44       DbxOpenOdbc..TMetaColumn
 0001:00046E9C       DbxOpenOdbc..TMetaIndexColumn
 0001:00046EFC       DbxOpenOdbc..TMetaProcedure
 0001:00046F58       DbxOpenOdbc..TMetaProcedureParam
 0001:00046DEC       DbxOpenOdbc..TMetaTable
 0001:00047E20       DbxOpenOdbc..TOdbcBindCol
 0001:00047E8C       DbxOpenOdbc..TOdbcBindParam
 0001:00046980       DbxOpenOdbc..TSqlCommandOdbc
 0001:00046740       DbxOpenOdbc..TSqlConnectionOdbc
 0001:00047190       DbxOpenOdbc..TSqlCursorMetaData
 0001:00047608       DbxOpenOdbc..TSqlCursorMetaDataColumns
 0001:00047844       DbxOpenOdbc..TSqlCursorMetaDataIndexes
 0001:00047CC4       DbxOpenOdbc..TSqlCursorMetaDataProcedureParams
 0001:00047A80       DbxOpenOdbc..TSqlCursorMetaDataProcedures
 0001:000473C8       DbxOpenOdbc..TSqlCursorMetaDataTables
 0001:00046D7C       DbxOpenOdbc..TSqlCursorOdbc
 0001:00046424       DbxOpenOdbc..TSqlDriverOdbc
 0001:00046AFC       DbxOpenOdbc..TSQLMetaDataOdbc
 0001:0004AB1C       DbxOpenOdbc.AllocateDbxHStmtNodes
 0001:00048A38       DbxOpenOdbc.BCD2Str
 0001:0006E848       DbxOpenOdbc.CalculateBlobFixSize
 0003:00001C64       DbxOpenOdbc.cBindMapDateTimeOdbc2
 0003:00001C70       DbxOpenOdbc.cBindMapDateTimeOdbc3
 0003:00001DA4       DbxOpenOdbc.cBoolOptionSwitches
 0003:00001C18       DbxOpenOdbc.cConnectionOptionsDefault
 0003:00001C3C       DbxOpenOdbc.cConnectionOptionsRestrictions
 0003:00001D9C       DbxOpenOdbc.cDbxDriverVersionString
 0003:00001DA0       DbxOpenOdbc.cDbxProductVersionString
 0003:00001C7C       DbxOpenOdbc.cDecimalSeparatorDefault
 0003:00001C84       DbxOpenOdbc.cGetOptionExceptionInfos
 0001:0006BC14       DbxOpenOdbc.CheckAutoIncSubType
 0001:0004AA54       DbxOpenOdbc.CheckMaxLines
 0001:0004C19C       DbxOpenOdbc.ClearNewErrors
 0003:00001DD4       DbxOpenOdbc.ColumnColumnNames
 0003:00001E0C       DbxOpenOdbc.ColumnColumnTypes
 0003:00001E28       DbxOpenOdbc.ColumnColumnTypesW
 0001:00052710       DbxOpenOdbc.CompactNullConn
 0001:000522E0       DbxOpenOdbc.CompactNullConn
 0002:00000554       DbxOpenOdbc.DbxOpenOdbc
 0001:000786CC       DbxOpenOdbc.DirectoryExistsW
 0001:0004AAD4       DbxOpenOdbc.DisposeDbxConStmt
 0001:00062390       DbxOpenOdbc.DoPrepareNow
 0001:00061F24       DbxOpenOdbc.DoReBindParams
 0001:00084B6C       DbxOpenOdbc.DoRegisterDbXpressLibA
 0001:00084B78       DbxOpenOdbc.DoRegisterDbXpressLibAW
 0001:00050CD4       DbxOpenOdbc.DoRelaseDbxConStmt
 0001:000486A8       DbxOpenOdbc.ExtractCatalog
 0001:00084B84       DbxOpenOdbc.Finalization
 0001:00078714       DbxOpenOdbc.fix_odbc_read_table_list_w_from_folder
 0001:00049A0C       DbxOpenOdbc.FormatParameter
 0001:0004A95C       DbxOpenOdbc.FormatParameters
 0001:00048DFC       DbxOpenOdbc.FreeMemAndNil
 0001:0004C118       DbxOpenOdbc.GetConnection
 0001:0005BFFC       DbxOpenOdbc.GetConnectionCustomOptions
 0001:0005C1D0       DbxOpenOdbc.GetDatabaseNameOption
 0001:00048F00       DbxOpenOdbc.GetOptionValue
 0001:00072738       DbxOpenOdbc.GetRowStatus
 0001:00047EE8       DbxOpenOdbc.getSQLDriverODBC
 0001:0004805C       DbxOpenOdbc.getSQLDriverODBCAW
 0001:0004B800       DbxOpenOdbc.GetStringOptions
 0001:0005C3A8       DbxOpenOdbc.GetTransactionTypeName
 0001:0005E384       DbxOpenOdbc.GetValueAsAnsiStr
 0003:00001C60       DbxOpenOdbc.gHostPlatform
 0001:00052D94       DbxOpenOdbc.HidePassword
 0003:00001E44       DbxOpenOdbc.IndexColumnNames
 0003:00001E70       DbxOpenOdbc.IndexColumnTypes
 0003:00001E88       DbxOpenOdbc.IndexColumnTypesW
 0001:0004C180       DbxOpenOdbc.IsConnection
 0001:000502D4       DbxOpenOdbc.IsFreeDbxConStmt
 0001:00048168       DbxOpenOdbc.IsRestrictedConnectionOptionValue
 0001:0004FA9C       DbxOpenOdbc.LDoClearResult
 0001:0004C280       DbxOpenOdbc.LDoMakeResult
 0001:0006724C       DbxOpenOdbc.LDo_PostgreSQL_Make_Buffer
 0001:0005E8B8       DbxOpenOdbc.lValue2Str
 0001:00066190       DbxOpenOdbc.MakeStoredProcParams
 0001:0004B554       DbxOpenOdbc.MakeStringExceptionFromInfo
 0003:00001C80       DbxOpenOdbc.MaxCount
 0001:00048D58       DbxOpenOdbc.MaxSet
 0001:00052E98       DbxOpenOdbc.MergeAndSetConnOptions
 0001:00048788       DbxOpenOdbc.min
 0001:0004AA8C       DbxOpenOdbc.NewDbxConStmt
 0001:00049578       DbxOpenOdbc.OdbcDataTypeToDbxType
 0001:0006B18C       DbxOpenOdbc.OdbcSqlTypeToStr
 0001:0006E6C4       DbxOpenOdbc.OptimizeNextChunkSize
 0001:00052F9C       DbxOpenOdbc.ParseConnectionOptions
 0003:00001EA0       DbxOpenOdbc.ProcedureColumnNames
 0003:00001EBC       DbxOpenOdbc.ProcedureColumnTypes
 0003:00001ECC       DbxOpenOdbc.ProcedureColumnTypesW
 0003:00001EDC       DbxOpenOdbc.ProcedureParamColumnNames
 0003:00001F14       DbxOpenOdbc.ProcedureParamColumnTypes
 0003:00001F30       DbxOpenOdbc.ProcedureParamColumnTypesW
 0001:0006704C       DbxOpenOdbc.ProcessVarDataLength
 0001:0006A200       DbxOpenOdbc.PropValue2Str
 0001:0005C458       DbxOpenOdbc.Result2Str
 0001:00081A3C       DbxOpenOdbc.RetrieveProcedureSchemaForSysNaming
 0001:0005E3CC       DbxOpenOdbc.SetConnectionCustomOptions
 0001:00048214       DbxOpenOdbc.SetConnectionOption
 0001:00067104       DbxOpenOdbc.SetVarData
 0001:0004C2E4       DbxOpenOdbc.SQLGetDiagRecLevel2
 0001:000487B4       DbxOpenOdbc.Str2BCD
 0001:00048D7C       DbxOpenOdbc.StrCompNil
 0001:00048DC8       DbxOpenOdbc.StrLenNil
 0003:00001DA8       DbxOpenOdbc.TableColumnNames
 0003:00001DBC       DbxOpenOdbc.TableColumnTypes
 0003:00001DC8       DbxOpenOdbc.TableColumnTypesW
 0001:000848AC       DbxOpenOdbc.TBlobChunkCollection.AddFragment
 0001:00084924       DbxOpenOdbc.TBlobChunkCollection.Clear
 0001:00084984       DbxOpenOdbc.TBlobChunkCollection.Destroy
 0001:000849C0       DbxOpenOdbc.TBlobChunkCollection.GetSize
 0001:000849E4       DbxOpenOdbc.TBlobChunkCollection.Read
 0001:00084A90       DbxOpenOdbc.TBlobChunkCollection.ReadBlobToStream
 0001:00084A44       DbxOpenOdbc.TBlobChunkCollection.ReadBlobToVariant
 0001:000777A0       DbxOpenOdbc.TMetaColumn.Create
 0001:00077958       DbxOpenOdbc.TMetaColumn.Destroy
 0001:00077A58       DbxOpenOdbc.TMetaIndexColumn.Create
 0001:00077C6C       DbxOpenOdbc.TMetaIndexColumn.Destroy
 0001:00077DCC       DbxOpenOdbc.TMetaProcedure.Create
 0001:00077FC0       DbxOpenOdbc.TMetaProcedure.Destroy
 0001:000780DC       DbxOpenOdbc.TMetaProcedureParam.Create
 0001:00078218       DbxOpenOdbc.TMetaProcedureParam.Destroy
 0001:00076F00       DbxOpenOdbc.TMetaTable.Create
 0001:00077280       DbxOpenOdbc.TMetaTable.CreateW
 0001:00077674       DbxOpenOdbc.TMetaTable.Destroy
 0001:00076B2C       DbxOpenOdbc.TOdbcBindCol.Create
 0001:00076C18       DbxOpenOdbc.TOdbcBindCol.Destroy
 0001:00076D2C       DbxOpenOdbc.TOdbcBindParam.Create
 0001:00076E1C       DbxOpenOdbc.TOdbcBindParam.Destroy
 0001:000618DC       DbxOpenOdbc.TSqlCommandOdbc.AddError
 0001:00061A58       DbxOpenOdbc.TSqlCommandOdbc.BuildStoredProcSQL
 0001:00063850       DbxOpenOdbc.TSqlCommandOdbc.Cancel
 0001:0006161C       DbxOpenOdbc.TSqlCommandOdbc.ClearParams
 0001:0006195C       DbxOpenOdbc.TSqlCommandOdbc.close
 0001:000612D0       DbxOpenOdbc.TSqlCommandOdbc.CloseStmt
 0001:00060E30       DbxOpenOdbc.TSqlCommandOdbc.Create
 0001:0006172C       DbxOpenOdbc.TSqlCommandOdbc.Destroy
 0001:000657D8       DbxOpenOdbc.TSqlCommandOdbc.DoAllocateParams
 0001:00061070       DbxOpenOdbc.TSqlCommandOdbc.DoAllocateStmt
 0001:0006248C       DbxOpenOdbc.TSqlCommandOdbc.DoExecute
 0001:00062DD4       DbxOpenOdbc.TSqlCommandOdbc.DoExecuteImmediate
 0001:000658A8       DbxOpenOdbc.TSqlCommandOdbc.DoExpandParams
 0001:0006594C       DbxOpenOdbc.TSqlCommandOdbc.DoPrepare
 0001:00061CEC       DbxOpenOdbc.TSqlCommandOdbc.DoSQLMoreResults
 0001:00062D8C       DbxOpenOdbc.TSqlCommandOdbc.DoUnprepareStmt
 0001:00062C40       DbxOpenOdbc.TSqlCommandOdbc.execute
 0001:00063670       DbxOpenOdbc.TSqlCommandOdbc.ExecuteImmediate
 0001:00063CE0       DbxOpenOdbc.TSqlCommandOdbc.getErrorMessage
 0001:00063D60       DbxOpenOdbc.TSqlCommandOdbc.getErrorMessageLen
 0001:00063B58       DbxOpenOdbc.TSqlCommandOdbc.GetLockTimeout
 0001:00063DF4       DbxOpenOdbc.TSqlCommandOdbc.getNextCursor
 0001:00064170       DbxOpenOdbc.TSqlCommandOdbc.GetOption
 0001:00064DB0       DbxOpenOdbc.TSqlCommandOdbc.getParameter
 0001:000656D8       DbxOpenOdbc.TSqlCommandOdbc.getRowsAffected
 0001:00061910       DbxOpenOdbc.TSqlCommandOdbc.OdbcCheck
 0001:00065F38       DbxOpenOdbc.TSqlCommandOdbc.prepare
 0001:00063950       DbxOpenOdbc.TSqlCommandOdbc.SetLockTimeout
 0001:0006632C       DbxOpenOdbc.TSqlCommandOdbc.SetOption
 0001:000672F4       DbxOpenOdbc.TSqlCommandOdbc.setParameter
 0001:000506F0       DbxOpenOdbc.TSqlConnectionOdbc.AllocHStmt
 0001:00051B3C       DbxOpenOdbc.TSqlConnectionOdbc.beginTransaction
 0001:0005A970       DbxOpenOdbc.TSqlConnectionOdbc.CheckTransactionSupport
 0001:00052B48       DbxOpenOdbc.TSqlConnectionOdbc.ClearConnectionOptions
 0001:0004EBF8       DbxOpenOdbc.TSqlConnectionOdbc.CloneOdbcConnection
 0001:00052318       DbxOpenOdbc.TSqlConnectionOdbc.commit
 0001:000530C8       DbxOpenOdbc.TSqlConnectionOdbc.connect
 0001:0004E4E0       DbxOpenOdbc.TSqlConnectionOdbc.Create
 0001:0004FF80       DbxOpenOdbc.TSqlConnectionOdbc.DbxCallBackSendMsg
 0001:00050244       DbxOpenOdbc.TSqlConnectionOdbc.DbxCallBackSendMsgFmt
 0001:0004FAC4       DbxOpenOdbc.TSqlConnectionOdbc.DecodeObjectFullName
 0001:0004E648       DbxOpenOdbc.TSqlConnectionOdbc.Destroy
 0001:00059FE4       DbxOpenOdbc.TSqlConnectionOdbc.disconnect
 0001:0004FCA4       DbxOpenOdbc.TSqlConnectionOdbc.EncodeObjectFullName
 0001:00050460       DbxOpenOdbc.TSqlConnectionOdbc.FindFreeConnection
 0001:00051078       DbxOpenOdbc.TSqlConnectionOdbc.FreeHStmt
 0001:00051714       DbxOpenOdbc.TSqlConnectionOdbc.GetCatalog
 0001:00060DD4       DbxOpenOdbc.TSqlConnectionOdbc.GetConnectionHandle
 0001:0005197C       DbxOpenOdbc.TSqlConnectionOdbc.GetCurrentCatalog
 0001:00051698       DbxOpenOdbc.TSqlConnectionOdbc.GetCurrentConnectionHandle
 0001:00051500       DbxOpenOdbc.TSqlConnectionOdbc.GetCurrentDbxConStmt
 0001:0005165C       DbxOpenOdbc.TSqlConnectionOdbc.GetCurrentDbxConStmt
 0001:00060D28       DbxOpenOdbc.TSqlConnectionOdbc.GetCursorPreserved
 0001:00060BC4       DbxOpenOdbc.TSqlConnectionOdbc.GetDbmsName
 0001:00060994       DbxOpenOdbc.TSqlConnectionOdbc.GetDbmsType
 0001:00060C38       DbxOpenOdbc.TSqlConnectionOdbc.GetDbmsVersionBuild
 0001:00060BE4       DbxOpenOdbc.TSqlConnectionOdbc.GetDbmsVersionMajor
 0001:00060C00       DbxOpenOdbc.TSqlConnectionOdbc.GetDbmsVersionMinor
 0001:00060C1C       DbxOpenOdbc.TSqlConnectionOdbc.GetDbmsVersionRelease
 0001:00060C54       DbxOpenOdbc.TSqlConnectionOdbc.GetDbmsVersionString
 0001:00060E14       DbxOpenOdbc.TSqlConnectionOdbc.GetDecimalSeparator
 0001:0004F674       DbxOpenOdbc.TSqlConnectionOdbc.GetDefaultConnectionOptions
 0001:00060DB8       DbxOpenOdbc.TSqlConnectionOdbc.GetEnvironmentHandle
 0001:0005A868       DbxOpenOdbc.TSqlConnectionOdbc.getErrorMessage
 0001:0005A8E0       DbxOpenOdbc.TSqlConnectionOdbc.getErrorMessageLen
 0001:00060D44       DbxOpenOdbc.TSqlConnectionOdbc.GetIsSystemODBCManager
 0001:00060BA8       DbxOpenOdbc.TSqlConnectionOdbc.GetLastOdbcSqlState
 0001:0005ABEC       DbxOpenOdbc.TSqlConnectionOdbc.GetMetaDataOption
 0001:00060DF0       DbxOpenOdbc.TSqlConnectionOdbc.GetOdbcApiIntf
 0001:000609CC       DbxOpenOdbc.TSqlConnectionOdbc.GetOdbcConnectStrings
 0001:00060D64       DbxOpenOdbc.TSqlConnectionOdbc.GetOdbcDriverLevel
 0001:00060C74       DbxOpenOdbc.TSqlConnectionOdbc.GetOdbcDriverName
 0001:000609B0       DbxOpenOdbc.TSqlConnectionOdbc.GetOdbcDriverType
 0001:00060CE8       DbxOpenOdbc.TSqlConnectionOdbc.GetOdbcDriverVersionBuild
 0001:00060C94       DbxOpenOdbc.TSqlConnectionOdbc.GetOdbcDriverVersionMajor
 0001:00060CB0       DbxOpenOdbc.TSqlConnectionOdbc.GetOdbcDriverVersionMinor
 0001:00060CCC       DbxOpenOdbc.TSqlConnectionOdbc.GetOdbcDriverVersionRelease
 0001:00060D04       DbxOpenOdbc.TSqlConnectionOdbc.GetOdbcDriverVersionString
 0001:0005C60C       DbxOpenOdbc.TSqlConnectionOdbc.GetOption
 0001:0004FE28       DbxOpenOdbc.TSqlConnectionOdbc.GetQuotedObjectName
 0001:0005DF38       DbxOpenOdbc.TSqlConnectionOdbc.getSQLCommand
 0001:0005E15C       DbxOpenOdbc.TSqlConnectionOdbc.getSQLMetaData
 0001:00060D9C       DbxOpenOdbc.TSqlConnectionOdbc.GetStatementsPerConnection
 0001:00060D80       DbxOpenOdbc.TSqlConnectionOdbc.GetSupportsSqlPrimaryKeys
 0001:0004F810       DbxOpenOdbc.TSqlConnectionOdbc.GetUnquotedName
 0001:0004F6A4       DbxOpenOdbc.TSqlConnectionOdbc.GetUnquotedNameLen
 0001:0004F974       DbxOpenOdbc.TSqlConnectionOdbc.ObjectIsStoredProc
 0001:000516CC       DbxOpenOdbc.TSqlConnectionOdbc.OdbcCheck
 0001:000570E8       DbxOpenOdbc.TSqlConnectionOdbc.RetrieveDbmsOptions
 0001:00057674       DbxOpenOdbc.TSqlConnectionOdbc.RetrieveDriverName
 0001:00052748       DbxOpenOdbc.TSqlConnectionOdbc.rollback
 0001:0004F154       DbxOpenOdbc.TSqlConnectionOdbc.SetCurrentDbxConStmt
 0001:0004F278       DbxOpenOdbc.TSqlConnectionOdbc.SetLoginTimeout
 0001:0004F460       DbxOpenOdbc.TSqlConnectionOdbc.SetNetworkTimeout
 0001:0005EA4C       DbxOpenOdbc.TSqlConnectionOdbc.SetOption
 0001:0004E848       DbxOpenOdbc.TSqlConnectionOdbc.SynchronizeInTransaction
 0001:000606BC       DbxOpenOdbc.TSqlConnectionOdbc.TransactionCheck
 0001:000742EC       DbxOpenOdbc.TSqlCursorMetaData.BindInteger
 0001:00073E70       DbxOpenOdbc.TSqlCursorMetaData.BindSmallint
 0001:00073444       DbxOpenOdbc.TSqlCursorMetaData.ClearMetaData
 0001:00073218       DbxOpenOdbc.TSqlCursorMetaData.Create
 0001:000738D4       DbxOpenOdbc.TSqlCursorMetaData.DescribeAllocBindString
 0001:00073B90       DbxOpenOdbc.TSqlCursorMetaData.DescribeAllocBindWString
 0001:00073354       DbxOpenOdbc.TSqlCursorMetaData.Destroy
 0001:00074748       DbxOpenOdbc.TSqlCursorMetaData.getBcd
 0001:000748E0       DbxOpenOdbc.TSqlCursorMetaData.getBlob
 0001:00074A78       DbxOpenOdbc.TSqlCursorMetaData.getBlobSize
 0001:00074C18       DbxOpenOdbc.TSqlCursorMetaData.getBytes
 0001:00074DB0       DbxOpenOdbc.TSqlCursorMetaData.getColumnCount
 0001:00074DDC       DbxOpenOdbc.TSqlCursorMetaData.getColumnLength
 0001:00074F9C       DbxOpenOdbc.TSqlCursorMetaData.getColumnName
 0001:000750C8       DbxOpenOdbc.TSqlCursorMetaData.getColumnNameLength
 0001:00075218       DbxOpenOdbc.TSqlCursorMetaData.getColumnPrecision
 0001:000753E0       DbxOpenOdbc.TSqlCursorMetaData.getColumnScale
 0001:000754EC       DbxOpenOdbc.TSqlCursorMetaData.getColumnType
 0001:00075610       DbxOpenOdbc.TSqlCursorMetaData.getDate
 0001:000757C0       DbxOpenOdbc.TSqlCursorMetaData.getDouble
 0001:00075974       DbxOpenOdbc.TSqlCursorMetaData.getErrorMessage
 0001:000759F4       DbxOpenOdbc.TSqlCursorMetaData.getErrorMessageLen
 0001:00075A84       DbxOpenOdbc.TSqlCursorMetaData.getLong
 0001:00075C34       DbxOpenOdbc.TSqlCursorMetaData.GetOption
 0001:00075DEC       DbxOpenOdbc.TSqlCursorMetaData.getShort
 0001:00075F9C       DbxOpenOdbc.TSqlCursorMetaData.getString
 0001:00076150       DbxOpenOdbc.TSqlCursorMetaData.getTime
 0001:00076300       DbxOpenOdbc.TSqlCursorMetaData.getTimeStamp
 0001:000764B8       DbxOpenOdbc.TSqlCursorMetaData.isAutoIncrement
 0001:00076624       DbxOpenOdbc.TSqlCursorMetaData.isBlobSizeExact
 0001:00076778       DbxOpenOdbc.TSqlCursorMetaData.isNullable
 0001:00076794       DbxOpenOdbc.TSqlCursorMetaData.isReadOnly
 0001:000767B0       DbxOpenOdbc.TSqlCursorMetaData.isSearchable
 0001:000767CC       DbxOpenOdbc.TSqlCursorMetaData.next
 0001:000769C8       DbxOpenOdbc.TSqlCursorMetaData.OdbcCheck
 0001:00073814       DbxOpenOdbc.TSqlCursorMetaData.ParseTableName
 0001:00073470       DbxOpenOdbc.TSqlCursorMetaData.ParseTableNameBase
 0001:000767E8       DbxOpenOdbc.TSqlCursorMetaData.SetOption
 0001:0007AB5C       DbxOpenOdbc.TSqlCursorMetaDataColumns.Clear
 0001:0007A93C       DbxOpenOdbc.TSqlCursorMetaDataColumns.Create
 0001:0007AA70       DbxOpenOdbc.TSqlCursorMetaDataColumns.Destroy
 0001:0007C878       DbxOpenOdbc.TSqlCursorMetaDataColumns.DoGetWideString
 0001:0007ACC8       DbxOpenOdbc.TSqlCursorMetaDataColumns.FetchColumns
 0001:0007B8E0       DbxOpenOdbc.TSqlCursorMetaDataColumns.getColumnLength
 0001:0007BCA0       DbxOpenOdbc.TSqlCursorMetaDataColumns.getColumnPrecision
 0001:0007BE2C       DbxOpenOdbc.TSqlCursorMetaDataColumns.getLong
 0001:0007C168       DbxOpenOdbc.TSqlCursorMetaDataColumns.getShort
 0001:0007C4C8       DbxOpenOdbc.TSqlCursorMetaDataColumns.getString
 0001:0007CC44       DbxOpenOdbc.TSqlCursorMetaDataColumns.next
 0001:0007CE9C       DbxOpenOdbc.TSqlCursorMetaDataIndexes.Create
 0001:0007CFF4       DbxOpenOdbc.TSqlCursorMetaDataIndexes.Destroy
 0001:0007F5D0       DbxOpenOdbc.TSqlCursorMetaDataIndexes.DoGetWideString
 0001:0007D15C       DbxOpenOdbc.TSqlCursorMetaDataIndexes.FetchIndexes
 0001:0007E5F0       DbxOpenOdbc.TSqlCursorMetaDataIndexes.getColumnLength
 0001:0007E984       DbxOpenOdbc.TSqlCursorMetaDataIndexes.getColumnPrecision
 0001:0007EB10       DbxOpenOdbc.TSqlCursorMetaDataIndexes.getLong
 0001:0007EDC4       DbxOpenOdbc.TSqlCursorMetaDataIndexes.getShort
 0001:0007F0A0       DbxOpenOdbc.TSqlCursorMetaDataIndexes.getString
 0001:0007FB24       DbxOpenOdbc.TSqlCursorMetaDataIndexes.next
 0001:00081790       DbxOpenOdbc.TSqlCursorMetaDataProcedureParams.Create
 0001:000818CC       DbxOpenOdbc.TSqlCursorMetaDataProcedureParams.Destroy
 0001:00084354       DbxOpenOdbc.TSqlCursorMetaDataProcedureParams.DoGetWideString
 0001:00081B50       DbxOpenOdbc.TSqlCursorMetaDataProcedureParams.FetchProcedureParams
 0001:00083340       DbxOpenOdbc.TSqlCursorMetaDataProcedureParams.getColumnLength
 0001:00083708       DbxOpenOdbc.TSqlCursorMetaDataProcedureParams.getColumnPrecision
 0001:000838C0       DbxOpenOdbc.TSqlCursorMetaDataProcedureParams.getLong
 0001:00083BBC       DbxOpenOdbc.TSqlCursorMetaDataProcedureParams.getShort
 0001:00083F38       DbxOpenOdbc.TSqlCursorMetaDataProcedureParams.getString
 0001:00084798       DbxOpenOdbc.TSqlCursorMetaDataProcedureParams.next
 0001:0007FCBC       DbxOpenOdbc.TSqlCursorMetaDataProcedures.Create
 0001:0007FDF0       DbxOpenOdbc.TSqlCursorMetaDataProcedures.Destroy
 0001:000811E8       DbxOpenOdbc.TSqlCursorMetaDataProcedures.DoGetWideString
 0001:0007FF1C       DbxOpenOdbc.TSqlCursorMetaDataProcedures.FetchProcedures
 0001:00080430       DbxOpenOdbc.TSqlCursorMetaDataProcedures.getColumnLength
 0001:0008075C       DbxOpenOdbc.TSqlCursorMetaDataProcedures.getColumnPrecision
 0001:0008090C       DbxOpenOdbc.TSqlCursorMetaDataProcedures.getLong
 0001:00080BD8       DbxOpenOdbc.TSqlCursorMetaDataProcedures.getShort
 0001:00080EA4       DbxOpenOdbc.TSqlCursorMetaDataProcedures.getString
 0001:0008154C       DbxOpenOdbc.TSqlCursorMetaDataProcedures.next
 0001:000785A0       DbxOpenOdbc.TSqlCursorMetaDataTables.Clear
 0001:00078384       DbxOpenOdbc.TSqlCursorMetaDataTables.Create
 0001:000784B4       DbxOpenOdbc.TSqlCursorMetaDataTables.Destroy
 0001:0007A374       DbxOpenOdbc.TSqlCursorMetaDataTables.DoGetWideString
 0001:00078974       DbxOpenOdbc.TSqlCursorMetaDataTables.FetchTables
 0001:000798F8       DbxOpenOdbc.TSqlCursorMetaDataTables.getColumnLength
 0001:00079BFC       DbxOpenOdbc.TSqlCursorMetaDataTables.getColumnPrecision
 0001:00079D74       DbxOpenOdbc.TSqlCursorMetaDataTables.getLong
 0001:0007A020       DbxOpenOdbc.TSqlCursorMetaDataTables.getString
 0001:0007A6E8       DbxOpenOdbc.TSqlCursorMetaDataTables.next
 0001:0006E6A4       DbxOpenOdbc.TSqlCursorOdbc.AddError
 0001:0006BCFC       DbxOpenOdbc.TSqlCursorOdbc.BindResultSet
 0001:0006E4AC       DbxOpenOdbc.TSqlCursorOdbc.CheckFetchCacheColumns
 0001:0006ADA8       DbxOpenOdbc.TSqlCursorOdbc.ClearCursor
 0001:0006AB48       DbxOpenOdbc.TSqlCursorOdbc.Create
 0001:0006AF10       DbxOpenOdbc.TSqlCursorOdbc.Destroy
 0001:0006E080       DbxOpenOdbc.TSqlCursorOdbc.DoFetchLateBoundData
 0001:0006E95C       DbxOpenOdbc.TSqlCursorOdbc.DoFetchLongData
 0001:0006E268       DbxOpenOdbc.TSqlCursorOdbc.FetchLateBoundData
 0001:0006F26C       DbxOpenOdbc.TSqlCursorOdbc.FetchLongData
 0001:0006F498       DbxOpenOdbc.TSqlCursorOdbc.getBcd
 0001:0006F630       DbxOpenOdbc.TSqlCursorOdbc.getBlob
 0001:0006F9C0       DbxOpenOdbc.TSqlCursorOdbc.getBlobSize
 0001:0006FCE0       DbxOpenOdbc.TSqlCursorOdbc.getBytes
 0001:0006FF00       DbxOpenOdbc.TSqlCursorOdbc.getColumnCount
 0001:0006FF2C       DbxOpenOdbc.TSqlCursorOdbc.getColumnLength
 0001:000704E4       DbxOpenOdbc.TSqlCursorOdbc.getColumnName
 0001:00070604       DbxOpenOdbc.TSqlCursorOdbc.getColumnNameLength
 0001:00070760       DbxOpenOdbc.TSqlCursorOdbc.getColumnPrecision
 0001:00070980       DbxOpenOdbc.TSqlCursorOdbc.getColumnScale
 0001:00070B4C       DbxOpenOdbc.TSqlCursorOdbc.getColumnType
 0001:00070D00       DbxOpenOdbc.TSqlCursorOdbc.getDate
 0001:00070EF8       DbxOpenOdbc.TSqlCursorOdbc.getDouble
 0001:00071088       DbxOpenOdbc.TSqlCursorOdbc.getErrorMessage
 0001:00071114       DbxOpenOdbc.TSqlCursorOdbc.getErrorMessageLen
 0001:000711AC       DbxOpenOdbc.TSqlCursorOdbc.getLong
 0001:0007138C       DbxOpenOdbc.TSqlCursorOdbc.GetOption
 0001:0007154C       DbxOpenOdbc.TSqlCursorOdbc.getShort
 0001:0007174C       DbxOpenOdbc.TSqlCursorOdbc.getString
 0001:00071B94       DbxOpenOdbc.TSqlCursorOdbc.getTime
 0001:00071D3C       DbxOpenOdbc.TSqlCursorOdbc.getTimeStamp
 0001:00071F5C       DbxOpenOdbc.TSqlCursorOdbc.isAutoIncrement
 0001:0007221C       DbxOpenOdbc.TSqlCursorOdbc.isBlobSizeExact
 0001:00072258       DbxOpenOdbc.TSqlCursorOdbc.isNullable
 0001:00072374       DbxOpenOdbc.TSqlCursorOdbc.isReadOnly
 0001:0007250C       DbxOpenOdbc.TSqlCursorOdbc.isSearchable
 0001:00072918       DbxOpenOdbc.TSqlCursorOdbc.next
 0001:0006B140       DbxOpenOdbc.TSqlCursorOdbc.OdbcCheck
 0001:0007304C       DbxOpenOdbc.TSqlCursorOdbc.SetOption
 0001:0004D660       DbxOpenOdbc.TSqlDriverOdbc.AllocHCon
 0001:0004D8F8       DbxOpenOdbc.TSqlDriverOdbc.AllocHEnv
 0001:0004B9A0       DbxOpenOdbc.TSqlDriverOdbc.Create
 0001:0004BB50       DbxOpenOdbc.TSqlDriverOdbc.Destroy
 0001:0004D794       DbxOpenOdbc.TSqlDriverOdbc.FreeHCon
 0001:0004DB94       DbxOpenOdbc.TSqlDriverOdbc.FreeHEnv
 0001:0004DD00       DbxOpenOdbc.TSqlDriverOdbc.GetOption
 0001:0004E04C       DbxOpenOdbc.TSqlDriverOdbc.getSQLConnection
 0001:0004BD18       DbxOpenOdbc.TSqlDriverOdbc.OdbcCheck
 0001:0004C3A0       DbxOpenOdbc.TSqlDriverOdbc.RetrieveOdbcErrorInfo
 0001:0004E1D8       DbxOpenOdbc.TSqlDriverOdbc.SetOption
 0001:00068ED0       DbxOpenOdbc.TSQLMetaDataOdbc.Create
 0001:00068FE0       DbxOpenOdbc.TSQLMetaDataOdbc.Destroy
 0001:00069DCC       DbxOpenOdbc.TSQLMetaDataOdbc.DoGetTables
 0001:000690C8       DbxOpenOdbc.TSQLMetaDataOdbc.getColumns
 0001:00069354       DbxOpenOdbc.TSQLMetaDataOdbc.getErrorMessage
 0001:000693D4       DbxOpenOdbc.TSQLMetaDataOdbc.getErrorMessageLen
 0001:00069464       DbxOpenOdbc.TSQLMetaDataOdbc.getIndices
 0001:000696CC       DbxOpenOdbc.TSQLMetaDataOdbc.getObjectList
 0001:000696F4       DbxOpenOdbc.TSQLMetaDataOdbc.GetOption
 0001:00069928       DbxOpenOdbc.TSQLMetaDataOdbc.getProcedureParams
 0001:00069B88       DbxOpenOdbc.TSQLMetaDataOdbc.getProcedures
 0001:0006A084       DbxOpenOdbc.TSQLMetaDataOdbc.getTables
 0001:0006A238       DbxOpenOdbc.TSQLMetaDataOdbc.SetOption
 0001:00066244       DbxOpenOdbc.ulValue2Str
 0001:000574D8       DbxOpenOdbc.VersionStringToNumeric
 0001:000671B4       DbxOpenOdbc.WideCharToUtf8
 0004:00007010       DbxOpenOdbc3..11
 0001:0003E33C       DbxOpenOdbc3..TSqlCommandOdbc3
 0001:0003E1A4       DbxOpenOdbc3..TSqlConnectionOdbc3
 0001:0003EBE4       DbxOpenOdbc3..TSqlCursorMetaDataColumns3
 0001:0003EE58       DbxOpenOdbc3..TSqlCursorMetaDataIndexes3
 0001:0003F348       DbxOpenOdbc3..TSqlCursorMetaDataProcedureParams3
 0001:0003F0CC       DbxOpenOdbc3..TSqlCursorMetaDataProcedures3
 0001:0003E96C       DbxOpenOdbc3..TSqlCursorMetaDataTables3
 0001:0003E5A8       DbxOpenOdbc3..TSqlCursorOdbc3
 0001:0003E008       DbxOpenOdbc3..TSqlDriverOdbc3
 0001:0003E6FC       DbxOpenOdbc3..TSQLMetaDataOdbc3
 0001:0003F8D8       DbxOpenOdbc3.BeginLock
 0004:00006FEC       DbxOpenOdbc3.cConnectionOptionsDefault3
 0002:00000510       DbxOpenOdbc3.DbxOpenOdbc3
 0001:00046020       DbxOpenOdbc3.DoRegisterDbXpressLibW
 0001:0004602C       DbxOpenOdbc3.DoRegisterDbXpressLibWA
 0001:0003FA50       DbxOpenOdbc3.EndLock
 0001:00046038       DbxOpenOdbc3.Finalization
 0003:00001C14       DbxOpenOdbc3.gClientVersionOverload
 0001:0003F3B8       DbxOpenOdbc3.getSQLDriverODBCW
 0001:0003F648       DbxOpenOdbc3.getSQLDriverODBCWA
 0001:0003FA74       DbxOpenOdbc3.HostAppPlatformInitialize
 0001:000432DC       DbxOpenOdbc3.PropValue2Str
 0001:00040740       DbxOpenOdbc3.Result2Str
 0001:00041884       DbxOpenOdbc3.TSqlCommandOdbc3.execute
 0001:000419DC       DbxOpenOdbc3.TSqlCommandOdbc3.executeImmediate
 0001:00041C1C       DbxOpenOdbc3.TSqlCommandOdbc3.getErrorMessage
 0001:00041C40       DbxOpenOdbc3.TSqlCommandOdbc3.getErrorMessageLen
 0001:00041C64       DbxOpenOdbc3.TSqlCommandOdbc3.getNextCursor
 0001:00041C84       DbxOpenOdbc3.TSqlCommandOdbc3.GetOption
 0001:000415B4       DbxOpenOdbc3.TSqlCommandOdbc3.prepare
 0001:00042124       DbxOpenOdbc3.TSqlCommandOdbc3.SetOption
 0001:0003FF60       DbxOpenOdbc3.TSqlConnectionOdbc3.connect
 0001:000400EC       DbxOpenOdbc3.TSqlConnectionOdbc3.connect
 0001:0003FE6C       DbxOpenOdbc3.TSqlConnectionOdbc3.Create
 0001:0004032C       DbxOpenOdbc3.TSqlConnectionOdbc3.getErrorMessage
 0001:00040580       DbxOpenOdbc3.TSqlConnectionOdbc3.getErrorMessageLen
 0001:00040930       DbxOpenOdbc3.TSqlConnectionOdbc3.GetOption
 0001:000411F4       DbxOpenOdbc3.TSqlConnectionOdbc3.getSQLCommand
 0001:000413D0       DbxOpenOdbc3.TSqlConnectionOdbc3.getSQLMetaData
 0001:00040FE4       DbxOpenOdbc3.TSqlConnectionOdbc3.SetOption
 0001:000444E4       DbxOpenOdbc3.TSqlCursorMetaDataColumns3.getColumnName
 0001:000446E0       DbxOpenOdbc3.TSqlCursorMetaDataColumns3.getErrorMessage
 0001:000448A0       DbxOpenOdbc3.TSqlCursorMetaDataColumns3.getErrorMessageLen
 0001:00044A0C       DbxOpenOdbc3.TSqlCursorMetaDataColumns3.getInt64
 0001:00044A20       DbxOpenOdbc3.TSqlCursorMetaDataColumns3.getString
 0001:00044A48       DbxOpenOdbc3.TSqlCursorMetaDataColumns3.getWideString
 0001:00044B9C       DbxOpenOdbc3.TSqlCursorMetaDataIndexes3.getColumnName
 0001:00044D98       DbxOpenOdbc3.TSqlCursorMetaDataIndexes3.getErrorMessage
 0001:00044F58       DbxOpenOdbc3.TSqlCursorMetaDataIndexes3.getErrorMessageLen
 0001:000450C4       DbxOpenOdbc3.TSqlCursorMetaDataIndexes3.getInt64
 0001:000450D8       DbxOpenOdbc3.TSqlCursorMetaDataIndexes3.getString
 0001:00045100       DbxOpenOdbc3.TSqlCursorMetaDataIndexes3.getWideString
 0001:00045948       DbxOpenOdbc3.TSqlCursorMetaDataProcedureParams3.getColumnName
 0001:00045B4C       DbxOpenOdbc3.TSqlCursorMetaDataProcedureParams3.getErrorMessage
 0001:00045D14       DbxOpenOdbc3.TSqlCursorMetaDataProcedureParams3.getErrorMessageLen
 0001:00045E88       DbxOpenOdbc3.TSqlCursorMetaDataProcedureParams3.getInt64
 0001:00045E9C       DbxOpenOdbc3.TSqlCursorMetaDataProcedureParams3.getString
 0001:00045EC4       DbxOpenOdbc3.TSqlCursorMetaDataProcedureParams3.getWideString
 0001:00045254       DbxOpenOdbc3.TSqlCursorMetaDataProcedures3.getColumnName
 0001:00045484       DbxOpenOdbc3.TSqlCursorMetaDataProcedures3.getErrorMessage
 0001:00045648       DbxOpenOdbc3.TSqlCursorMetaDataProcedures3.getErrorMessageLen
 0001:000457B8       DbxOpenOdbc3.TSqlCursorMetaDataProcedures3.getInt64
 0001:000457CC       DbxOpenOdbc3.TSqlCursorMetaDataProcedures3.getString
 0001:000457F4       DbxOpenOdbc3.TSqlCursorMetaDataProcedures3.getWideString
 0001:00044160       DbxOpenOdbc3.TSqlCursorMetaDataTables3.getColumnName
 0001:00043E34       DbxOpenOdbc3.TSqlCursorMetaDataTables3.getErrorMessage
 0001:00043FF4       DbxOpenOdbc3.TSqlCursorMetaDataTables3.getErrorMessageLen
 0001:00044358       DbxOpenOdbc3.TSqlCursorMetaDataTables3.getInt64
 0001:0004436C       DbxOpenOdbc3.TSqlCursorMetaDataTables3.getString
 0001:00044394       DbxOpenOdbc3.TSqlCursorMetaDataTables3.getWideString
 0001:00042548       DbxOpenOdbc3.TSqlCursorOdbc3.getColumnName
 0001:0004237C       DbxOpenOdbc3.TSqlCursorOdbc3.getColumnNameLength
 0001:00042334       DbxOpenOdbc3.TSqlCursorOdbc3.getErrorMessage
 0001:00042358       DbxOpenOdbc3.TSqlCursorOdbc3.getErrorMessageLen
 0001:000426E4       DbxOpenOdbc3.TSqlCursorOdbc3.getInt64
 0001:000428D0       DbxOpenOdbc3.TSqlCursorOdbc3.getString
 0001:000428F8       DbxOpenOdbc3.TSqlCursorOdbc3.getWideString
 0001:0003FBE8       DbxOpenOdbc3.TSqlDriverOdbc3.Create
 0001:0003FD14       DbxOpenOdbc3.TSqlDriverOdbc3.getSQLConnection
 0001:000438AC       DbxOpenOdbc3.TSQLMetaDataOdbc3.getColumns
 0001:00042C30       DbxOpenOdbc3.TSQLMetaDataOdbc3.getErrorMessage
 0001:00042E3C       DbxOpenOdbc3.TSQLMetaDataOdbc3.getErrorMessageLen
 0001:00043AB4       DbxOpenOdbc3.TSQLMetaDataOdbc3.getIndices
 0001:00043558       DbxOpenOdbc3.TSQLMetaDataOdbc3.getObjectList
 0001:00042FFC       DbxOpenOdbc3.TSQLMetaDataOdbc3.GetOption
 0001:00043C58       DbxOpenOdbc3.TSQLMetaDataOdbc3.getProcedureParams
 0001:000436B8       DbxOpenOdbc3.TSQLMetaDataOdbc3.getProcedures
 0001:00043578       DbxOpenOdbc3.TSQLMetaDataOdbc3.getTables
 0001:00043350       DbxOpenOdbc3.TSQLMetaDataOdbc3.SetOption
 0001:00041FD8       DbxOpenOdbc3.ulValue2Str
 0004:00006FE8       DbxOpenOdbcASA..1
 0003:00001C0C       DbxOpenOdbcASA.AsaCallbackMessage
 0001:0003DEDC       DbxOpenOdbcASA.ASA_MESSAGE_CALLBACK
 0001:0003DEBC       DbxOpenOdbcASA.ASA_MESSAGE_INIT
 0003:00001C10       DbxOpenOdbcASA.aWindow
 0002:000004F0       DbxOpenOdbcASA.DbxOpenOdbcASA
 0001:0003DF54       DbxOpenOdbcASA.Finalization
 0004:00006FE4       DbxOpenOdbcASA.WM_AsaCallback
 0004:00006FE6       DbxOpenOdbcASA.WM_AsaCallback_Supported
 0001:0003DBA4       DbxOpenOdbcCallback.GetTraceFlagName
 0003:000016E8       DbxOpenOdbcFuncs.AnsiPos
 0001:00037CD4       DbxOpenOdbcFuncs.ChangeFileExtW
 0003:000016DC       DbxOpenOdbcFuncs.cNullAnsiCharBuf
 0003:000016E0       DbxOpenOdbcFuncs.cNullWideCharBuf
 0003:000016E4       DbxOpenOdbcFuncs.DefaultSystemCodePage
 0001:00037BE4       DbxOpenOdbcFuncs.StrClone
 0001:00037A30       DbxOpenOdbcFuncs.StrClone
 0001:00037B24       DbxOpenOdbcFuncs.StrClone
 0001:000379D8       DbxOpenOdbcFuncs.StrClone
 0001:00037AB8       DbxOpenOdbcFuncs.StrClone
 0001:000379A4       DbxOpenOdbcFuncs.WStrCopy
 0001:00037C44       DbxOpenOdbcFuncs.WStrIComp
 0001:00037984       DbxOpenOdbcFuncs.WStrLen
 0004:00006FB0       DbxOpenOdbcInterface..1
 0003:000015D8       DbxOpenOdbcInterface.cConnectionOptionsDescs
 0003:00001528       DbxOpenOdbcInterface.cConnectionOptionsNames
 0003:000015B4       DbxOpenOdbcInterface.cConnectionOptionsTypes
 0003:00001664       DbxOpenOdbcInterface.cOptionSwitchesNames
 0003:00001678       DbxOpenOdbcInterface.cXSQLCommandOptionStringTypes
 0003:00001670       DbxOpenOdbcInterface.cXSQLConnectionOptionStringTypes
 0003:0000167C       DbxOpenOdbcInterface.cXSQLMetaDataOptionStringTypes
 0002:00000410       DbxOpenOdbcInterface.DbxOpenOdbcInterface
 0001:00027E7C       DbxOpenOdbcInterface.Finalization
 0001:00027E5C       DbxOpenOdbcInterface.RegisterDbXpressLibProc
 0004:00006FB4       DbxOpenOdbcInterface._RegisterDbXpressLibs
 0004:00006FDC       DbxOpenOdbcTrace..9
 0001:0003A75C       DbxOpenOdbcTrace.ArrayToStr
 0005:0000000C       DbxOpenOdbcTrace.bExceptionFlag
 0003:00001B84       DbxOpenOdbcTrace.cBoolean
 0003:00001B7C       DbxOpenOdbcTrace.cBoolean
 0003:00001B04       DbxOpenOdbcTrace.cDbmsType
 0003:00001A90       DbxOpenOdbcTrace.cOdbcDriverType
 0003:00001A24       DbxOpenOdbcTrace.cSQLCommandOption
 0003:00001930       DbxOpenOdbcTrace.cSQLConnectionOption
 0003:00001A84       DbxOpenOdbcTrace.cSQLCursorOption
 0003:00001918       DbxOpenOdbcTrace.cSQLDriverOption
 0003:000019DC       DbxOpenOdbcTrace.cSQLMetaDataOption
 0003:00001A70       DbxOpenOdbcTrace.cSTMTParamType
 0002:00000458       DbxOpenOdbcTrace.DbxOpenOdbcTrace
 0001:0003B44C       DbxOpenOdbcTrace.Finalization
 0001:0003A5DC       DbxOpenOdbcTrace.GetCurThreadInfoStr
 0001:0003B014       DbxOpenOdbcTrace.GetExceptionInfoStr
 0001:0003B288       DbxOpenOdbcTrace.GetTransactionDescStr
 0001:0003AC7C       DbxOpenOdbcTrace.LogEnterProc
 0001:0003AD50       DbxOpenOdbcTrace.LogEnterProc
 0001:0003B130       DbxOpenOdbcTrace.LogExceptProc
 0001:0003AFA0       DbxOpenOdbcTrace.LogExitProc
 0001:0003AEB8       DbxOpenOdbcTrace.LogExitProc
 0001:0003ADC4       DbxOpenOdbcTrace.LogInfoProc
 0001:0003AE4C       DbxOpenOdbcTrace.LogInfoProc
 0001:0003A6BC       DbxOpenOdbcTrace.OutputDebugString
 0004:00006F94       DSIntf..2
 0003:00001524       DSIntf.DbClientHandle
 0002:000003F8       DSIntf.DSIntf
 0001:000275A0       DSIntf.Finalization
 0004:00006F98       DSIntf.Loading
 0004:00002810       FastMM4..1
 0001:000060BC       FastMM4..TFreedObject
 0001:00006B1C       FastMM4.AllocateLargeBlock
 0004:00004A18       FastMM4.AllocationGroupStack
 0004:000059B8       FastMM4.AllocationGroupStackTop
 0001:00006A64       FastMM4.AllocNewSequentialFeedMediumPool
 0004:00002814       FastMM4.AllocSize2SmallBlockTypeIndX4
 0001:00006600       FastMM4.AppendClassNameToBuffer
 0001:0000715C       FastMM4.AppendEventLog
 0001:00006154       FastMM4.AppendModuleFileName
 0001:0000653C       FastMM4.AppendStringToBuffer
 0001:00006558       FastMM4.AppendStringToBuffer
 0001:0000617C       FastMM4.AppendStringToModuleName
 0001:000069DC       FastMM4.BinMediumSequentialFeedRemainder
 0001:000070FC       FastMM4.BlockFullDebugModeMMRoutines
 0001:00007368       FastMM4.CalculateHeaderCheckSum
 0001:00006484       FastMM4.CardinalToHexBuf
 0001:00006368       FastMM4.CardinalToStrBuf
 0001:00008040       FastMM4.CheckBlockBeforeFreeOrRealloc
 0001:000094DC       FastMM4.CheckBlocksOnShutdown
 0001:00009B48       FastMM4.CheckCanInstallMemoryManager
 0001:00007354       FastMM4.CheckFillPattern
 0001:00007E64       FastMM4.CheckFreeBlockUnmodified
 0001:00009384       FastMM4.CheckSmallBlockPoolForLeaks
 0003:000007CC       FastMM4.Copyright
 0004:000059BC       FastMM4.CurrentAllocationNumber
 0001:000082B0       FastMM4.DebugAllocMem
 0001:00008094       FastMM4.DebugFreeMem
 0001:00007F40       FastMM4.DebugGetMem
 0001:0000814C       FastMM4.DebugReallocMem
 0001:0000714C       FastMM4.DeleteEventLog
 0001:000067F8       FastMM4.DetectClassInstance
 0001:0000924C       FastMM4.DetectStringData
 0001:000070EC       FastMM4.DoneChangingFullDebugModeBlock
 0001:00006590       FastMM4.DWordToStr
 0004:00004A10       FastMM4.ExpectedMemoryLeaks
 0004:00004A14       FastMM4.ExpectedMemoryLeaksListLocked
 0001:00006FF8       FastMM4.FastFreeMem
 0001:00006C70       FastMM4.FastGetMem
 0002:000000B0       FastMM4.FastMM4
 0004:00006468       FastMM4.FastMMIsInstalled
 0001:00006344       FastMM4.FillDWord
 0001:0000A364       FastMM4.Finalization
 0001:0000A300       FastMM4.FinalizeMemoryManager
 0001:00006150       FastMM4.FindFirstSetBit
 0004:00005DCC       FastMM4.FreedObjectVMT
 0001:00006BC0       FastMM4.FreeLargeBlock
 0001:00006FA0       FastMM4.FreeMediumBlock
 0004:0000646C       FastMM4.FullDebugModeDLL
 0003:000007B8       FastMM4.FullDebugModeScanMemoryPoolBeforeEveryOperation
 0001:00006828       FastMM4.GetAvailableSpaceInBlock
 0001:00006854       FastMM4.GetFirstAndLastSmallBlockInPool
 0001:000068B4       FastMM4.GetFirstMediumBlockInPool
 0001:000092E8       FastMM4.GetMemoryLeakType
 0003:00000ED0       FastMM4.GetStackTrace
 0001:0000633C       FastMM4.GetThreadID
 0003:000007BC       FastMM4.HexTable
 0001:000070F4       FastMM4.IncrementAllocationNumber
 0001:00009F98       FastMM4.InitializeMemoryManager
 0001:00006980       FastMM4.InsertMediumBlockIntoBin
 0001:0000A210       FastMM4.InstallMemoryManager
 0001:00006778       FastMM4.InternalIsValidClass
 0001:0000837C       FastMM4.InternalScanMemoryPool
 0001:000082F0       FastMM4.InternalScanSmallBlockPool
 0004:00006469       FastMM4.IsMemoryManagerOwner
 0001:000066FC       FastMM4.IsValidVMTAddress
 0004:00004A00       FastMM4.LargeBlocksCircularList
 0004:000049FC       FastMM4.LargeBlocksLocked
 0004:00002970       FastMM4.LastSequentiallyFedMediumBlock
 0001:00006148       FastMM4.LockCmpxchg
 0001:00007098       FastMM4.LockCmpxchg32
 0001:00009144       FastMM4.LockExpectedMemoryLeaksList
 0001:00006AE0       FastMM4.LockLargeBlocks
 0001:000068F4       FastMM4.LockMediumBlocks
 0001:00007480       FastMM4.LogBlockError
 0001:000073AC       FastMM4.LogCurrentThreadAndStackTrace
 0003:00000EDC       FastMM4.LogFileExtAnsi
 0001:00007B64       FastMM4.LogMemoryLeakOrAllocatedBlock
 0003:00000ED4       FastMM4.LogStackTrace
 0004:0000297C       FastMM4.MediumBlockBinBitmaps
 0004:00002978       FastMM4.MediumBlockBinGroupBitmap
 0004:000029FC       FastMM4.MediumBlockBins
 0004:0000295C       FastMM4.MediumBlockPoolsCircularList
 0004:0000296C       FastMM4.MediumBlocksLocked
 0004:00002974       FastMM4.MediumSequentialFeedBytesLeft
 0004:000059C4       FastMM4.MMLogFileName
 0001:000061D4       FastMM4.Move12
 0001:000061E8       FastMM4.Move20
 0001:00006208       FastMM4.Move28
 0001:00006234       FastMM4.Move36
 0001:00006254       FastMM4.Move44
 0001:00006278       FastMM4.Move52
 0001:000062A4       FastMM4.Move60
 0001:000062D4       FastMM4.Move68
 0001:0000630C       FastMM4.MoveX16L4
 0004:00006450       FastMM4.NewMemoryManager
 0001:00006890       FastMM4.NextMediumBlock
 0001:00006354       FastMM4.NoOpGetStackTrace
 0001:00006364       FastMM4.NoOpLogStackTrace
 0004:00006438       FastMM4.OldMemoryManager
 0001:000082D8       FastMM4.RaiseMemoryCorruptionError
 0001:000091AC       FastMM4.RegisterExpectedMemoryLeak
 0001:00006930       FastMM4.RemoveMediumFreeBlock
 0004:00005DC4       FastMM4.ReservedBlock
 0001:00007478       FastMM4.RotateRight
 0001:000084A4       FastMM4.ScanMemoryPoolForCorruptions
 0001:00007310       FastMM4.SetDefaultMMLogFileName
 0003:00000ED8       FastMM4.sFormat
 0004:0000646A       FastMM4.ShowingMessageBox
 0001:000066C8       FastMM4.ShowMessageBox
 0003:000007F0       FastMM4.SmallBlockTypes
 0003:000007D0       FastMM4.StandardVirtualMethodNames
 0001:000070A0       FastMM4.StartChangingFullDebugModeBlock
 0001:00006118       FastMM4.StrLen
 0001:00007344       FastMM4.SumCardinals
 0004:0000280C       FastMM4.SuppressMessageBoxes
 0001:000084B4       FastMM4.TFreedObject.GetVirtualMethodIndex
 0001:00008EA8       FastMM4.TFreedObject.InterfaceError
 0001:0000896C       FastMM4.TFreedObject.VirtualMethodError
 0004:000059C0       FastMM4.ThreadsInFullDebugModeRoutine
 0001:00007138       FastMM4.UnblockFullDebugModeMMRoutines
 0001:000091FC       FastMM4.UnregisterExpectedMemoryLeak
 0001:00008FEC       FastMM4.UpdateExpectedLeakList
 0001:00007388       FastMM4.UpdateHeaderAndFooterCheckSums
 0004:00005DC8       FastMM4.VMIndex
 0004:00006118       FastMM4.VMTBadInterface
 0004:00006F70       FMTBcd..3
 0001:000214AC       FMTBcd..EBcdException
 0001:00021508       FMTBcd..EBcdOverflowException
 0001:000216FC       FMTBcd..TFMTBcdData
 0001:00021648       FMTBcd..TFMTBcdVariantType
 0001:00022A54       FMTBcd.AddChars
 0001:0002498C       FMTBcd.AddNormalizedFractions
 0001:00022B34       FMTBcd.AddStrings
 0001:00024800       FMTBcd.AddSubtractNormalizedFractions
 0001:000238F8       FMTBcd.AdjustDecimalPosition
 0001:00025238       FMTBcd.AdjustNibbles
 0001:00025968       FMTBcd.BcdAdd
 0001:000254B4       FMTBcd.BcdCompare
 0001:000258F4       FMTBcd.BcdDivide
 0001:00025768       FMTBcd.BcdDivide
 0001:000218A8       FMTBcd.BcdError
 0001:00021838       FMTBcd.BcdErrorFmt
 0001:000255CC       FMTBcd.BcdMultiply
 0001:000256F4       FMTBcd.BcdMultiply
 0001:00025D54       FMTBcd.BcdScale
 0001:00025588       FMTBcd.BcdSubtract
 0001:00025F9C       FMTBcd.BCDToCurr
 0001:0002235C       FMTBcd.BcdToDouble
 0001:00025AC0       FMTBcd.BcdToStr
 0001:00023708       FMTBcd.BlankArgument
 0001:00023574       FMTBcd.CanUseShort
 0001:0002515C       FMTBcd.CompactBcd
 0001:00022788       FMTBcd.CompareDigits
 0001:000249B0       FMTBcd.CompareNormalizedFractions
 0001:00024D44       FMTBcd.CompareSignificantFractions
 0001:00025DF8       FMTBcd.CurrToBCD
 0003:00001350       FMTBcd.DValue
 0001:0002156C       FMTBcd.EmptyBcd
 0001:000260C8       FMTBcd.Finalization
 0002:000002F0       FMTBcd.FMTBcd
 0003:00001448       FMTBcd.FMTBcdVariantType
 0001:000215C0       FMTBcd.GetBcdDigit
 0001:00025D94       FMTBcd.GetNextByte
 0001:0002288C       FMTBcd.GetValueAndMultiplyOrder
 0001:000242A4       FMTBcd.InvalidBcdString
 0001:00025D78       FMTBcd.IsBcdNegative
 0001:0002271C       FMTBcd.LeftTrim
 0001:00024C78       FMTBcd.LoadNibbleArray
 0001:00024B30       FMTBcd.MoveBytesToRight
 0001:00024E4C       FMTBcd.MoveNibblesToLeft
 0001:00024BC0       FMTBcd.MoveNibblesToRight
 0001:00023828       FMTBcd.NextDigit
 0001:00024F84       FMTBcd.NormalizeBcd
 0001:000252BC       FMTBcd.NormalizeBcdPair
 0003:0000132C       FMTBcd.NullBcd
 0001:0002511C       FMTBcd.NumberOfDigits
 0001:000218C8       FMTBcd.OverflowError
 0001:00021618       FMTBcd.PutCurrencyDigit
 0001:00021584       FMTBcd.PutTwoBcdDigits
 0001:000243BC       FMTBcd.ReverseNegative
 0001:00022438       FMTBcd.RoundAt
 0001:000223B4       FMTBcd.RoundChar
 0001:0002477C       FMTBcd.SignificantIntDigits
 0001:00023178       FMTBcd.StringMultiplyByByte
 0001:000222F0       FMTBcd.StrToBcd
 0001:00022AD4       FMTBcd.SubtractChars
 0001:00024968       FMTBcd.SubtractNormalizedFractions
 0001:00022CDC       FMTBcd.SubtractStrings
 0001:00021A30       FMTBcd.TFMTBcdData.Compare
 0001:00021CCC       FMTBcd.TFMTBcdData.Create
 0001:00021D24       FMTBcd.TFMTBcdData.Create
 0001:00021E30       FMTBcd.TFMTBcdData.Create
 0001:00021EE4       FMTBcd.TFMTBcdData.Create
 0001:00021928       FMTBcd.TFMTBcdData.DoAdd
 0001:000218E8       FMTBcd.TFMTBcdData.DoAdd
 0001:000219EC       FMTBcd.TFMTBcdData.DoDivide
 0001:000219A8       FMTBcd.TFMTBcdData.DoMultiply
 0001:00021988       FMTBcd.TFMTBcdData.DoSubtract
 0001:00021948       FMTBcd.TFMTBcdData.DoSubtract
 0001:00021B50       FMTBcd.TFMTBcdData.GetAsCurrency
 0001:00021A78       FMTBcd.TFMTBcdData.GetAsDouble
 0001:00021AD4       FMTBcd.TFMTBcdData.GetAsInteger
 0001:00021B30       FMTBcd.TFMTBcdData.GetAsSmallInt
 0001:00021A58       FMTBcd.TFMTBcdData.GetAsString
 0001:00021CA4       FMTBcd.TFMTBcdData.SetAsCurrency
 0001:00021BA4       FMTBcd.TFMTBcdData.SetAsDouble
 0001:00021C18       FMTBcd.TFMTBcdData.SetAsInteger
 0001:00021C84       FMTBcd.TFMTBcdData.SetAsSmallInt
 0001:00021B70       FMTBcd.TFMTBcdData.SetAsString
 0001:0002222C       FMTBcd.TFMTBcdVariantType.BinaryOp
 0001:00021F54       FMTBcd.TFMTBcdVariantType.Cast
 0001:0002208C       FMTBcd.TFMTBcdVariantType.CastTo
 0001:00021F30       FMTBcd.TFMTBcdVariantType.Clear
 0001:000222C4       FMTBcd.TFMTBcdVariantType.Compare
 0001:000221CC       FMTBcd.TFMTBcdVariantType.Copy
 0001:000222A8       FMTBcd.TFMTBcdVariantType.GetInstance
 0001:00024420       FMTBcd.TryStrToBcd
 0001:00023B74       FMTBcd.ValueOverOne
 0001:000243E4       FMTBcd.ZeroBcd
 0001:00024170       FMTBcd._Divide
 0001:00023E88       FMTBcd._LongDivide
 0001:00023278       FMTBcd._LongMultiply
 0001:000237B0       FMTBcd._Multiply
 0001:00022F30       FMTBcd._ShortMultiply
 0004:00006FC4       IniFiles..8
 0001:000280A8       IniFiles.Finalization
 0002:00000418       IniFiles.IniFiles
 0003:00001680       IniFiles.Values
 0004:00006FCC       OdbcApi..5
 0001:00028790       OdbcApi..EOdbcApi
 0001:000287E8       OdbcApi..EOdbcApiNotImplemented
 0001:00028E08       OdbcApi..TOdbcApiIntfImpl
 0001:0002884C       OdbcApi..TOdbcApiProxy
 0001:00028EBC       OdbcApi..TStringHash
 0003:00001694       OdbcApi.cLibsSeparator
 0003:00001698       OdbcApi.cSqlAttrOdbcVerSeparator
 0001:0002D558       OdbcApi.DoSQLFreeHandle
 0001:000292B8       OdbcApi.ExtractNextLibName
 0001:00032F00       OdbcApi.Finalization
 0004:00006FD0       OdbcApi.fOdbcApiCache
 0001:000293A8       OdbcApi.GetProcAddressEx
 0001:00029484       OdbcApi.LoadOdbcDriverManager
 0003:00001690       OdbcApi.ODBC32DLL
 0002:00000428       OdbcApi.OdbcApi
 0001:000314C8       OdbcApi.TOdbcApiIntfImpl.CheckAvailableProxy
 0001:00031524       OdbcApi.TOdbcApiIntfImpl.FireVSDebugEvent
 0001:0003154C       OdbcApi.TOdbcApiIntfImpl.ODBCGetTryWaitValue
 0001:00031574       OdbcApi.TOdbcApiIntfImpl.ODBCSetTryWaitValue
 0001:00031798       OdbcApi.TOdbcApiIntfImpl.SQLAllocConnect
 0001:000317CC       OdbcApi.TOdbcApiIntfImpl.SQLAllocEnv
 0001:000317FC       OdbcApi.TOdbcApiIntfImpl.SQLAllocHandle
 0001:00031838       OdbcApi.TOdbcApiIntfImpl.SQLAllocHandleStd
 0001:00031874       OdbcApi.TOdbcApiIntfImpl.SQLAllocStmt
 0001:000318A8       OdbcApi.TOdbcApiIntfImpl.SQLBindCol
 0001:000318F4       OdbcApi.TOdbcApiIntfImpl.SQLBindParam
 0001:00031948       OdbcApi.TOdbcApiIntfImpl.SQLBindParameter
 0001:000319A4       OdbcApi.TOdbcApiIntfImpl.SQLBrowseConnect
 0001:000319EC       OdbcApi.TOdbcApiIntfImpl.SQLBulkOperations
 0001:00031A24       OdbcApi.TOdbcApiIntfImpl.SQLCancel
 0001:00031A54       OdbcApi.TOdbcApiIntfImpl.SQLCloseCursor
 0001:00031A84       OdbcApi.TOdbcApiIntfImpl.SQLColAttribute
 0001:00031AD4       OdbcApi.TOdbcApiIntfImpl.SQLColAttributeInt
 0001:00031B24       OdbcApi.TOdbcApiIntfImpl.SQLColAttributes
 0001:00031B74       OdbcApi.TOdbcApiIntfImpl.SQLColAttributeString
 0001:00031BC4       OdbcApi.TOdbcApiIntfImpl.SQLColumnPrivileges
 0001:00031C1C       OdbcApi.TOdbcApiIntfImpl.SQLColumns
 0001:00031C74       OdbcApi.TOdbcApiIntfImpl.SQLConnect
 0001:00031CC4       OdbcApi.TOdbcApiIntfImpl.SQLCopyDesc
 0001:00031CF8       OdbcApi.TOdbcApiIntfImpl.SQLDataSources
 0001:00031D4C       OdbcApi.TOdbcApiIntfImpl.SQLDescribeCol
 0001:00031DA4       OdbcApi.TOdbcApiIntfImpl.SQLDescribeParam
 0001:00031DEC       OdbcApi.TOdbcApiIntfImpl.SQLDisconnect
 0001:00031E1C       OdbcApi.TOdbcApiIntfImpl.SQLDriverConnect
 0001:00031E70       OdbcApi.TOdbcApiIntfImpl.SQLDrivers
 0001:00031EC4       OdbcApi.TOdbcApiIntfImpl.SQLEndTran
 0001:00031F04       OdbcApi.TOdbcApiIntfImpl.SQLError
 0001:00031F54       OdbcApi.TOdbcApiIntfImpl.SQLExecDirect
 0001:00031F90       OdbcApi.TOdbcApiIntfImpl.SQLExecute
 0001:00031FC0       OdbcApi.TOdbcApiIntfImpl.SQLExtendedFetch
 0001:00032004       OdbcApi.TOdbcApiIntfImpl.SQLFetch
 0001:00032034       OdbcApi.TOdbcApiIntfImpl.SQLFetchScroll
 0001:00032070       OdbcApi.TOdbcApiIntfImpl.SQLForeignKeys
 0001:000320D8       OdbcApi.TOdbcApiIntfImpl.SQLFreeConnect
 0001:00032108       OdbcApi.TOdbcApiIntfImpl.SQLFreeEnv
 0001:00032138       OdbcApi.TOdbcApiIntfImpl.SQLFreeHandle
 0001:00032170       OdbcApi.TOdbcApiIntfImpl.SQLFreeStmt
 0001:000321A8       OdbcApi.TOdbcApiIntfImpl.SQLFunctionSupported
 0001:000321DC       OdbcApi.TOdbcApiIntfImpl.SQLGetConnectAttr
 0001:00032220       OdbcApi.TOdbcApiIntfImpl.SQLGetConnectOption
 0001:0003225C       OdbcApi.TOdbcApiIntfImpl.SQLGetCursorName
 0001:0003229C       OdbcApi.TOdbcApiIntfImpl.SQLGetData
 0001:000322E8       OdbcApi.TOdbcApiIntfImpl.SQLGetDescField
 0001:00032334       OdbcApi.TOdbcApiIntfImpl.SQLGetDescRec
 0001:00032394       OdbcApi.TOdbcApiIntfImpl.SQLGetDiagField
 0001:000323E4       OdbcApi.TOdbcApiIntfImpl.SQLGetDiagRec
 0001:00032438       OdbcApi.TOdbcApiIntfImpl.SQLGetEnvAttr
 0001:0003247C       OdbcApi.TOdbcApiIntfImpl.SQLGetFunctions
 0001:000324B8       OdbcApi.TOdbcApiIntfImpl.SQLGetInfo
 0001:00032500       OdbcApi.TOdbcApiIntfImpl.SQLGetInfoInt
 0001:00032548       OdbcApi.TOdbcApiIntfImpl.SQLGetInfoSmallint
 0001:00032590       OdbcApi.TOdbcApiIntfImpl.SQLGetInfoString
 0001:000325D8       OdbcApi.TOdbcApiIntfImpl.SQLGetStmtAttr
 0001:0003261C       OdbcApi.TOdbcApiIntfImpl.SQLGetStmtOption
 0001:00032658       OdbcApi.TOdbcApiIntfImpl.SQLGetTypeInfo
 0001:00032690       OdbcApi.TOdbcApiIntfImpl.SQLMoreResults
 0001:000326C0       OdbcApi.TOdbcApiIntfImpl.SQLNativeSql
 0001:00032708       OdbcApi.TOdbcApiIntfImpl.SQLNumParams
 0001:0003273C       OdbcApi.TOdbcApiIntfImpl.SQLNumResultCols
 0001:00032770       OdbcApi.TOdbcApiIntfImpl.SQLParamData
 0001:000327A4       OdbcApi.TOdbcApiIntfImpl.SQLParamOptions
 0001:000327E0       OdbcApi.TOdbcApiIntfImpl.SQLPrepare
 0001:0003281C       OdbcApi.TOdbcApiIntfImpl.SQLPrimaryKeys
 0001:0003286C       OdbcApi.TOdbcApiIntfImpl.SQLProcedureColumns
 0001:000328C4       OdbcApi.TOdbcApiIntfImpl.SQLProcedures
 0001:00032914       OdbcApi.TOdbcApiIntfImpl.SQLPutData
 0001:00032950       OdbcApi.TOdbcApiIntfImpl.SQLRowCount
 0001:00032984       OdbcApi.TOdbcApiIntfImpl.SQLSetConnectAttr
 0001:000329C4       OdbcApi.TOdbcApiIntfImpl.SQLSetConnectOption
 0001:00032A00       OdbcApi.TOdbcApiIntfImpl.SQLSetCursorName
 0001:00032A3C       OdbcApi.TOdbcApiIntfImpl.SQLSetDescField
 0001:00032A84       OdbcApi.TOdbcApiIntfImpl.SQLSetDescRec
 0001:00032AE0       OdbcApi.TOdbcApiIntfImpl.SQLSetEnvAttr
 0001:00032B20       OdbcApi.TOdbcApiIntfImpl.SQLSetParam
 0001:00032B74       OdbcApi.TOdbcApiIntfImpl.SQLSetPos
 0001:00032BB8       OdbcApi.TOdbcApiIntfImpl.SQLSetScrollOptions
 0001:00032BFC       OdbcApi.TOdbcApiIntfImpl.SQLSetStmtAttr
 0001:00032C3C       OdbcApi.TOdbcApiIntfImpl.SQLSetStmtOption
 0001:00032C78       OdbcApi.TOdbcApiIntfImpl.SQLSpecialColumns
 0001:00032CD8       OdbcApi.TOdbcApiIntfImpl.SQLStatistics
 0001:00032D30       OdbcApi.TOdbcApiIntfImpl.SQLTablePrivileges
 0001:00032D80       OdbcApi.TOdbcApiIntfImpl.SQLTables
 0001:00032DD8       OdbcApi.TOdbcApiIntfImpl.SQLTransact
 0001:000315A0       OdbcApi.TOdbcApiIntfImpl.SQL_ADD_RECORD
 0001:000315D8       OdbcApi.TOdbcApiIntfImpl.SQL_DELETE_RECORD
 0001:00031610       OdbcApi.TOdbcApiIntfImpl.SQL_FUNC_EXISTS
 0001:00031648       OdbcApi.TOdbcApiIntfImpl.SQL_LEN_BINARY_ATTR
 0001:00031678       OdbcApi.TOdbcApiIntfImpl.SQL_LEN_DATA_AT_EXEC
 0001:000316A8       OdbcApi.TOdbcApiIntfImpl.SQL_LOCK_RECORD
 0001:000316E8       OdbcApi.TOdbcApiIntfImpl.SQL_POSITION_TO
 0001:00031720       OdbcApi.TOdbcApiIntfImpl.SQL_REFRESH_RECORD
 0001:00031760       OdbcApi.TOdbcApiIntfImpl.SQL_UPDATE_RECORD
 0001:00032E14       OdbcApi.TOdbcApiIntfImpl.TraceCloseLogFile
 0001:00032E3C       OdbcApi.TOdbcApiIntfImpl.TraceOpenLogFile
 0001:00032E78       OdbcApi.TOdbcApiIntfImpl.TraceReturn
 0001:00032EA8       OdbcApi.TOdbcApiIntfImpl.TraceVersion
 0001:00032ED0       OdbcApi.TOdbcApiIntfImpl.TraceVSControl
 0001:0002B434       OdbcApi.TOdbcApiProxy.BeginLock
 0001:0002B27C       OdbcApi.TOdbcApiProxy.Destroy
 0001:0002B448       OdbcApi.TOdbcApiProxy.EndLock
 0001:000310D4       OdbcApi.TOdbcApiProxy.FireVSDebugEvent
 0001:00031468       OdbcApi.TOdbcApiProxy.GetOdbcApiIntf
 0001:0002B314       OdbcApi.TOdbcApiProxy.NotImplemented
 0001:00031130       OdbcApi.TOdbcApiProxy.ODBCGetTryWaitValue
 0001:00031190       OdbcApi.TOdbcApiProxy.ODBCSetTryWaitValue
 0001:000313A8       OdbcApi.TOdbcApiProxy.SetOdbcDriverLevel
 0001:0002B45C       OdbcApi.TOdbcApiProxy.SQLAllocConnect
 0001:0002B4A8       OdbcApi.TOdbcApiProxy.SQLAllocEnv
 0001:0002B568       OdbcApi.TOdbcApiProxy.SQLAllocHandle
 0001:0002B4F4       OdbcApi.TOdbcApiProxy.SQLAllocHandleStd
 0001:0002B63C       OdbcApi.TOdbcApiProxy.SQLAllocStmt
 0001:0002B688       OdbcApi.TOdbcApiProxy.SQLBindCol
 0001:0002B6FC       OdbcApi.TOdbcApiProxy.SQLBindParam
 0001:0002B77C       OdbcApi.TOdbcApiProxy.SQLBindParameter
 0001:0002B810       OdbcApi.TOdbcApiProxy.SQLBrowseConnect
 0001:0002B9C4       OdbcApi.TOdbcApiProxy.SQLBulkOperations
 0001:0002BA34       OdbcApi.TOdbcApiProxy.SQLCancel
 0001:0002BA8C       OdbcApi.TOdbcApiProxy.SQLCloseCursor
 0001:0002BB08       OdbcApi.TOdbcApiProxy.SQLColAttribute
 0001:0002BD34       OdbcApi.TOdbcApiProxy.SQLColAttributeInt
 0001:0002BDBC       OdbcApi.TOdbcApiProxy.SQLColAttributes
 0001:0002BD78       OdbcApi.TOdbcApiProxy.SQLColAttributeString
 0001:0002BF80       OdbcApi.TOdbcApiProxy.SQLColumnPrivileges
 0001:0002C110       OdbcApi.TOdbcApiProxy.SQLColumns
 0001:0002C2E4       OdbcApi.TOdbcApiProxy.SQLConnect
 0001:0002C478       OdbcApi.TOdbcApiProxy.SQLCopyDesc
 0001:0002C4D8       OdbcApi.TOdbcApiProxy.SQLDataSources
 0001:0002C6E0       OdbcApi.TOdbcApiProxy.SQLDescribeCol
 0001:0002C88C       OdbcApi.TOdbcApiProxy.SQLDescribeParam
 0001:0002C90C       OdbcApi.TOdbcApiProxy.SQLDisconnect
 0001:0002C968       OdbcApi.TOdbcApiProxy.SQLDriverConnect
 0001:0002CB40       OdbcApi.TOdbcApiProxy.SQLDrivers
 0001:0002CDA8       OdbcApi.TOdbcApiProxy.SQLEndTran
 0001:0002CE6C       OdbcApi.TOdbcApiProxy.SQLError
 0001:0002D034       OdbcApi.TOdbcApiProxy.SQLExecDirect
 0001:0002D11C       OdbcApi.TOdbcApiProxy.SQLExecute
 0001:0002D174       OdbcApi.TOdbcApiProxy.SQLExtendedFetch
 0001:0002D1F0       OdbcApi.TOdbcApiProxy.SQLFetch
 0001:0002D248       OdbcApi.TOdbcApiProxy.SQLFetchScroll
 0001:0002D2B4       OdbcApi.TOdbcApiProxy.SQLForeignKeys
 0001:0002D49C       OdbcApi.TOdbcApiProxy.SQLFreeConnect
 0001:0002D4FC       OdbcApi.TOdbcApiProxy.SQLFreeEnv
 0001:0002D624       OdbcApi.TOdbcApiProxy.SQLFreeHandle
 0001:0002D6AC       OdbcApi.TOdbcApiProxy.SQLFreeStmt
 0001:0002E38C       OdbcApi.TOdbcApiProxy.SQLFunctionSupported
 0001:0002D714       OdbcApi.TOdbcApiProxy.SQLGetConnectAttr
 0001:0002D984       OdbcApi.TOdbcApiProxy.SQLGetConnectOption
 0001:0002DA9C       OdbcApi.TOdbcApiProxy.SQLGetCursorName
 0001:0002DC08       OdbcApi.TOdbcApiProxy.SQLGetData
 0001:0002DC80       OdbcApi.TOdbcApiProxy.SQLGetDescField
 0001:0002DE2C       OdbcApi.TOdbcApiProxy.SQLGetDescRec
 0001:0002DFC4       OdbcApi.TOdbcApiProxy.SQLGetDiagField
 0001:0002E13C       OdbcApi.TOdbcApiProxy.SQLGetDiagRec
 0001:0002E314       OdbcApi.TOdbcApiProxy.SQLGetEnvAttr
 0001:0002E3CC       OdbcApi.TOdbcApiProxy.SQLGetFunctions
 0001:0002F028       OdbcApi.TOdbcApiProxy.SQLGetInfo
 0001:0002F1F4       OdbcApi.TOdbcApiProxy.SQLGetInfoInt
 0001:0002F22C       OdbcApi.TOdbcApiProxy.SQLGetInfoSmallint
 0001:0002F264       OdbcApi.TOdbcApiProxy.SQLGetInfoString
 0001:0002F2A0       OdbcApi.TOdbcApiProxy.SQLGetStmtAttr
 0001:0002F460       OdbcApi.TOdbcApiProxy.SQLGetStmtOption
 0001:0002F4D4       OdbcApi.TOdbcApiProxy.SQLGetTypeInfo
 0001:0002F564       OdbcApi.TOdbcApiProxy.SQLMoreResults
 0001:0002F5A0       OdbcApi.TOdbcApiProxy.SQLNativeSql
 0001:0002F728       OdbcApi.TOdbcApiProxy.SQLNumParams
 0001:0002F790       OdbcApi.TOdbcApiProxy.SQLNumResultCols
 0001:0002F7FC       OdbcApi.TOdbcApiProxy.SQLParamData
 0001:0002F864       OdbcApi.TOdbcApiProxy.SQLParamOptions
 0001:0002F8D4       OdbcApi.TOdbcApiProxy.SQLPrepare
 0001:0002F9BC       OdbcApi.TOdbcApiProxy.SQLPrimaryKeys
 0001:0002FB40       OdbcApi.TOdbcApiProxy.SQLProcedureColumns
 0001:0002FD00       OdbcApi.TOdbcApiProxy.SQLProcedures
 0001:0002FE84       OdbcApi.TOdbcApiProxy.SQLPutData
 0001:0002FEF0       OdbcApi.TOdbcApiProxy.SQLRowCount
 0001:0002FF54       OdbcApi.TOdbcApiProxy.SQLSetConnectAttr
 0001:000300B0       OdbcApi.TOdbcApiProxy.SQLSetConnectOption
 0001:0003014C       OdbcApi.TOdbcApiProxy.SQLSetCursorName
 0001:0003024C       OdbcApi.TOdbcApiProxy.SQLSetDescField
 0001:0003035C       OdbcApi.TOdbcApiProxy.SQLSetDescRec
 0001:000303EC       OdbcApi.TOdbcApiProxy.SQLSetEnvAttr
 0001:00030460       OdbcApi.TOdbcApiProxy.SQLSetParam
 0001:000304E4       OdbcApi.TOdbcApiProxy.SQLSetPos
 0001:00030558       OdbcApi.TOdbcApiProxy.SQLSetScrollOptions
 0001:000305D0       OdbcApi.TOdbcApiProxy.SQLSetStmtAttr
 0001:00030724       OdbcApi.TOdbcApiProxy.SQLSetStmtOption
 0001:00030798       OdbcApi.TOdbcApiProxy.SQLSpecialColumns
 0001:00030940       OdbcApi.TOdbcApiProxy.SQLStatistics
 0001:00030B04       OdbcApi.TOdbcApiProxy.SQLTablePrivileges
 0001:00030C88       OdbcApi.TOdbcApiProxy.SQLTables
 0001:00030E78       OdbcApi.TOdbcApiProxy.SQLTransact
 0001:000311F4       OdbcApi.TOdbcApiProxy.SQL_ADD_RECORD
 0001:00031224       OdbcApi.TOdbcApiProxy.SQL_DELETE_RECORD
 0001:00031254       OdbcApi.TOdbcApiProxy.SQL_FUNC_EXISTS
 0001:000312A0       OdbcApi.TOdbcApiProxy.SQL_LEN_BINARY_ATTR
 0001:000312C0       OdbcApi.TOdbcApiProxy.SQL_LEN_DATA_AT_EXEC
 0001:000312E0       OdbcApi.TOdbcApiProxy.SQL_LOCK_RECORD
 0001:00031314       OdbcApi.TOdbcApiProxy.SQL_POSITION_TO
 0001:00031344       OdbcApi.TOdbcApiProxy.SQL_REFRESH_RECORD
 0001:00031378       OdbcApi.TOdbcApiProxy.SQL_UPDATE_RECORD
 0001:00030EE4       OdbcApi.TOdbcApiProxy.TraceCloseLogFile
 0001:00030F44       OdbcApi.TOdbcApiProxy.TraceOpenLogFile
 0001:00030FB8       OdbcApi.TOdbcApiProxy.TraceReturn
 0001:00031014       OdbcApi.TOdbcApiProxy.TraceVersion
 0001:00031070       OdbcApi.TOdbcApiProxy.TraceVSControl
 0001:000290E4       OdbcApi.TStringHash.Add
 0001:00029274       OdbcApi.TStringHash.BeginLock
 0001:00028FE8       OdbcApi.TStringHash.Clear
[...]
 21578 0001:0007E25D 21579 0001:0007E269 21580 0001:0007E28D 21550 0001:0007E293
 21588 0001:0007E2AC 21589 0001:0007E2B4 21590 0001:0007E2BC 21591 0001:0007E2C4
 21592 0001:0007E2CC 21593 0001:0007E2D4 21594 0001:0007E2DC 21595 0001:0007E2E4
 21596 0001:0007E2EC 21597 0001:0007E2F4 21598 0001:0007E2FC 21600 0001:0007E304
 21603 0001:0007E30D 21604 0001:0007E324 21607 0001:0007E33D 21611 0001:0007E374
 21612 0001:0007E3A3 21614 0001:0007E3B7 21618 0001:0007E5F0 21619 0001:0007E60F
 21620 0001:0007E65A 21621 0001:0007E668 21623 0001:0007E6AC 21625 0001:0007E6BA
 21627 0001:0007E6D3 21629 0001:0007E6EC 21631 0001:0007E705 21633 0001:0007E71E
 21635 0001:0007E734 21637 0001:0007E74A 21639 0001:0007E755 21641 0001:0007E760
 21643 0001:0007E76B 21645 0001:0007E781 21653 0001:0007E7B1 21654 0001:0007E7D4
 21656 0001:0007E7DD 21658 0001:0007E7FE 21660 0001:0007E801 21661 0001:0007E808
 21662 0001:0007E819 21663 0001:0007E81F 21667 0001:0007E856 21668 0001:0007E87F
 21670 0001:0007E8B1 21676 0001:0007E984 21677 0001:0007E98D 21678 0001:0007E9D8
 21683 0001:0007E9EE 21684 0001:0007E9F7 21686 0001:0007EA1C 21689 0001:0007EA3F
 21690 0001:0007EA68 21692 0001:0007EA9B 21696 0001:0007EB10 21697 0001:0007EB2F
 21698 0001:0007EB7A 21700 0001:0007EB80 21701 0001:0007EB86 21703 0001:0007EB98
 21704 0001:0007EBA6 21707 0001:0007EBAF 21708 0001:0007EBBA 21711 0001:0007EBC3
 21715 0001:0007EBF3 21717 0001:0007EC14 21719 0001:0007EC17 21720 0001:0007EC1E
 21721 0001:0007EC27 21722 0001:0007EC38 21723 0001:0007EC3E 21727 0001:0007EC75
 21728 0001:0007EC9E 21730 0001:0007ECEC 21734 0001:0007EDC4 21735 0001:0007EDE3
 21736 0001:0007EE2E 21738 0001:0007EE34 21739 0001:0007EE3A 21741 0001:0007EE4C
 21742 0001:0007EE5A 21745 0001:0007EE6B 21746 0001:0007EE7B 21750 0001:0007EE84
 21751 0001:0007EE94 21754 0001:0007EE9D 21758 0001:0007EECD 21760 0001:0007EEEE
 21762 0001:0007EEF1 21763 0001:0007EEFA 21764 0001:0007EF02 21765 0001:0007EF13
 21766 0001:0007EF19 21770 0001:0007EF50 21771 0001:0007EF79 21773 0001:0007EFC8
 21777 0001:0007F0A0 21779 0001:0007F0BF 21780 0001:0007F0C8 21781 0001:0007F0D4
 21782 0001:0007F0DA 21783 0001:0007F0F6 21785 0001:0007F11F 21787 0001:0007F125
 21788 0001:0007F12B 21790 0001:0007F13D 21791 0001:0007F14B 21795 0001:0007F194
 21798 0001:0007F1CD 21799 0001:0007F1D5 21800 0001:0007F1E1 21802 0001:0007F1F7
 21804 0001:0007F210 21808 0001:0007F21B 21811 0001:0007F24E 21812 0001:0007F256
 21813 0001:0007F262 21815 0001:0007F278 21817 0001:0007F291 21821 0001:0007F29C
 21822 0001:0007F2A8 21824 0001:0007F2BB 21825 0001:0007F2CF 21829 0001:0007F2DB
 21830 0001:0007F2EC 21834 0001:0007F2F8 21839 0001:0007F328 21840 0001:0007F32F
 21844 0001:0007F34B 21845 0001:0007F354 21850 0001:0007F35F 21851 0001:0007F370
 21857 0001:0007F37C 21858 0001:0007F38A 21859 0001:0007F391 21863 0001:0007F39A
 21865 0001:0007F3A3 21866 0001:0007F3AC 21870 0001:0007F3B4 21871 0001:0007F3C5
 21875 0001:0007F3CE 21879 0001:0007F3FE 21881 0001:0007F41F 21883 0001:0007F422
 21884 0001:0007F42B 21885 0001:0007F431 21886 0001:0007F442 21887 0001:0007F448
 21891 0001:0007F47F 21892 0001:0007F4A8 21894 0001:0007F4F4 21897 0001:0007F5D0
 21899 0001:0007F5F9 21900 0001:0007F602 21901 0001:0007F60E 21902 0001:0007F614
 21903 0001:0007F630 21905 0001:0007F659 21907 0001:0007F65F 21908 0001:0007F665
 21910 0001:0007F677 21911 0001:0007F685 21915 0001:0007F6CE 21918 0001:0007F707
 21919 0001:0007F70F 21920 0001:0007F71B 21922 0001:0007F731 21924 0001:0007F74A
 21928 0001:0007F757 21931 0001:0007F78A 21932 0001:0007F792 21933 0001:0007F79E
 21935 0001:0007F7B4 21937 0001:0007F7CD 21941 0001:0007F7DA 21942 0001:0007F7E6
 21944 0001:0007F7F9 21945 0001:0007F80D 21949 0001:0007F819 21950 0001:0007F82A
 21954 0001:0007F836 21959 0001:0007F866 21960 0001:0007F86D 21964 0001:0007F889
 21965 0001:0007F892 21970 0001:0007F89F 21971 0001:0007F8B0 21977 0001:0007F8BC
 21978 0001:0007F8CC 21979 0001:0007F8D5 21983 0001:0007F8DE 21985 0001:0007F8E7
 21986 0001:0007F8F0 21990 0001:0007F8FA 21991 0001:0007F90B 21995 0001:0007F914
 21999 0001:0007F944 22001 0001:0007F965 22003 0001:0007F968 22004 0001:0007F971
 22005 0001:0007F979 22006 0001:0007F98A 22007 0001:0007F990 22011 0001:0007F9C7
 22012 0001:0007F9F0 22014 0001:0007FA3C 22017 0001:0007FB24 22018 0001:0007FB2D
 22019 0001:0007FB5B 22020 0001:0007FB61 22022 0001:0007FB7B 22023 0001:0007FB93
 22026 0001:0007FB9B 22028 0001:0007FBBC 22029 0001:0007FBE5 22031 0001:0007FBF9
 22085 0001:0007FCBC 22086 0001:0007FCDA 22087 0001:0007FD02 22088 0001:0007FD13
 22089 0001:0007FD1D 22090 0001:0007FD27 22091 0001:0007FD30 22093 0001:0007FD3C
 22095 0001:0007FD61 22096 0001:0007FD8A 22098 0001:0007FD9E 22103 0001:0007FDF0
 22104 0001:0007FE04 22105 0001:0007FE2C 22107 0001:0007FE35 22108 0001:0007FE47
 22107 0001:0007FE5D 22109 0001:0007FE63 22111 0001:0007FE6E 22113 0001:0007FE97
 22114 0001:0007FEC0 22116 0001:0007FED4 22135 0001:0007FF1C 22136 0001:0007FF41
 22137 0001:0007FF9B 22138 0001:0007FFA0 22139 0001:0007FFA5 22140 0001:0007FFAA
 22141 0001:0007FFAF 22142 0001:0007FFB7 22145 0001:0007FFBC 22146 0001:0007FFC8
 22150 0001:00080002 22151 0001:0008000E 22155 0001:0008001C 22156 0001:00080021
 22157 0001:00080026 22159 0001:00080033 22160 0001:00080041 22161 0001:0008004D
 22164 0001:00080052 22175 0001:00080068 22179 0001:0008009D 22180 0001:000800B1
 22183 0001:000800B8 22188 0001:000800F2 22189 0001:000800F9 22191 0001:0008010A
 22192 0001:0008010F 22193 0001:0008011E 22194 0001:00080133 22195 0001:00080148
 22196 0001:0008015D 22198 0001:00080172 22199 0001:0008017A 22200 0001:00080182
 22201 0001:0008018C 22202 0001:0008019E 22204 0001:000801B0 22207 0001:000801BB
 22208 0001:000801C2 22210 0001:000801D3 22211 0001:000801F2 22213 0001:00080200
 22214 0001:00080206 22216 0001:00080224 22217 0001:0008022A 22219 0001:00080248
 22220 0001:0008024E 22222 0001:0008026C 22204 0001:0008027E 22226 0001:00080296
 22227 0001:0008029E 22228 0001:000802A6 22230 0001:000802AE 22233 0001:000802B7
 22234 0001:000802CB 22237 0001:000802E4 22241 0001:00080315 22243 0001:0008033E
 22245 0001:00080352 22249 0001:00080430 22250 0001:0008044F 22251 0001:0008049A
 22252 0001:000804A8 22254 0001:000804DC 22256 0001:000804EA 22258 0001:00080500
 22260 0001:00080516 22262 0001:0008052C 22264 0001:00080537 22266 0001:00080542
 22268 0001:0008054D 22276 0001:0008057D 22277 0001:000805A0 22279 0001:000805A9
 22281 0001:000805CA 22283 0001:000805CD 22284 0001:000805D4 22285 0001:000805E5
 22286 0001:000805EB 22290 0001:00080622 22291 0001:0008064B 22293 0001:0008067D
 22299 0001:0008075C 22300 0001:00080765 22301 0001:000807B0 22302 0001:000807C6
 22307 0001:000807E9 22308 0001:000807F2 22310 0001:00080817 22313 0001:0008083A
 22314 0001:00080863 22316 0001:00080896 22320 0001:0008090C 22321 0001:0008092B
 22322 0001:00080976 22324 0001:0008097C 22325 0001:00080982 22327 0001:00080994
 22328 0001:000809A2 22331 0001:000809B3 22332 0001:000809BE 22337 0001:000809C7
 22338 0001:000809D0 22341 0001:000809D9 22345 0001:00080A09 22347 0001:00080A2A
 22349 0001:00080A2D 22350 0001:00080A34 22351 0001:00080A45 22352 0001:00080A4B
 22356 0001:00080A82 22357 0001:00080AAB 22359 0001:00080AF9 22363 0001:00080BD8
 22364 0001:00080BF7 22365 0001:00080C42 22367 0001:00080C48 22368 0001:00080C4E
 22370 0001:00080C60 22371 0001:00080C6E 22374 0001:00080C7F 22375 0001:00080C87
 22379 0001:00080C90 22380 0001:00080C98 22383 0001:00080CA1 22387 0001:00080CD1
 22389 0001:00080CF2 22391 0001:00080CF5 22392 0001:00080CFC 22393 0001:00080D0D
 22394 0001:00080D13 22398 0001:00080D4A 22399 0001:00080D73 22401 0001:00080DC2
 22405 0001:00080EA4 22406 0001:00080EC3 22407 0001:00080F0E 22409 0001:00080F14
 22410 0001:00080F1A 22412 0001:00080F2C 22413 0001:00080F3A 22416 0001:00080F53
 22418 0001:00080F5F 22419 0001:00080F65 22423 0001:00080F73 22424 0001:00080F84
 22429 0001:00080F90 22431 0001:00080F9C 22432 0001:00080FA2 22436 0001:00080FAD
 22437 0001:00080FBE 22442 0001:00080FC7 22443 0001:00080FD8 22446 0001:00080FE1
 22450 0001:00081011 22452 0001:00081032 22454 0001:00081035 22455 0001:0008103B
 22456 0001:00081044 22457 0001:00081055 22458 0001:0008105B 22462 0001:00081092
 22463 0001:000810BB 22465 0001:00081107 22468 0001:000811E8 22469 0001:00081211
 22470 0001:0008125C 22472 0001:00081262 22473 0001:00081268 22475 0001:0008127A
 22476 0001:00081288 22479 0001:000812A1 22481 0001:000812AD 22482 0001:000812B5
 22486 0001:000812C3 22487 0001:000812D4 22492 0001:000812E0 22494 0001:000812EC
 22495 0001:000812F4 22499 0001:000812FF 22500 0001:00081310 22505 0001:00081319
 22506 0001:0008132A 22509 0001:00081333 22513 0001:00081363 22515 0001:00081384
 22517 0001:00081387 22518 0001:0008138F 22519 0001:00081398 22520 0001:000813A9
 22521 0001:000813AF 22525 0001:000813E6 22526 0001:0008140F 22528 0001:0008145B
 22531 0001:0008154C 22532 0001:00081555 22533 0001:00081583 22534 0001:00081589
 22537 0001:000815A3 22538 0001:000815BB 22541 0001:000815C3 22543 0001:000815E4
 22544 0001:0008160D 22546 0001:00081621 22713 0001:00081790 22714 0001:000817AE
 22715 0001:000817D6 22716 0001:000817E7 22717 0001:000817F1 22718 0001:000817FB
 22719 0001:00081804 22721 0001:00081810 22723 0001:00081835 22724 0001:0008185E
 22726 0001:00081872 22731 0001:000818CC 22732 0001:000818E0 22733 0001:00081908
 22735 0001:00081911 22736 0001:00081923 22735 0001:00081939 22737 0001:0008193F
 22739 0001:0008194A 22741 0001:00081953 22742 0001:00081965 22741 0001:0008197B
 22743 0001:00081981 22745 0001:0008198C 22747 0001:000819B5 22748 0001:000819DE
 22750 0001:000819F2 22816 0001:00081A3C 22817 0001:00081A58 22818 0001:00081A67
 22820 0001:00081A7D 22821 0001:00081A9F 22823 0001:00081AB0 22824 0001:00081ABF
 22826 0001:00081AC5 22827 0001:00081AD4 22828 0001:00081AE1 22830 0001:00081AE8
 22831 0001:00081B03 22832 0001:00081B09 22834 0001:00081B1C 22838 0001:00081B26
 22841 0001:00081B2E 22843 0001:00081B50 22844 0001:00081B7D 22848 0001:00081C36
 22849 0001:00081C3B 22850 0001:00081C40 22851 0001:00081C45 22852 0001:00081C4A
 22853 0001:00081C4F 22854 0001:00081C57 22857 0001:00081C5F 22858 0001:00081C6F
 22863 0001:00081D11 22864 0001:00081D20 22868 0001:00081D2E 22869 0001:00081D36
 22870 0001:00081D3E 22872 0001:00081D4B 22873 0001:00081D5C 22874 0001:00081D68
 22877 0001:00081D70 22879 0001:00081D89 22880 0001:00081D8D 22883 0001:00081D9A
 22886 0001:00081D9E 22888 0001:00081DA8 22890 0001:00081DB6 22891 0001:00081DD2
 22893 0001:00081DDD 22895 0001:00081DEB 22896 0001:00081E07 22898 0001:00081E12
 22900 0001:00081E28 22901 0001:00081E44 22903 0001:00081E56 22906 0001:00081E98
 22907 0001:00081EB0 22908 0001:00081EBD 22911 0001:00081EC8 22913 0001:00081ED3
 22915 0001:00081EE1 22916 0001:00081EFD 22920 0001:00081F08 22921 0001:00081F0E
 22922 0001:00081F16 22924 0001:00081F1B 22925 0001:00081F2A 22927 0001:00081F2F
 22928 0001:00081F41 22931 0001:00081F4B 22932 0001:00081F5B 22937 0001:00082003
 22942 0001:00082035 22943 0001:0008203C 22945 0001:0008204D 22946 0001:0008205C
 22947 0001:00082071 22948 0001:0008207E 22949 0001:00082093 22950 0001:000820A8
 22951 0001:000820BD 22952 0001:000820D5 22953 0001:000820ED 22955 0001:00082102
 22956 0001:00082117 22957 0001:0008212C 22958 0001:00082141 22964 0001:00082156
 22965 0001:0008215C 22966 0001:00082162 22967 0001:00082167 22970 0001:0008216C
 22971 0001:00082181 22972 0001:0008218F 22973 0001:000821A7 22975 0001:000821BA
 22976 0001:000821C1 22979 0001:000821CA 22980 0001:000821DC 22982 0001:000821EE
 22988 0001:00082203 22991 0001:0008220E 22992 0001:00082215 22998 0001:00082226
 22999 0001:0008222C 23001 0001:00082245 23002 0001:0008224D 23005 0001:00082284
 23010 0001:00082299 23014 0001:0008229E 23016 0001:000822A9 23017 0001:000822C8
 23018 0001:000822D9 23019 0001:000822EE 23021 0001:000822FF 23022 0001:0008230E
 23024 0001:00082336 23026 0001:00082343 23028 0001:00082352 23030 0001:00082361
 23032 0001:00082370 23037 0001:0008237D 23038 0001:00082383 23040 0001:00082392
 23042 0001:0008239E 23043 0001:000823A4 23045 0001:000823B2 23047 0001:000823C0
 23048 0001:000823C6 23051 0001:000823D5 23052 0001:000823E2 23054 0001:000823FC
 23056 0001:00082408 23059 0001:00082435 23060 0001:0008243F 23062 0001:0008247B
 23063 0001:0008248C 23064 0001:0008249D 23066 0001:000824AE 23067 0001:000824B5
 23069 0001:000824C3 23070 0001:000824CF 23071 0001:000824D5 23072 0001:000824D8
 23076 0001:000824FB 23077 0001:00082501 23078 0001:00082507 23080 0001:0008250C
 23083 0001:00082511 22988 0001:00082526 23094 0001:00082531 23100 0001:000825B0
 23106 0001:000825B8 23110 0001:00082627 23112 0001:00082631 23114 0001:0008263E
 23115 0001:0008264D 23120 0001:0008266B 23122 0001:00082675 23124 0001:00082681
 23125 0001:000826A6 23128 0001:000826B9 23129 0001:000826CC 23131 0001:000826FA
 23133 0001:0008271A 23134 0001:00082720 23135 0001:00082723 23136 0001:00082766
 23137 0001:00082777 23138 0001:00082786 23140 0001:000827B3 23142 0001:000827C2
 23144 0001:000827D1 23146 0001:000827E0 23148 0001:000827EF 23151 0001:000827FC
 23152 0001:00082826 23153 0001:00082850 23154 0001:00082865 23155 0001:00082877
 23156 0001:0008288B 23157 0001:00082897 23158 0001:000828A7 23161 0001:0008293B
 23162 0001:00082947 23164 0001:0008295C 23167 0001:00082971 23170 0001:00082986
 23172 0001:0008299B 23174 0001:000829B0 23176 0001:000829C5 23178 0001:000829DA
 23180 0001:000829EF 23182 0001:00082A04 23184 0001:00082A52 23186 0001:00082A67
 23188 0001:00082AC0 23190 0001:00082AD5 23192 0001:00082AEA 23194 0001:00082AFF
 23196 0001:00082B14 23198 0001:00082B29 23200 0001:00082B3E 23202 0001:00082B53
 23204 0001:00082B65 23206 0001:00082B77 23208 0001:00082B89 23210 0001:00082B9B
 23212 0001:00082BAD 23215 0001:00082BBF 23217 0001:00082BD1 23219 0001:00082BE1
 23220 0001:00082C1C 23221 0001:00082C37 23222 0001:00082C5A 23129 0001:00082C60
 23230 0001:00082C6C 23231 0001:00082C78 23235 0001:00082CAC 23236 0001:00082CB6
 23237 0001:00082CC0 23238 0001:00082CCA 23239 0001:00082CD4 23241 0001:00082CDE
 23243 0001:00082D01 23245 0001:00082D18 23246 0001:00082D24 23248 0001:00082D48
 23249 0001:00082D54 23251 0001:00082D78 23252 0001:00082D84 23253 0001:00082DA8
 23241 0001:00082DAE 23255 0001:00082DBA 23257 0001:00082DDD 23259 0001:00082DF4
 23260 0001:00082E00 23262 0001:00082E24 23263 0001:00082E30 23264 0001:00082E54
 23255 0001:00082E5A 23267 0001:00082E73 23268 0001:00082E7B 23269 0001:00082E83
 23270 0001:00082E8B 23271 0001:00082E93 23273 0001:00082E9B 23276 0001:00082EA4
 23277 0001:00082EBB 23280 0001:00082ED4 23284 0001:00082F08 23285 0001:00082F37
 23287 0001:00082F79 23291 0001:00083340 23292 0001:0008335F 23293 0001:000833AA
 23294 0001:000833B8 23296 0001:00083408 23298 0001:00083416 23300 0001:0008342F
 23302 0001:00083448 23304 0001:00083461 23306 0001:0008347A 23308 0001:00083488
 23310 0001:00083496 23312 0001:000834A1 23314 0001:000834B7 23316 0001:000834C2
 23318 0001:000834CD 23320 0001:000834D8 23322 0001:000834E3 23324 0001:000834EE
 23332 0001:0008351E 23333 0001:00083541 23335 0001:0008354A 23337 0001:0008356B
 23339 0001:0008356E 23340 0001:00083575 23341 0001:00083586 23342 0001:0008358C
 23346 0001:000835C3 23347 0001:000835EC 23349 0001:0008361E 23355 0001:00083708
 23356 0001:00083711 23357 0001:0008375C 23358 0001:00083772 23362 0001:00083795
 23363 0001:0008379E 23365 0001:000837C3 23368 0001:000837E6 23369 0001:0008380F
 23371 0001:00083842 23375 0001:000838C0 23376 0001:000838DF 23377 0001:0008392A
 23379 0001:00083930 23380 0001:00083936 23382 0001:00083948 23383 0001:00083956
 23386 0001:0008396D 23387 0001:00083978 23391 0001:00083981 23392 0001:0008398F
 23396 0001:00083998 23397 0001:000839A6 23400 0001:000839AF 23404 0001:000839DF
 23406 0001:00083A00 23408 0001:00083A03 23409 0001:00083A0A 23410 0001:00083A13
 23411 0001:00083A24 23412 0001:00083A2A 23416 0001:00083A61 23417 0001:00083A8A
 23419 0001:00083AD8 23423 0001:00083BBC 23424 0001:00083BDB 23425 0001:00083C26
 23427 0001:00083C2C 23428 0001:00083C32 23430 0001:00083C44 23431 0001:00083C52
 23434 0001:00083C8D 23435 0001:00083C9D 23439 0001:00083CA9 23440 0001:00083CB9
 23444 0001:00083CC5 23445 0001:00083CD5 23449 0001:00083CDE 23450 0001:00083CEE
 23454 0001:00083CF7 23455 0001:00083D07 23459 0001:00083D10 23460 0001:00083D20
 23463 0001:00083D29 23467 0001:00083D59 23469 0001:00083D7A 23471 0001:00083D7D
 23472 0001:00083D85 23473 0001:00083D8E 23474 0001:00083D9F 23475 0001:00083DA5
 23479 0001:00083DDC 23480 0001:00083E05 23482 0001:00083E54 23486 0001:00083F38
 23487 0001:00083F57 23488 0001:00083FA2 23490 0001:00083FA8 23491 0001:00083FAE
 23493 0001:00083FC0 23494 0001:00083FCE 23497 0001:0008400A 23498 0001:00084023
 23499 0001:0008402B 23501 0001:00084044 23505 0001:0008404F 23506 0001:00084068
 23507 0001:00084070 23509 0001:00084089 23513 0001:00084094 23514 0001:000840AD
 23515 0001:000840B5 23517 0001:000840CE 23521 0001:000840D9 23522 0001:000840EF
 23523 0001:000840F7 23525 0001:0008410A 23529 0001:00084112 23530 0001:00084128
 23531 0001:00084130 23533 0001:00084143 23536 0001:0008414B 23540 0001:0008417B
 23542 0001:0008419C 23544 0001:0008419F 23545 0001:000841A5 23546 0001:000841AE
 23547 0001:000841BF 23548 0001:000841C5 23552 0001:000841FC 23553 0001:00084225
 23555 0001:00084271 23558 0001:00084354 23559 0001:0008437D 23560 0001:000843C8
 23562 0001:000843CE 23563 0001:000843D4 23565 0001:000843E6 23566 0001:000843F4
 23569 0001:00084430 23570 0001:00084449 23571 0001:00084451 23573 0001:0008446A
 23577 0001:00084477 23578 0001:00084490 23579 0001:00084498 23581 0001:000844B1
 23585 0001:000844BE 23586 0001:000844D7 23587 0001:000844DF 23589 0001:000844F8
 23593 0001:00084505 23594 0001:0008451B 23595 0001:00084523 23597 0001:00084536
 23601 0001:00084540 23602 0001:00084556 23603 0001:0008455E 23605 0001:00084571
 23608 0001:0008457B 23612 0001:000845AB 23614 0001:000845CC 23616 0001:000845CF
 23617 0001:000845D7 23618 0001:000845E0 23619 0001:000845F1 23620 0001:000845F7
 23624 0001:0008462E 23625 0001:00084657 23627 0001:000846A3 23630 0001:00084798
 23631 0001:000847A1 23632 0001:000847CF 23633 0001:000847D5 23635 0001:000847EF
 23636 0001:00084807 23639 0001:0008480F 23641 0001:00084830 23642 0001:00084859
 23644 0001:0008486D 23651 0001:000848AC 23652 0001:000848BB 23654 0001:000848C8
 23655 0001:000848D0 23656 0001:000848D9 23658 0001:000848E1 23659 0001:000848EA
 23661 0001:000848F8 23662 0001:00084901 23663 0001:0008490A 23665 0001:00084917
 23667 0001:0008491D 23672 0001:00084924 23675 0001:0008492F 23676 0001:00084938
 23677 0001:00084947 23678 0001:00084951 23680 0001:0008495E 23673 0001:00084964
 23684 0001:0008496D 23686 0001:00084975 23687 0001:0008497D 23690 0001:00084984
 23691 0001:00084995 23692 0001:0008499D 23693 0001:000849AB 23696 0001:000849C0
 23697 0001:000849C9 23698 0001:000849D8 23704 0001:000849E4 23705 0001:000849F0
 23707 0001:000849F8 23708 0001:00084A00 23709 0001:00084A09 23712 0001:00084A0F
 23714 0001:00084A22 23716 0001:00084A2E 23709 0001:00084A37 23718 0001:00084A3D
 23723 0001:00084A44 23724 0001:00084A67 23725 0001:00084A75 23744 0001:00084A84
 23751 0001:00084A90 23752 0001:00084AB2 23754 0001:00084ACB 23758 0001:00084ADB
 23759 0001:00084AE9 23760 0001:00084AF2 23762 0001:00084AF8 23763 0001:00084AFD
 23764 0001:00084B1A 23766 0001:00084B20 23767 0001:00084B2A 23769 0001:00084B35
 23760 0001:00084B3E 23772 0001:00084B44 23778 0001:00084B6C 23781 0001:00084B76
 23787 0001:00084B78 23790 0001:00084B82 23816 0001:00084B84 23825 0001:00084BA1

Line numbers for DbxOpenOdbc(DbxOpenOdbc.pas) segment .itext

 23792 0002:00000554 23794 0002:00000567 23796 0002:0000056F 23797 0002:00000594
 23798 0002:000005B9 23799 0002:000005DE 23800 0002:00000603 23802 0002:00000628
 23803 0002:00000634 23815 0002:00000640

Line numbers for dbxoodbc(dbxoodbc.dpr) segment .itext

    55 0002:0000070C    57 0002:0000071C

Bound resource files

dbxoodbc.res
C:\TEMP\dtf9C.tmp


Program entry point at 0002:0000070C
